-- The C compiler identification is GNU 11.4.0
-- The CXX compiler identification is GNU 11.4.0
-- Detecting C compiler ABI info
-- Detecting C compiler ABI info - done
-- Check for working C compiler: /usr/bin/cc - skipped
-- Detecting C compile features
-- Detecting C compile features - done
-- Detecting CXX compiler ABI info
-- Detecting CXX compiler ABI info - done
-- Check for working CXX compiler: /usr/bin/c++ - skipped
-- Detecting CXX compile features
-- Detecting CXX compile features - done
-- Found ament_cmake: 1.3.11 (/opt/ros/humble/share/ament_cmake/cmake)
-- Found Python3: /usr/bin/python3 (found version "3.10.12") found components: Interpreter 
-- Override CMake install command with custom implementation using symlinks instead of copying resources
-- Found rclpy: 3.3.16 (/opt/ros/humble/share/rclpy/cmake)
-- Found ament_lint_auto: 0.12.12 (/opt/ros/humble/share/ament_lint_auto/cmake)
-- Added test 'copyright' to check source files copyright and LICENSE
-- Added test 'flake8' to check Python code syntax and style conventions
-- Added test 'lint_cmake' to check CMake code style
-- Added test 'pep257' to check Python code against some of the docstring style conventions in PEP 257
-- Added test 'xmllint' to check XML markup files
-- Configuring done
-- Generating done
-- Build files have been written to: /home/jetson/yahboomcar_ros2_ws_new/yahboomcar_ws/build/arm_mediapipe
Built target ament_cmake_python_symlink_arm_mediapipe
running egg_info
creating arm_mediapipe.egg-info
writing arm_mediapipe.egg-info/PKG-INFO
writing dependency_links to arm_mediapipe.egg-info/dependency_links.txt
writing top-level names to arm_mediapipe.egg-info/top_level.txt
writing manifest file 'arm_mediapipe.egg-info/SOURCES.txt'
reading manifest file 'arm_mediapipe.egg-info/SOURCES.txt'
writing manifest file 'arm_mediapipe.egg-info/SOURCES.txt'
Built target ament_cmake_python_build_arm_mediapipe_egg
-- Install configuration: ""
-- Execute custom install script
-- Symlinking: /home/jetson/yahboomcar_ros2_ws_new/yahboomcar_ws/install/arm_mediapipe/share/arm_mediapipe/environment/pythonpath.sh
-- Symlinking: /home/jetson/yahboomcar_ros2_ws_new/yahboomcar_ws/install/arm_mediapipe/share/arm_mediapipe/environment/pythonpath.dsv
-- Symlinking: /home/jetson/yahboomcar_ros2_ws_new/yahboomcar_ws/install/arm_mediapipe/local/lib/python3.10/dist-packages/arm_mediapipe-0.1.0-py3.10.egg-info/PKG-INFO
-- Symlinking: /home/jetson/yahboomcar_ros2_ws_new/yahboomcar_ws/install/arm_mediapipe/local/lib/python3.10/dist-packages/arm_mediapipe-0.1.0-py3.10.egg-info/SOURCES.txt
-- Symlinking: /home/jetson/yahboomcar_ros2_ws_new/yahboomcar_ws/install/arm_mediapipe/local/lib/python3.10/dist-packages/arm_mediapipe-0.1.0-py3.10.egg-info/dependency_links.txt
-- Symlinking: /home/jetson/yahboomcar_ros2_ws_new/yahboomcar_ws/install/arm_mediapipe/local/lib/python3.10/dist-packages/arm_mediapipe-0.1.0-py3.10.egg-info/top_level.txt
-- Symlinking: /home/jetson/yahboomcar_ros2_ws_new/yahboomcar_ws/install/arm_mediapipe/local/lib/python3.10/dist-packages/arm_mediapipe/ArmCtrl.py
-- Symlinking: /home/jetson/yahboomcar_ros2_ws_new/yahboomcar_ws/install/arm_mediapipe/local/lib/python3.10/dist-packages/arm_mediapipe/__init__.py
-- Symlinking: /home/jetson/yahboomcar_ros2_ws_new/yahboomcar_ws/install/arm_mediapipe/local/lib/python3.10/dist-packages/arm_mediapipe/media_library.py
-- Symlinking: /home/jetson/yahboomcar_ros2_ws_new/yahboomcar_ws/install/arm_mediapipe/lib/arm_mediapipe/ArmCtrl.py
