[5.078s] Invoking command in '/home/jetson/yahboomcar_ros2_ws_new/yahboomcar_ws/build/yahboomcar_multi': PYTHONPATH=/home/jetson/yahboomcar_ros2_ws_new/yahboomcar_ws/build/yahboomcar_multi/prefix_override:/usr/lib/python3/dist-packages/colcon_core/task/python/colcon_distutils_commands:/home/jetson/yahboomcar_ros2_ws_new/yahboomcar_ws/install/yahboomcar_multi/lib/python3.10/site-packages:${PYTHONPATH} /usr/bin/python3 -W ignore:setup.py install is deprecated -W ignore:easy_install command is deprecated setup.py develop --editable --build-directory /home/jetson/yahboomcar_ros2_ws_new/yahboomcar_ws/build/yahboomcar_multi/build --no-deps symlink_data
[6.755s] running develop
[8.454s] running egg_info
[8.532s] creating yahboomcar_multi.egg-info
[8.544s] writing yahboomcar_multi.egg-info/PKG-INFO
[8.545s] writing dependency_links to yahboomcar_multi.egg-info/dependency_links.txt
[8.545s] writing entry points to yahboomcar_multi.egg-info/entry_points.txt
[8.547s] writing requirements to yahboomcar_multi.egg-info/requires.txt
[8.547s] writing top-level names to yahboomcar_multi.egg-info/top_level.txt
[8.547s] writing manifest file 'yahboomcar_multi.egg-info/SOURCES.txt'
[8.768s] reading manifest file 'yahboomcar_multi.egg-info/SOURCES.txt'
[8.772s] writing manifest file 'yahboomcar_multi.egg-info/SOURCES.txt'
[8.895s] running build_ext
[8.895s] Creating /home/jetson/yahboomcar_ros2_ws_new/yahboomcar_ws/install/yahboomcar_multi/lib/python3.10/site-packages/yahboomcar-multi.egg-link (link to .)
[8.897s] Installing listenline script to /home/jetson/yahboomcar_ros2_ws_new/yahboomcar_ws/install/yahboomcar_multi/lib/yahboomcar_multi
[8.911s] Installing queue script to /home/jetson/yahboomcar_ros2_ws_new/yahboomcar_ws/install/yahboomcar_multi/lib/yahboomcar_multi
[8.913s] Installing yahboomcar_R2_ctrl script to /home/jetson/yahboomcar_ros2_ws_new/yahboomcar_ws/install/yahboomcar_multi/lib/yahboomcar_multi
[8.913s] Installing yahboomcar_X3_ctrl script to /home/jetson/yahboomcar_ros2_ws_new/yahboomcar_ws/install/yahboomcar_multi/lib/yahboomcar_multi
[8.913s] 
[8.913s] Installed /home/jetson/yahboomcar_ros2_ws_new/yahboomcar_ws/build/yahboomcar_multi
[8.913s] running symlink_data
[8.916s] creating /home/jetson/yahboomcar_ros2_ws_new/yahboomcar_ws/install/yahboomcar_multi/share/ament_index/resource_index/packages
[8.916s] symbolically linking /home/jetson/yahboomcar_ros2_ws_new/yahboomcar_ws/build/yahboomcar_multi/resource/yahboomcar_multi -> /home/jetson/yahboomcar_ros2_ws_new/yahboomcar_ws/install/yahboomcar_multi/share/ament_index/resource_index/packages
[8.916s] symbolically linking /home/jetson/yahboomcar_ros2_ws_new/yahboomcar_ws/build/yahboomcar_multi/package.xml -> /home/jetson/yahboomcar_ros2_ws_new/yahboomcar_ws/install/yahboomcar_multi/share/yahboomcar_multi
[8.916s] creating /home/jetson/yahboomcar_ros2_ws_new/yahboomcar_ws/install/yahboomcar_multi/share/yahboomcar_multi/launch
[8.917s] symbolically linking /home/jetson/yahboomcar_ros2_ws_new/yahboomcar_ws/build/yahboomcar_multi/launch/multi_queue_launch.py -> /home/jetson/yahboomcar_ros2_ws_new/yahboomcar_ws/install/yahboomcar_multi/share/yahboomcar_multi/launch
[8.917s] symbolically linking /home/jetson/yahboomcar_ros2_ws_new/yahboomcar_ws/build/yahboomcar_multi/launch/R2_nav_robot1_launch.py -> /home/jetson/yahboomcar_ros2_ws_new/yahboomcar_ws/install/yahboomcar_multi/share/yahboomcar_multi/launch
[8.917s] symbolically linking /home/jetson/yahboomcar_ros2_ws_new/yahboomcar_ws/build/yahboomcar_multi/launch/R2_amcl_robot1_launch.py -> /home/jetson/yahboomcar_ros2_ws_new/yahboomcar_ws/install/yahboomcar_multi/share/yahboomcar_multi/launch
[8.918s] symbolically linking /home/jetson/yahboomcar_ros2_ws_new/yahboomcar_ws/build/yahboomcar_multi/launch/X3_A1_bringup_multi.launch.xml -> /home/jetson/yahboomcar_ros2_ws_new/yahboomcar_ws/install/yahboomcar_multi/share/yahboomcar_multi/launch
[8.924s] symbolically linking /home/jetson/yahboomcar_ros2_ws_new/yahboomcar_ws/build/yahboomcar_multi/launch/X3_amcl_robot2_launch.py -> /home/jetson/yahboomcar_ros2_ws_new/yahboomcar_ws/install/yahboomcar_multi/share/yahboomcar_multi/launch
[8.925s] symbolically linking /home/jetson/yahboomcar_ros2_ws_new/yahboomcar_ws/build/yahboomcar_multi/launch/X3_bringup_multi_ctrl.launch.xml -> /home/jetson/yahboomcar_ros2_ws_new/yahboomcar_ws/install/yahboomcar_multi/share/yahboomcar_multi/launch
[8.925s] symbolically linking /home/jetson/yahboomcar_ros2_ws_new/yahboomcar_ws/build/yahboomcar_multi/launch/R2_4ROS_bringup_multi.launch.xml -> /home/jetson/yahboomcar_ros2_ws_new/yahboomcar_ws/install/yahboomcar_multi/share/yahboomcar_multi/launch
[8.926s] symbolically linking /home/jetson/yahboomcar_ros2_ws_new/yahboomcar_ws/build/yahboomcar_multi/launch/S2_multi.launch.xml -> /home/jetson/yahboomcar_ros2_ws_new/yahboomcar_ws/install/yahboomcar_multi/share/yahboomcar_multi/launch
[8.926s] symbolically linking /home/jetson/yahboomcar_ros2_ws_new/yahboomcar_ws/build/yahboomcar_multi/launch/X3_amcl_robot1_launch.py -> /home/jetson/yahboomcar_ros2_ws_new/yahboomcar_ws/install/yahboomcar_multi/share/yahboomcar_multi/launch
[8.927s] symbolically linking /home/jetson/yahboomcar_ros2_ws_new/yahboomcar_ws/build/yahboomcar_multi/launch/X3_bringup_multi.launch.xml -> /home/jetson/yahboomcar_ros2_ws_new/yahboomcar_ws/install/yahboomcar_multi/share/yahboomcar_multi/launch
[8.928s] symbolically linking /home/jetson/yahboomcar_ros2_ws_new/yahboomcar_ws/build/yahboomcar_multi/launch/bringup_multi.launch.xml -> /home/jetson/yahboomcar_ros2_ws_new/yahboomcar_ws/install/yahboomcar_multi/share/yahboomcar_multi/launch
[8.929s] symbolically linking /home/jetson/yahboomcar_ros2_ws_new/yahboomcar_ws/build/yahboomcar_multi/launch/R2_amcl_robot2_launch.py -> /home/jetson/yahboomcar_ros2_ws_new/yahboomcar_ws/install/yahboomcar_multi/share/yahboomcar_multi/launch
[8.929s] symbolically linking /home/jetson/yahboomcar_ros2_ws_new/yahboomcar_ws/build/yahboomcar_multi/launch/map_server.launch.xml -> /home/jetson/yahboomcar_ros2_ws_new/yahboomcar_ws/install/yahboomcar_multi/share/yahboomcar_multi/launch
[8.929s] symbolically linking /home/jetson/yahboomcar_ros2_ws_new/yahboomcar_ws/build/yahboomcar_multi/launch/R2_nav_robot2_launch.py -> /home/jetson/yahboomcar_ros2_ws_new/yahboomcar_ws/install/yahboomcar_multi/share/yahboomcar_multi/launch
[8.930s] symbolically linking /home/jetson/yahboomcar_ros2_ws_new/yahboomcar_ws/build/yahboomcar_multi/launch/R2_bringup_multi_ctrl.launch.xml -> /home/jetson/yahboomcar_ros2_ws_new/yahboomcar_ws/install/yahboomcar_multi/share/yahboomcar_multi/launch
[8.930s] symbolically linking /home/jetson/yahboomcar_ros2_ws_new/yahboomcar_ws/build/yahboomcar_multi/launch/X3_nav_robot1_launch.py -> /home/jetson/yahboomcar_ros2_ws_new/yahboomcar_ws/install/yahboomcar_multi/share/yahboomcar_multi/launch
[8.939s] symbolically linking /home/jetson/yahboomcar_ros2_ws_new/yahboomcar_ws/build/yahboomcar_multi/launch/R2_A1_bringup_multi.launch.xml -> /home/jetson/yahboomcar_ros2_ws_new/yahboomcar_ws/install/yahboomcar_multi/share/yahboomcar_multi/launch
[8.940s] symbolically linking /home/jetson/yahboomcar_ros2_ws_new/yahboomcar_ws/build/yahboomcar_multi/launch/bringup_launch.py -> /home/jetson/yahboomcar_ros2_ws_new/yahboomcar_ws/install/yahboomcar_multi/share/yahboomcar_multi/launch
[8.940s] symbolically linking /home/jetson/yahboomcar_ros2_ws_new/yahboomcar_ws/build/yahboomcar_multi/launch/X3_nav_robot2_launch.py -> /home/jetson/yahboomcar_ros2_ws_new/yahboomcar_ws/install/yahboomcar_multi/share/yahboomcar_multi/launch
[8.941s] symbolically linking /home/jetson/yahboomcar_ros2_ws_new/yahboomcar_ws/build/yahboomcar_multi/launch/navigation_launch.py -> /home/jetson/yahboomcar_ros2_ws_new/yahboomcar_ws/install/yahboomcar_multi/share/yahboomcar_multi/launch
[8.941s] symbolically linking /home/jetson/yahboomcar_ros2_ws_new/yahboomcar_ws/build/yahboomcar_multi/launch/X3_joy_ctrl.launch.py -> /home/jetson/yahboomcar_ros2_ws_new/yahboomcar_ws/install/yahboomcar_multi/share/yahboomcar_multi/launch
[8.942s] symbolically linking /home/jetson/yahboomcar_ros2_ws_new/yahboomcar_ws/build/yahboomcar_multi/launch/map_server_launch.py -> /home/jetson/yahboomcar_ros2_ws_new/yahboomcar_ws/install/yahboomcar_multi/share/yahboomcar_multi/launch
[8.942s] symbolically linking /home/jetson/yahboomcar_ros2_ws_new/yahboomcar_ws/build/yahboomcar_multi/launch/A1_multi.launch.xml -> /home/jetson/yahboomcar_ros2_ws_new/yahboomcar_ws/install/yahboomcar_multi/share/yahboomcar_multi/launch
[8.943s] symbolically linking /home/jetson/yahboomcar_ros2_ws_new/yahboomcar_ws/build/yahboomcar_multi/launch/R2_bringup_multi.launch.xml -> /home/jetson/yahboomcar_ros2_ws_new/yahboomcar_ws/install/yahboomcar_multi/share/yahboomcar_multi/launch
[8.943s] symbolically linking /home/jetson/yahboomcar_ros2_ws_new/yahboomcar_ws/build/yahboomcar_multi/launch/X3_S2_bringup_multi.launch.xml -> /home/jetson/yahboomcar_ros2_ws_new/yahboomcar_ws/install/yahboomcar_multi/share/yahboomcar_multi/launch
[8.943s] symbolically linking /home/jetson/yahboomcar_ros2_ws_new/yahboomcar_ws/build/yahboomcar_multi/launch/R2_joy_ctrl.launch.py -> /home/jetson/yahboomcar_ros2_ws_new/yahboomcar_ws/install/yahboomcar_multi/share/yahboomcar_multi/launch
[8.944s] symbolically linking /home/jetson/yahboomcar_ros2_ws_new/yahboomcar_ws/build/yahboomcar_multi/launch/4ROS_multi.launch.xml -> /home/jetson/yahboomcar_ros2_ws_new/yahboomcar_ws/install/yahboomcar_multi/share/yahboomcar_multi/launch
[8.945s] creating /home/jetson/yahboomcar_ros2_ws_new/yahboomcar_ws/install/yahboomcar_multi/share/yahboomcar_multi/param
[8.945s] symbolically linking /home/jetson/yahboomcar_ros2_ws_new/yahboomcar_ws/build/yahboomcar_multi/param/X3_ekf_robot1.yaml -> /home/jetson/yahboomcar_ros2_ws_new/yahboomcar_ws/install/yahboomcar_multi/share/yahboomcar_multi/param
[8.945s] symbolically linking /home/jetson/yahboomcar_ros2_ws_new/yahboomcar_ws/build/yahboomcar_multi/param/R2_ekf_robot1.yaml -> /home/jetson/yahboomcar_ros2_ws_new/yahboomcar_ws/install/yahboomcar_multi/share/yahboomcar_multi/param
[8.946s] symbolically linking /home/jetson/yahboomcar_ros2_ws_new/yahboomcar_ws/build/yahboomcar_multi/param/X3_ekf_robot2.yaml -> /home/jetson/yahboomcar_ros2_ws_new/yahboomcar_ws/install/yahboomcar_multi/share/yahboomcar_multi/param
[8.947s] symbolically linking /home/jetson/yahboomcar_ros2_ws_new/yahboomcar_ws/build/yahboomcar_multi/param/R2_amcl_robot2.yaml -> /home/jetson/yahboomcar_ros2_ws_new/yahboomcar_ws/install/yahboomcar_multi/share/yahboomcar_multi/param
[8.947s] symbolically linking /home/jetson/yahboomcar_ros2_ws_new/yahboomcar_ws/build/yahboomcar_multi/param/R2_ekf_robot2.yaml -> /home/jetson/yahboomcar_ros2_ws_new/yahboomcar_ws/install/yahboomcar_multi/share/yahboomcar_multi/param
[8.948s] symbolically linking /home/jetson/yahboomcar_ros2_ws_new/yahboomcar_ws/build/yahboomcar_multi/param/R2_nav_robot1.yaml -> /home/jetson/yahboomcar_ros2_ws_new/yahboomcar_ws/install/yahboomcar_multi/share/yahboomcar_multi/param
[8.948s] symbolically linking /home/jetson/yahboomcar_ros2_ws_new/yahboomcar_ws/build/yahboomcar_multi/param/X3_nav_robot1.yaml -> /home/jetson/yahboomcar_ros2_ws_new/yahboomcar_ws/install/yahboomcar_multi/share/yahboomcar_multi/param
[8.948s] symbolically linking /home/jetson/yahboomcar_ros2_ws_new/yahboomcar_ws/build/yahboomcar_multi/param/X3_amcl_robot2.yaml -> /home/jetson/yahboomcar_ros2_ws_new/yahboomcar_ws/install/yahboomcar_multi/share/yahboomcar_multi/param
[8.954s] symbolically linking /home/jetson/yahboomcar_ros2_ws_new/yahboomcar_ws/build/yahboomcar_multi/param/R2_nav_robot2.yaml -> /home/jetson/yahboomcar_ros2_ws_new/yahboomcar_ws/install/yahboomcar_multi/share/yahboomcar_multi/param
[8.956s] symbolically linking /home/jetson/yahboomcar_ros2_ws_new/yahboomcar_ws/build/yahboomcar_multi/param/X3_amcl_robot1.yaml -> /home/jetson/yahboomcar_ros2_ws_new/yahboomcar_ws/install/yahboomcar_multi/share/yahboomcar_multi/param
[8.956s] symbolically linking /home/jetson/yahboomcar_ros2_ws_new/yahboomcar_ws/build/yahboomcar_multi/param/X3_nav_robot2.yaml -> /home/jetson/yahboomcar_ros2_ws_new/yahboomcar_ws/install/yahboomcar_multi/share/yahboomcar_multi/param
[8.957s] symbolically linking /home/jetson/yahboomcar_ros2_ws_new/yahboomcar_ws/build/yahboomcar_multi/param/R2_amcl_robot1.yaml -> /home/jetson/yahboomcar_ros2_ws_new/yahboomcar_ws/install/yahboomcar_multi/share/yahboomcar_multi/param
[8.957s] creating /home/jetson/yahboomcar_ros2_ws_new/yahboomcar_ws/install/yahboomcar_multi/share/yahboomcar_multi/maps
[8.957s] symbolically linking /home/jetson/yahboomcar_ros2_ws_new/yahboomcar_ws/build/yahboomcar_multi/maps/yahboomcar.yaml -> /home/jetson/yahboomcar_ros2_ws_new/yahboomcar_ws/install/yahboomcar_multi/share/yahboomcar_multi/maps
[8.967s] symbolically linking /home/jetson/yahboomcar_ros2_ws_new/yahboomcar_ws/build/yahboomcar_multi/maps/yahboomcar.pgm -> /home/jetson/yahboomcar_ros2_ws_new/yahboomcar_ws/install/yahboomcar_multi/share/yahboomcar_multi/maps
[9.234s] Invoked command in '/home/jetson/yahboomcar_ros2_ws_new/yahboomcar_ws/build/yahboomcar_multi' returned '0': PYTHONPATH=/home/jetson/yahboomcar_ros2_ws_new/yahboomcar_ws/build/yahboomcar_multi/prefix_override:/usr/lib/python3/dist-packages/colcon_core/task/python/colcon_distutils_commands:/home/jetson/yahboomcar_ros2_ws_new/yahboomcar_ws/install/yahboomcar_multi/lib/python3.10/site-packages:${PYTHONPATH} /usr/bin/python3 -W ignore:setup.py install is deprecated -W ignore:easy_install command is deprecated setup.py develop --editable --build-directory /home/jetson/yahboomcar_ros2_ws_new/yahboomcar_ws/build/yahboomcar_multi/build --no-deps symlink_data
