[0.298s] colcon DEBUG Command line arguments: ['/usr/bin/colcon', 'build', '--symlink-install', '--packages-select', 'arm_autopilot']
[0.298s] colcon DEBUG Parsed command line arguments: Namespace(log_base=None, log_level=None, verb_name='build', build_base='build', install_base='install', merge_install=False, symlink_install=True, test_result_base=None, continue_on_error=False, executor='parallel', parallel_workers=6, event_handlers=None, ignore_user_meta=False, metas=['./colcon.meta'], base_paths=['.'], packages_ignore=None, packages_ignore_regex=None, paths=None, packages_up_to=None, packages_up_to_regex=None, packages_above=None, packages_above_and_dependencies=None, packages_above_depth=None, packages_select_by_dep=None, packages_skip_by_dep=None, packages_skip_up_to=None, packages_select_build_failed=False, packages_skip_build_finished=False, packages_select_test_failures=False, packages_skip_test_passed=False, packages_select=['arm_autopilot'], packages_skip=None, packages_select_regex=None, packages_skip_regex=None, packages_start=None, packages_end=None, allow_overriding=[], cmake_args=None, cmake_target=None, cmake_target_skip_unavailable=False, cmake_clean_cache=False, cmake_clean_first=False, cmake_force_configure=False, ament_cmake_args=None, catkin_cmake_args=None, catkin_skip_building_tests=False, mixin_files=None, mixin=None, verb_parser=<colcon_mixin.mixin.mixin_argument.MixinArgumentDecorator object at 0xffffa6c36200>, verb_extension=<colcon_core.verb.build.BuildVerb object at 0xffffa6c35cf0>, main=<bound method BuildVerb.main of <colcon_core.verb.build.BuildVerb object at 0xffffa6c35cf0>>, mixin_verb=('build',))
[0.377s] colcon.colcon_core.package_discovery Level 1 discover_packages(colcon_meta) check parameters
[0.377s] colcon.colcon_core.package_discovery Level 1 discover_packages(recursive) check parameters
[0.377s] colcon.colcon_core.package_discovery Level 1 discover_packages(ignore) check parameters
[0.377s] colcon.colcon_core.package_discovery Level 1 discover_packages(path) check parameters
[0.377s] colcon.colcon_core.package_discovery Level 1 discover_packages(colcon_meta) discover
[0.378s] colcon.colcon_core.package_discovery Level 1 discover_packages(recursive) discover
[0.378s] colcon.colcon_core.package_discovery INFO Crawling recursively for packages in '/home/jetson/yahboomcar_ros2_ws_new/yahboomcar_ws'
[0.378s] colcon.colcon_core.package_identification Level 1 _identify(.) by extensions ['ignore', 'ignore_ament_install']
[0.378s] colcon.colcon_core.package_identification Level 1 _identify(.) by extension 'ignore'
[0.379s] colcon.colcon_core.package_identification Level 1 _identify(.) by extension 'ignore_ament_install'
[0.379s] colcon.colcon_core.package_identification Level 1 _identify(.) by extensions ['colcon_pkg']
[0.379s] colcon.colcon_core.package_identification Level 1 _identify(.) by extension 'colcon_pkg'
[0.379s] colcon.colcon_core.package_identification Level 1 _identify(.) by extensions ['colcon_meta']
[0.379s] colcon.colcon_core.package_identification Level 1 _identify(.) by extension 'colcon_meta'
[0.379s] colcon.colcon_core.package_identification Level 1 _identify(.) by extensions ['ros']
[0.379s] colcon.colcon_core.package_identification Level 1 _identify(.) by extension 'ros'
[0.405s] colcon.colcon_core.package_identification Level 1 _identify(.) by extensions ['cmake', 'python']
[0.406s] colcon.colcon_core.package_identification Level 1 _identify(.) by extension 'cmake'
[0.406s] colcon.colcon_core.package_identification Level 1 _identify(.) by extension 'python'
[0.406s] colcon.colcon_core.package_identification Level 1 _identify(.) by extensions ['python_setup_py']
[0.406s] colcon.colcon_core.package_identification Level 1 _identify(.) by extension 'python_setup_py'
[0.406s] colcon.colcon_core.package_identification Level 1 _identify(build) by extensions ['ignore', 'ignore_ament_install']
[0.406s] colcon.colcon_core.package_identification Level 1 _identify(build) by extension 'ignore'
[0.407s] colcon.colcon_core.package_identification Level 1 _identify(build) ignored
[0.407s] colcon.colcon_core.package_identification Level 1 _identify(install) by extensions ['ignore', 'ignore_ament_install']
[0.407s] colcon.colcon_core.package_identification Level 1 _identify(install) by extension 'ignore'
[0.407s] colcon.colcon_core.package_identification Level 1 _identify(install) ignored
[0.407s] colcon.colcon_core.package_identification Level 1 _identify(log) by extensions ['ignore', 'ignore_ament_install']
[0.408s] colcon.colcon_core.package_identification Level 1 _identify(log) by extension 'ignore'
[0.408s] colcon.colcon_core.package_identification Level 1 _identify(log) ignored
[0.408s] colcon.colcon_core.package_identification Level 1 _identify(src) by extensions ['ignore', 'ignore_ament_install']
[0.408s] colcon.colcon_core.package_identification Level 1 _identify(src) by extension 'ignore'
[0.408s] colcon.colcon_core.package_identification Level 1 _identify(src) by extension 'ignore_ament_install'
[0.408s] colcon.colcon_core.package_identification Level 1 _identify(src) by extensions ['colcon_pkg']
[0.408s] colcon.colcon_core.package_identification Level 1 _identify(src) by extension 'colcon_pkg'
[0.408s] colcon.colcon_core.package_identification Level 1 _identify(src) by extensions ['colcon_meta']
[0.408s] colcon.colcon_core.package_identification Level 1 _identify(src) by extension 'colcon_meta'
[0.408s] colcon.colcon_core.package_identification Level 1 _identify(src) by extensions ['ros']
[0.409s] colcon.colcon_core.package_identification Level 1 _identify(src) by extension 'ros'
[0.409s] colcon.colcon_core.package_identification Level 1 _identify(src) by extensions ['cmake', 'python']
[0.409s] colcon.colcon_core.package_identification Level 1 _identify(src) by extension 'cmake'
[0.409s] colcon.colcon_core.package_identification Level 1 _identify(src) by extension 'python'
[0.409s] colcon.colcon_core.package_identification Level 1 _identify(src) by extensions ['python_setup_py']
[0.409s] colcon.colcon_core.package_identification Level 1 _identify(src) by extension 'python_setup_py'
[0.409s] colcon.colcon_core.package_identification Level 1 _identify(src/arm_autopilot) by extensions ['ignore', 'ignore_ament_install']
[0.409s] colcon.colcon_core.package_identification Level 1 _identify(src/arm_autopilot) by extension 'ignore'
[0.409s] colcon.colcon_core.package_identification Level 1 _identify(src/arm_autopilot) by extension 'ignore_ament_install'
[0.410s] colcon.colcon_core.package_identification Level 1 _identify(src/arm_autopilot) by extensions ['colcon_pkg']
[0.410s] colcon.colcon_core.package_identification Level 1 _identify(src/arm_autopilot) by extension 'colcon_pkg'
[0.410s] colcon.colcon_core.package_identification Level 1 _identify(src/arm_autopilot) by extensions ['colcon_meta']
[0.410s] colcon.colcon_core.package_identification Level 1 _identify(src/arm_autopilot) by extension 'colcon_meta'
[0.410s] colcon.colcon_core.package_identification Level 1 _identify(src/arm_autopilot) by extensions ['ros']
[0.410s] colcon.colcon_core.package_identification Level 1 _identify(src/arm_autopilot) by extension 'ros'
[0.417s] colcon.colcon_core.package_identification DEBUG Package 'src/arm_autopilot' with type 'ros.ament_cmake' and name 'arm_autopilot'
[0.418s] colcon.colcon_core.package_identification Level 1 _identify(src/laserscan_to_point_pulisher) by extensions ['ignore', 'ignore_ament_install']
[0.418s] colcon.colcon_core.package_identification Level 1 _identify(src/laserscan_to_point_pulisher) by extension 'ignore'
[0.418s] colcon.colcon_core.package_identification Level 1 _identify(src/laserscan_to_point_pulisher) by extension 'ignore_ament_install'
[0.418s] colcon.colcon_core.package_identification Level 1 _identify(src/laserscan_to_point_pulisher) by extensions ['colcon_pkg']
[0.418s] colcon.colcon_core.package_identification Level 1 _identify(src/laserscan_to_point_pulisher) by extension 'colcon_pkg'
[0.418s] colcon.colcon_core.package_identification Level 1 _identify(src/laserscan_to_point_pulisher) by extensions ['colcon_meta']
[0.418s] colcon.colcon_core.package_identification Level 1 _identify(src/laserscan_to_point_pulisher) by extension 'colcon_meta'
[0.418s] colcon.colcon_core.package_identification Level 1 _identify(src/laserscan_to_point_pulisher) by extensions ['ros']
[0.418s] colcon.colcon_core.package_identification Level 1 _identify(src/laserscan_to_point_pulisher) by extension 'ros'
[0.419s] colcon.colcon_core.package_identification DEBUG Package 'src/laserscan_to_point_pulisher' with type 'ros.ament_python' and name 'laserscan_to_point_pulisher'
[0.420s] colcon.colcon_core.package_identification Level 1 _identify(src/robot_pose_publisher_ros2) by extensions ['ignore', 'ignore_ament_install']
[0.420s] colcon.colcon_core.package_identification Level 1 _identify(src/robot_pose_publisher_ros2) by extension 'ignore'
[0.420s] colcon.colcon_core.package_identification Level 1 _identify(src/robot_pose_publisher_ros2) by extension 'ignore_ament_install'
[0.420s] colcon.colcon_core.package_identification Level 1 _identify(src/robot_pose_publisher_ros2) by extensions ['colcon_pkg']
[0.420s] colcon.colcon_core.package_identification Level 1 _identify(src/robot_pose_publisher_ros2) by extension 'colcon_pkg'
[0.420s] colcon.colcon_core.package_identification Level 1 _identify(src/robot_pose_publisher_ros2) by extensions ['colcon_meta']
[0.420s] colcon.colcon_core.package_identification Level 1 _identify(src/robot_pose_publisher_ros2) by extension 'colcon_meta'
[0.420s] colcon.colcon_core.package_identification Level 1 _identify(src/robot_pose_publisher_ros2) by extensions ['ros']
[0.420s] colcon.colcon_core.package_identification Level 1 _identify(src/robot_pose_publisher_ros2) by extension 'ros'
[0.422s] colcon.colcon_core.package_identification DEBUG Package 'src/robot_pose_publisher_ros2' with type 'ros.ament_cmake' and name 'robot_pose_publisher_ros2'
[0.422s] colcon.colcon_core.package_identification Level 1 _identify(src/yahboom_app_save_map) by extensions ['ignore', 'ignore_ament_install']
[0.422s] colcon.colcon_core.package_identification Level 1 _identify(src/yahboom_app_save_map) by extension 'ignore'
[0.422s] colcon.colcon_core.package_identification Level 1 _identify(src/yahboom_app_save_map) by extension 'ignore_ament_install'
[0.422s] colcon.colcon_core.package_identification Level 1 _identify(src/yahboom_app_save_map) by extensions ['colcon_pkg']
[0.422s] colcon.colcon_core.package_identification Level 1 _identify(src/yahboom_app_save_map) by extension 'colcon_pkg'
[0.422s] colcon.colcon_core.package_identification Level 1 _identify(src/yahboom_app_save_map) by extensions ['colcon_meta']
[0.423s] colcon.colcon_core.package_identification Level 1 _identify(src/yahboom_app_save_map) by extension 'colcon_meta'
[0.423s] colcon.colcon_core.package_identification Level 1 _identify(src/yahboom_app_save_map) by extensions ['ros']
[0.423s] colcon.colcon_core.package_identification Level 1 _identify(src/yahboom_app_save_map) by extension 'ros'
[0.424s] colcon.colcon_core.package_identification DEBUG Package 'src/yahboom_app_save_map' with type 'ros.ament_python' and name 'yahboom_app_save_map'
[0.424s] colcon.colcon_core.package_identification Level 1 _identify(src/yahboom_web_savmap_interfaces) by extensions ['ignore', 'ignore_ament_install']
[0.424s] colcon.colcon_core.package_identification Level 1 _identify(src/yahboom_web_savmap_interfaces) by extension 'ignore'
[0.424s] colcon.colcon_core.package_identification Level 1 _identify(src/yahboom_web_savmap_interfaces) by extension 'ignore_ament_install'
[0.424s] colcon.colcon_core.package_identification Level 1 _identify(src/yahboom_web_savmap_interfaces) by extensions ['colcon_pkg']
[0.424s] colcon.colcon_core.package_identification Level 1 _identify(src/yahboom_web_savmap_interfaces) by extension 'colcon_pkg'
[0.425s] colcon.colcon_core.package_identification Level 1 _identify(src/yahboom_web_savmap_interfaces) by extensions ['colcon_meta']
[0.425s] colcon.colcon_core.package_identification Level 1 _identify(src/yahboom_web_savmap_interfaces) by extension 'colcon_meta'
[0.425s] colcon.colcon_core.package_identification Level 1 _identify(src/yahboom_web_savmap_interfaces) by extensions ['ros']
[0.425s] colcon.colcon_core.package_identification Level 1 _identify(src/yahboom_web_savmap_interfaces) by extension 'ros'
[0.426s] colcon.colcon_core.package_identification DEBUG Package 'src/yahboom_web_savmap_interfaces' with type 'ros.ament_cmake' and name 'yahboom_web_savmap_interfaces'
[0.426s] colcon.colcon_core.package_identification Level 1 _identify(src/yahboomcar_KCFTracker) by extensions ['ignore', 'ignore_ament_install']
[0.426s] colcon.colcon_core.package_identification Level 1 _identify(src/yahboomcar_KCFTracker) by extension 'ignore'
[0.426s] colcon.colcon_core.package_identification Level 1 _identify(src/yahboomcar_KCFTracker) by extension 'ignore_ament_install'
[0.426s] colcon.colcon_core.package_identification Level 1 _identify(src/yahboomcar_KCFTracker) by extensions ['colcon_pkg']
[0.427s] colcon.colcon_core.package_identification Level 1 _identify(src/yahboomcar_KCFTracker) by extension 'colcon_pkg'
[0.427s] colcon.colcon_core.package_identification Level 1 _identify(src/yahboomcar_KCFTracker) by extensions ['colcon_meta']
[0.427s] colcon.colcon_core.package_identification Level 1 _identify(src/yahboomcar_KCFTracker) by extension 'colcon_meta'
[0.427s] colcon.colcon_core.package_identification Level 1 _identify(src/yahboomcar_KCFTracker) by extensions ['ros']
[0.427s] colcon.colcon_core.package_identification Level 1 _identify(src/yahboomcar_KCFTracker) by extension 'ros'
[0.428s] colcon.colcon_core.package_identification DEBUG Package 'src/yahboomcar_KCFTracker' with type 'ros.ament_cmake' and name 'yahboomcar_KCFTracker'
[0.428s] colcon.colcon_core.package_identification Level 1 _identify(src/yahboomcar_astra) by extensions ['ignore', 'ignore_ament_install']
[0.429s] colcon.colcon_core.package_identification Level 1 _identify(src/yahboomcar_astra) by extension 'ignore'
[0.429s] colcon.colcon_core.package_identification Level 1 _identify(src/yahboomcar_astra) by extension 'ignore_ament_install'
[0.429s] colcon.colcon_core.package_identification Level 1 _identify(src/yahboomcar_astra) by extensions ['colcon_pkg']
[0.429s] colcon.colcon_core.package_identification Level 1 _identify(src/yahboomcar_astra) by extension 'colcon_pkg'
[0.429s] colcon.colcon_core.package_identification Level 1 _identify(src/yahboomcar_astra) by extensions ['colcon_meta']
[0.429s] colcon.colcon_core.package_identification Level 1 _identify(src/yahboomcar_astra) by extension 'colcon_meta'
[0.429s] colcon.colcon_core.package_identification Level 1 _identify(src/yahboomcar_astra) by extensions ['ros']
[0.429s] colcon.colcon_core.package_identification Level 1 _identify(src/yahboomcar_astra) by extension 'ros'
[0.430s] colcon.colcon_core.package_identification DEBUG Package 'src/yahboomcar_astra' with type 'ros.ament_python' and name 'yahboomcar_astra'
[0.430s] colcon.colcon_core.package_identification Level 1 _identify(src/yahboomcar_base_node) by extensions ['ignore', 'ignore_ament_install']
[0.431s] colcon.colcon_core.package_identification Level 1 _identify(src/yahboomcar_base_node) by extension 'ignore'
[0.431s] colcon.colcon_core.package_identification Level 1 _identify(src/yahboomcar_base_node) by extension 'ignore_ament_install'
[0.431s] colcon.colcon_core.package_identification Level 1 _identify(src/yahboomcar_base_node) by extensions ['colcon_pkg']
[0.431s] colcon.colcon_core.package_identification Level 1 _identify(src/yahboomcar_base_node) by extension 'colcon_pkg'
[0.431s] colcon.colcon_core.package_identification Level 1 _identify(src/yahboomcar_base_node) by extensions ['colcon_meta']
[0.431s] colcon.colcon_core.package_identification Level 1 _identify(src/yahboomcar_base_node) by extension 'colcon_meta'
[0.431s] colcon.colcon_core.package_identification Level 1 _identify(src/yahboomcar_base_node) by extensions ['ros']
[0.431s] colcon.colcon_core.package_identification Level 1 _identify(src/yahboomcar_base_node) by extension 'ros'
[0.433s] colcon.colcon_core.package_identification DEBUG Package 'src/yahboomcar_base_node' with type 'ros.ament_cmake' and name 'yahboomcar_base_node'
[0.433s] colcon.colcon_core.package_identification Level 1 _identify(src/yahboomcar_bringup) by extensions ['ignore', 'ignore_ament_install']
[0.433s] colcon.colcon_core.package_identification Level 1 _identify(src/yahboomcar_bringup) by extension 'ignore'
[0.433s] colcon.colcon_core.package_identification Level 1 _identify(src/yahboomcar_bringup) by extension 'ignore_ament_install'
[0.433s] colcon.colcon_core.package_identification Level 1 _identify(src/yahboomcar_bringup) by extensions ['colcon_pkg']
[0.433s] colcon.colcon_core.package_identification Level 1 _identify(src/yahboomcar_bringup) by extension 'colcon_pkg'
[0.434s] colcon.colcon_core.package_identification Level 1 _identify(src/yahboomcar_bringup) by extensions ['colcon_meta']
[0.434s] colcon.colcon_core.package_identification Level 1 _identify(src/yahboomcar_bringup) by extension 'colcon_meta'
[0.434s] colcon.colcon_core.package_identification Level 1 _identify(src/yahboomcar_bringup) by extensions ['ros']
[0.434s] colcon.colcon_core.package_identification Level 1 _identify(src/yahboomcar_bringup) by extension 'ros'
[0.435s] colcon.colcon_core.package_identification DEBUG Package 'src/yahboomcar_bringup' with type 'ros.ament_python' and name 'yahboomcar_bringup'
[0.435s] colcon.colcon_core.package_identification Level 1 _identify(src/yahboomcar_ctrl) by extensions ['ignore', 'ignore_ament_install']
[0.435s] colcon.colcon_core.package_identification Level 1 _identify(src/yahboomcar_ctrl) by extension 'ignore'
[0.435s] colcon.colcon_core.package_identification Level 1 _identify(src/yahboomcar_ctrl) by extension 'ignore_ament_install'
[0.435s] colcon.colcon_core.package_identification Level 1 _identify(src/yahboomcar_ctrl) by extensions ['colcon_pkg']
[0.436s] colcon.colcon_core.package_identification Level 1 _identify(src/yahboomcar_ctrl) by extension 'colcon_pkg'
[0.436s] colcon.colcon_core.package_identification Level 1 _identify(src/yahboomcar_ctrl) by extensions ['colcon_meta']
[0.436s] colcon.colcon_core.package_identification Level 1 _identify(src/yahboomcar_ctrl) by extension 'colcon_meta'
[0.436s] colcon.colcon_core.package_identification Level 1 _identify(src/yahboomcar_ctrl) by extensions ['ros']
[0.436s] colcon.colcon_core.package_identification Level 1 _identify(src/yahboomcar_ctrl) by extension 'ros'
[0.437s] colcon.colcon_core.package_identification DEBUG Package 'src/yahboomcar_ctrl' with type 'ros.ament_python' and name 'yahboomcar_ctrl'
[0.437s] colcon.colcon_core.package_identification Level 1 _identify(src/yahboomcar_description) by extensions ['ignore', 'ignore_ament_install']
[0.437s] colcon.colcon_core.package_identification Level 1 _identify(src/yahboomcar_description) by extension 'ignore'
[0.437s] colcon.colcon_core.package_identification Level 1 _identify(src/yahboomcar_description) by extension 'ignore_ament_install'
[0.438s] colcon.colcon_core.package_identification Level 1 _identify(src/yahboomcar_description) by extensions ['colcon_pkg']
[0.438s] colcon.colcon_core.package_identification Level 1 _identify(src/yahboomcar_description) by extension 'colcon_pkg'
[0.438s] colcon.colcon_core.package_identification Level 1 _identify(src/yahboomcar_description) by extensions ['colcon_meta']
[0.438s] colcon.colcon_core.package_identification Level 1 _identify(src/yahboomcar_description) by extension 'colcon_meta'
[0.438s] colcon.colcon_core.package_identification Level 1 _identify(src/yahboomcar_description) by extensions ['ros']
[0.438s] colcon.colcon_core.package_identification Level 1 _identify(src/yahboomcar_description) by extension 'ros'
[0.439s] colcon.colcon_core.package_identification DEBUG Package 'src/yahboomcar_description' with type 'ros.ament_python' and name 'yahboomcar_description'
[0.439s] colcon.colcon_core.package_identification Level 1 _identify(src/yahboomcar_description_x1) by extensions ['ignore', 'ignore_ament_install']
[0.439s] colcon.colcon_core.package_identification Level 1 _identify(src/yahboomcar_description_x1) by extension 'ignore'
[0.439s] colcon.colcon_core.package_identification Level 1 _identify(src/yahboomcar_description_x1) by extension 'ignore_ament_install'
[0.439s] colcon.colcon_core.package_identification Level 1 _identify(src/yahboomcar_description_x1) by extensions ['colcon_pkg']
[0.440s] colcon.colcon_core.package_identification Level 1 _identify(src/yahboomcar_description_x1) by extension 'colcon_pkg'
[0.440s] colcon.colcon_core.package_identification Level 1 _identify(src/yahboomcar_description_x1) by extensions ['colcon_meta']
[0.440s] colcon.colcon_core.package_identification Level 1 _identify(src/yahboomcar_description_x1) by extension 'colcon_meta'
[0.440s] colcon.colcon_core.package_identification Level 1 _identify(src/yahboomcar_description_x1) by extensions ['ros']
[0.440s] colcon.colcon_core.package_identification Level 1 _identify(src/yahboomcar_description_x1) by extension 'ros'
[0.441s] colcon.colcon_core.package_identification DEBUG Package 'src/yahboomcar_description_x1' with type 'ros.ament_python' and name 'yahboomcar_description_x1'
[0.441s] colcon.colcon_core.package_identification Level 1 _identify(src/yahboomcar_laser) by extensions ['ignore', 'ignore_ament_install']
[0.441s] colcon.colcon_core.package_identification Level 1 _identify(src/yahboomcar_laser) by extension 'ignore'
[0.441s] colcon.colcon_core.package_identification Level 1 _identify(src/yahboomcar_laser) by extension 'ignore_ament_install'
[0.441s] colcon.colcon_core.package_identification Level 1 _identify(src/yahboomcar_laser) by extensions ['colcon_pkg']
[0.442s] colcon.colcon_core.package_identification Level 1 _identify(src/yahboomcar_laser) by extension 'colcon_pkg'
[0.442s] colcon.colcon_core.package_identification Level 1 _identify(src/yahboomcar_laser) by extensions ['colcon_meta']
[0.442s] colcon.colcon_core.package_identification Level 1 _identify(src/yahboomcar_laser) by extension 'colcon_meta'
[0.442s] colcon.colcon_core.package_identification Level 1 _identify(src/yahboomcar_laser) by extensions ['ros']
[0.442s] colcon.colcon_core.package_identification Level 1 _identify(src/yahboomcar_laser) by extension 'ros'
[0.443s] colcon.colcon_core.package_identification DEBUG Package 'src/yahboomcar_laser' with type 'ros.ament_python' and name 'yahboomcar_laser'
[0.443s] colcon.colcon_core.package_identification Level 1 _identify(src/yahboomcar_linefollow) by extensions ['ignore', 'ignore_ament_install']
[0.443s] colcon.colcon_core.package_identification Level 1 _identify(src/yahboomcar_linefollow) by extension 'ignore'
[0.443s] colcon.colcon_core.package_identification Level 1 _identify(src/yahboomcar_linefollow) by extension 'ignore_ament_install'
[0.443s] colcon.colcon_core.package_identification Level 1 _identify(src/yahboomcar_linefollow) by extensions ['colcon_pkg']
[0.443s] colcon.colcon_core.package_identification Level 1 _identify(src/yahboomcar_linefollow) by extension 'colcon_pkg'
[0.443s] colcon.colcon_core.package_identification Level 1 _identify(src/yahboomcar_linefollow) by extensions ['colcon_meta']
[0.443s] colcon.colcon_core.package_identification Level 1 _identify(src/yahboomcar_linefollow) by extension 'colcon_meta'
[0.444s] colcon.colcon_core.package_identification Level 1 _identify(src/yahboomcar_linefollow) by extensions ['ros']
[0.444s] colcon.colcon_core.package_identification Level 1 _identify(src/yahboomcar_linefollow) by extension 'ros'
[0.444s] colcon.colcon_core.package_identification DEBUG Package 'src/yahboomcar_linefollow' with type 'ros.ament_python' and name 'yahboomcar_linefollow'
[0.445s] colcon.colcon_core.package_identification Level 1 _identify(src/yahboomcar_mediapipe) by extensions ['ignore', 'ignore_ament_install']
[0.445s] colcon.colcon_core.package_identification Level 1 _identify(src/yahboomcar_mediapipe) by extension 'ignore'
[0.445s] colcon.colcon_core.package_identification Level 1 _identify(src/yahboomcar_mediapipe) by extension 'ignore_ament_install'
[0.445s] colcon.colcon_core.package_identification Level 1 _identify(src/yahboomcar_mediapipe) by extensions ['colcon_pkg']
[0.445s] colcon.colcon_core.package_identification Level 1 _identify(src/yahboomcar_mediapipe) by extension 'colcon_pkg'
[0.445s] colcon.colcon_core.package_identification Level 1 _identify(src/yahboomcar_mediapipe) by extensions ['colcon_meta']
[0.445s] colcon.colcon_core.package_identification Level 1 _identify(src/yahboomcar_mediapipe) by extension 'colcon_meta'
[0.445s] colcon.colcon_core.package_identification Level 1 _identify(src/yahboomcar_mediapipe) by extensions ['ros']
[0.445s] colcon.colcon_core.package_identification Level 1 _identify(src/yahboomcar_mediapipe) by extension 'ros'
[0.446s] colcon.colcon_core.package_identification DEBUG Package 'src/yahboomcar_mediapipe' with type 'ros.ament_python' and name 'yahboomcar_mediapipe'
[0.446s] colcon.colcon_core.package_identification Level 1 _identify(src/yahboomcar_msgs) by extensions ['ignore', 'ignore_ament_install']
[0.447s] colcon.colcon_core.package_identification Level 1 _identify(src/yahboomcar_msgs) by extension 'ignore'
[0.447s] colcon.colcon_core.package_identification Level 1 _identify(src/yahboomcar_msgs) by extension 'ignore_ament_install'
[0.447s] colcon.colcon_core.package_identification Level 1 _identify(src/yahboomcar_msgs) by extensions ['colcon_pkg']
[0.447s] colcon.colcon_core.package_identification Level 1 _identify(src/yahboomcar_msgs) by extension 'colcon_pkg'
[0.447s] colcon.colcon_core.package_identification Level 1 _identify(src/yahboomcar_msgs) by extensions ['colcon_meta']
[0.447s] colcon.colcon_core.package_identification Level 1 _identify(src/yahboomcar_msgs) by extension 'colcon_meta'
[0.447s] colcon.colcon_core.package_identification Level 1 _identify(src/yahboomcar_msgs) by extensions ['ros']
[0.447s] colcon.colcon_core.package_identification Level 1 _identify(src/yahboomcar_msgs) by extension 'ros'
[0.449s] colcon.colcon_core.package_identification DEBUG Package 'src/yahboomcar_msgs' with type 'ros.ament_cmake' and name 'yahboomcar_msgs'
[0.449s] colcon.colcon_core.package_identification Level 1 _identify(src/yahboomcar_multi) by extensions ['ignore', 'ignore_ament_install']
[0.450s] colcon.colcon_core.package_identification Level 1 _identify(src/yahboomcar_multi) by extension 'ignore'
[0.450s] colcon.colcon_core.package_identification Level 1 _identify(src/yahboomcar_multi) by extension 'ignore_ament_install'
[0.450s] colcon.colcon_core.package_identification Level 1 _identify(src/yahboomcar_multi) by extensions ['colcon_pkg']
[0.450s] colcon.colcon_core.package_identification Level 1 _identify(src/yahboomcar_multi) by extension 'colcon_pkg'
[0.450s] colcon.colcon_core.package_identification Level 1 _identify(src/yahboomcar_multi) by extensions ['colcon_meta']
[0.450s] colcon.colcon_core.package_identification Level 1 _identify(src/yahboomcar_multi) by extension 'colcon_meta'
[0.450s] colcon.colcon_core.package_identification Level 1 _identify(src/yahboomcar_multi) by extensions ['ros']
[0.450s] colcon.colcon_core.package_identification Level 1 _identify(src/yahboomcar_multi) by extension 'ros'
[0.451s] colcon.colcon_core.package_identification DEBUG Package 'src/yahboomcar_multi' with type 'ros.ament_python' and name 'yahboomcar_multi'
[0.451s] colcon.colcon_core.package_identification Level 1 _identify(src/yahboomcar_nav) by extensions ['ignore', 'ignore_ament_install']
[0.451s] colcon.colcon_core.package_identification Level 1 _identify(src/yahboomcar_nav) by extension 'ignore'
[0.452s] colcon.colcon_core.package_identification Level 1 _identify(src/yahboomcar_nav) by extension 'ignore_ament_install'
[0.452s] colcon.colcon_core.package_identification Level 1 _identify(src/yahboomcar_nav) by extensions ['colcon_pkg']
[0.452s] colcon.colcon_core.package_identification Level 1 _identify(src/yahboomcar_nav) by extension 'colcon_pkg'
[0.452s] colcon.colcon_core.package_identification Level 1 _identify(src/yahboomcar_nav) by extensions ['colcon_meta']
[0.452s] colcon.colcon_core.package_identification Level 1 _identify(src/yahboomcar_nav) by extension 'colcon_meta'
[0.452s] colcon.colcon_core.package_identification Level 1 _identify(src/yahboomcar_nav) by extensions ['ros']
[0.452s] colcon.colcon_core.package_identification Level 1 _identify(src/yahboomcar_nav) by extension 'ros'
[0.453s] colcon.colcon_core.package_identification DEBUG Package 'src/yahboomcar_nav' with type 'ros.ament_python' and name 'yahboomcar_nav'
[0.453s] colcon.colcon_core.package_identification Level 1 _identify(src/yahboomcar_point) by extensions ['ignore', 'ignore_ament_install']
[0.454s] colcon.colcon_core.package_identification Level 1 _identify(src/yahboomcar_point) by extension 'ignore'
[0.454s] colcon.colcon_core.package_identification Level 1 _identify(src/yahboomcar_point) by extension 'ignore_ament_install'
[0.454s] colcon.colcon_core.package_identification Level 1 _identify(src/yahboomcar_point) by extensions ['colcon_pkg']
[0.454s] colcon.colcon_core.package_identification Level 1 _identify(src/yahboomcar_point) by extension 'colcon_pkg'
[0.454s] colcon.colcon_core.package_identification Level 1 _identify(src/yahboomcar_point) by extensions ['colcon_meta']
[0.454s] colcon.colcon_core.package_identification Level 1 _identify(src/yahboomcar_point) by extension 'colcon_meta'
[0.454s] colcon.colcon_core.package_identification Level 1 _identify(src/yahboomcar_point) by extensions ['ros']
[0.454s] colcon.colcon_core.package_identification Level 1 _identify(src/yahboomcar_point) by extension 'ros'
[0.456s] colcon.colcon_core.package_identification DEBUG Package 'src/yahboomcar_point' with type 'ros.ament_cmake' and name 'yahboomcar_point'
[0.456s] colcon.colcon_core.package_identification Level 1 _identify(src/yahboomcar_rviz) by extensions ['ignore', 'ignore_ament_install']
[0.456s] colcon.colcon_core.package_identification Level 1 _identify(src/yahboomcar_rviz) by extension 'ignore'
[0.456s] colcon.colcon_core.package_identification Level 1 _identify(src/yahboomcar_rviz) by extension 'ignore_ament_install'
[0.456s] colcon.colcon_core.package_identification Level 1 _identify(src/yahboomcar_rviz) by extensions ['colcon_pkg']
[0.456s] colcon.colcon_core.package_identification Level 1 _identify(src/yahboomcar_rviz) by extension 'colcon_pkg'
[0.456s] colcon.colcon_core.package_identification Level 1 _identify(src/yahboomcar_rviz) by extensions ['colcon_meta']
[0.456s] colcon.colcon_core.package_identification Level 1 _identify(src/yahboomcar_rviz) by extension 'colcon_meta'
[0.456s] colcon.colcon_core.package_identification Level 1 _identify(src/yahboomcar_rviz) by extensions ['ros']
[0.457s] colcon.colcon_core.package_identification Level 1 _identify(src/yahboomcar_rviz) by extension 'ros'
[0.457s] colcon.colcon_core.package_identification DEBUG Package 'src/yahboomcar_rviz' with type 'ros.ament_python' and name 'yahboomcar_rviz'
[0.458s] colcon.colcon_core.package_identification Level 1 _identify(src/yahboomcar_slam) by extensions ['ignore', 'ignore_ament_install']
[0.458s] colcon.colcon_core.package_identification Level 1 _identify(src/yahboomcar_slam) by extension 'ignore'
[0.458s] colcon.colcon_core.package_identification Level 1 _identify(src/yahboomcar_slam) by extension 'ignore_ament_install'
[0.458s] colcon.colcon_core.package_identification Level 1 _identify(src/yahboomcar_slam) by extensions ['colcon_pkg']
[0.458s] colcon.colcon_core.package_identification Level 1 _identify(src/yahboomcar_slam) by extension 'colcon_pkg'
[0.458s] colcon.colcon_core.package_identification Level 1 _identify(src/yahboomcar_slam) by extensions ['colcon_meta']
[0.458s] colcon.colcon_core.package_identification Level 1 _identify(src/yahboomcar_slam) by extension 'colcon_meta'
[0.458s] colcon.colcon_core.package_identification Level 1 _identify(src/yahboomcar_slam) by extensions ['ros']
[0.458s] colcon.colcon_core.package_identification Level 1 _identify(src/yahboomcar_slam) by extension 'ros'
[0.460s] colcon.colcon_core.package_identification DEBUG Package 'src/yahboomcar_slam' with type 'ros.ament_cmake' and name 'yahboomcar_slam'
[0.460s] colcon.colcon_core.package_identification Level 1 _identify(src/yahboomcar_visual) by extensions ['ignore', 'ignore_ament_install']
[0.461s] colcon.colcon_core.package_identification Level 1 _identify(src/yahboomcar_visual) by extension 'ignore'
[0.461s] colcon.colcon_core.package_identification Level 1 _identify(src/yahboomcar_visual) by extension 'ignore_ament_install'
[0.461s] colcon.colcon_core.package_identification Level 1 _identify(src/yahboomcar_visual) by extensions ['colcon_pkg']
[0.461s] colcon.colcon_core.package_identification Level 1 _identify(src/yahboomcar_visual) by extension 'colcon_pkg'
[0.461s] colcon.colcon_core.package_identification Level 1 _identify(src/yahboomcar_visual) by extensions ['colcon_meta']
[0.461s] colcon.colcon_core.package_identification Level 1 _identify(src/yahboomcar_visual) by extension 'colcon_meta'
[0.461s] colcon.colcon_core.package_identification Level 1 _identify(src/yahboomcar_visual) by extensions ['ros']
[0.461s] colcon.colcon_core.package_identification Level 1 _identify(src/yahboomcar_visual) by extension 'ros'
[0.462s] colcon.colcon_core.package_identification DEBUG Package 'src/yahboomcar_visual' with type 'ros.ament_python' and name 'yahboomcar_visual'
[0.463s] colcon.colcon_core.package_identification Level 1 _identify(src/yahboomcar_voice_ctrl) by extensions ['ignore', 'ignore_ament_install']
[0.463s] colcon.colcon_core.package_identification Level 1 _identify(src/yahboomcar_voice_ctrl) by extension 'ignore'
[0.463s] colcon.colcon_core.package_identification Level 1 _identify(src/yahboomcar_voice_ctrl) by extension 'ignore_ament_install'
[0.463s] colcon.colcon_core.package_identification Level 1 _identify(src/yahboomcar_voice_ctrl) by extensions ['colcon_pkg']
[0.463s] colcon.colcon_core.package_identification Level 1 _identify(src/yahboomcar_voice_ctrl) by extension 'colcon_pkg'
[0.463s] colcon.colcon_core.package_identification Level 1 _identify(src/yahboomcar_voice_ctrl) by extensions ['colcon_meta']
[0.463s] colcon.colcon_core.package_identification Level 1 _identify(src/yahboomcar_voice_ctrl) by extension 'colcon_meta'
[0.463s] colcon.colcon_core.package_identification Level 1 _identify(src/yahboomcar_voice_ctrl) by extensions ['ros']
[0.463s] colcon.colcon_core.package_identification Level 1 _identify(src/yahboomcar_voice_ctrl) by extension 'ros'
[0.464s] colcon.colcon_core.package_identification DEBUG Package 'src/yahboomcar_voice_ctrl' with type 'ros.ament_python' and name 'yahboomcar_voice_ctrl'
[0.464s] colcon.colcon_core.package_discovery Level 1 discover_packages(recursive) using defaults
[0.464s] colcon.colcon_core.package_discovery Level 1 discover_packages(ignore) discover
[0.464s] colcon.colcon_core.package_discovery Level 1 discover_packages(ignore) using defaults
[0.464s] colcon.colcon_core.package_discovery Level 1 discover_packages(path) discover
[0.465s] colcon.colcon_core.package_discovery Level 1 discover_packages(path) using defaults
[0.503s] colcon.colcon_core.package_selection INFO Skipping not selected package 'laserscan_to_point_pulisher' in 'src/laserscan_to_point_pulisher'
[0.504s] colcon.colcon_core.package_selection INFO Skipping not selected package 'robot_pose_publisher_ros2' in 'src/robot_pose_publisher_ros2'
[0.504s] colcon.colcon_core.package_selection INFO Skipping not selected package 'yahboom_app_save_map' in 'src/yahboom_app_save_map'
[0.504s] colcon.colcon_core.package_selection INFO Skipping not selected package 'yahboom_web_savmap_interfaces' in 'src/yahboom_web_savmap_interfaces'
[0.504s] colcon.colcon_core.package_selection INFO Skipping not selected package 'yahboomcar_KCFTracker' in 'src/yahboomcar_KCFTracker'
[0.504s] colcon.colcon_core.package_selection INFO Skipping not selected package 'yahboomcar_astra' in 'src/yahboomcar_astra'
[0.504s] colcon.colcon_core.package_selection INFO Skipping not selected package 'yahboomcar_base_node' in 'src/yahboomcar_base_node'
[0.504s] colcon.colcon_core.package_selection INFO Skipping not selected package 'yahboomcar_bringup' in 'src/yahboomcar_bringup'
[0.504s] colcon.colcon_core.package_selection INFO Skipping not selected package 'yahboomcar_ctrl' in 'src/yahboomcar_ctrl'
[0.504s] colcon.colcon_core.package_selection INFO Skipping not selected package 'yahboomcar_description' in 'src/yahboomcar_description'
[0.504s] colcon.colcon_core.package_selection INFO Skipping not selected package 'yahboomcar_description_x1' in 'src/yahboomcar_description_x1'
[0.504s] colcon.colcon_core.package_selection INFO Skipping not selected package 'yahboomcar_laser' in 'src/yahboomcar_laser'
[0.504s] colcon.colcon_core.package_selection INFO Skipping not selected package 'yahboomcar_linefollow' in 'src/yahboomcar_linefollow'
[0.504s] colcon.colcon_core.package_selection INFO Skipping not selected package 'yahboomcar_mediapipe' in 'src/yahboomcar_mediapipe'
[0.504s] colcon.colcon_core.package_selection INFO Skipping not selected package 'yahboomcar_msgs' in 'src/yahboomcar_msgs'
[0.504s] colcon.colcon_core.package_selection INFO Skipping not selected package 'yahboomcar_multi' in 'src/yahboomcar_multi'
[0.504s] colcon.colcon_core.package_selection INFO Skipping not selected package 'yahboomcar_nav' in 'src/yahboomcar_nav'
[0.504s] colcon.colcon_core.package_selection INFO Skipping not selected package 'yahboomcar_rviz' in 'src/yahboomcar_rviz'
[0.505s] colcon.colcon_core.package_selection INFO Skipping not selected package 'yahboomcar_slam' in 'src/yahboomcar_slam'
[0.505s] colcon.colcon_core.package_selection INFO Skipping not selected package 'yahboomcar_visual' in 'src/yahboomcar_visual'
[0.505s] colcon.colcon_core.package_selection INFO Skipping not selected package 'yahboomcar_voice_ctrl' in 'src/yahboomcar_voice_ctrl'
[0.505s] colcon.colcon_core.package_selection INFO Skipping not selected package 'yahboomcar_point' in 'src/yahboomcar_point'
[0.506s] colcon.colcon_core.package_discovery Level 1 discover_packages(prefix_path) check parameters
[0.506s] colcon.colcon_core.package_discovery Level 1 discover_packages(prefix_path) discover
[0.513s] colcon.colcon_installed_package_information.package_discovery DEBUG Found 13 installed packages in /home/jetson/yahboomcar_ws/install
[0.515s] colcon.colcon_installed_package_information.package_discovery DEBUG Found 12 installed packages in /home/jetson/yahboomcar_ros2_ws/software/library_ws/install
[0.518s] colcon.colcon_installed_package_information.package_discovery DEBUG Found 350 installed packages in /opt/ros/humble
[0.521s] colcon.colcon_core.package_discovery Level 1 discover_packages(prefix_path) using defaults
[0.640s] colcon.colcon_core.verb Level 5 set package 'arm_autopilot' build argument 'cmake_args' from command line to 'None'
[0.640s] colcon.colcon_core.verb Level 5 set package 'arm_autopilot' build argument 'cmake_target' from command line to 'None'
[0.641s] colcon.colcon_core.verb Level 5 set package 'arm_autopilot' build argument 'cmake_target_skip_unavailable' from command line to 'False'
[0.641s] colcon.colcon_core.verb Level 5 set package 'arm_autopilot' build argument 'cmake_clean_cache' from command line to 'False'
[0.641s] colcon.colcon_core.verb Level 5 set package 'arm_autopilot' build argument 'cmake_clean_first' from command line to 'False'
[0.641s] colcon.colcon_core.verb Level 5 set package 'arm_autopilot' build argument 'cmake_force_configure' from command line to 'False'
[0.641s] colcon.colcon_core.verb Level 5 set package 'arm_autopilot' build argument 'ament_cmake_args' from command line to 'None'
[0.641s] colcon.colcon_core.verb Level 5 set package 'arm_autopilot' build argument 'catkin_cmake_args' from command line to 'None'
[0.641s] colcon.colcon_core.verb Level 5 set package 'arm_autopilot' build argument 'catkin_skip_building_tests' from command line to 'False'
[0.641s] colcon.colcon_core.verb DEBUG Building package 'arm_autopilot' with the following arguments: {'ament_cmake_args': None, 'build_base': '/home/jetson/yahboomcar_ros2_ws_new/yahboomcar_ws/build/arm_autopilot', 'catkin_cmake_args': None, 'catkin_skip_building_tests': False, 'cmake_args': None, 'cmake_clean_cache': False, 'cmake_clean_first': False, 'cmake_force_configure': False, 'cmake_target': None, 'cmake_target_skip_unavailable': False, 'install_base': '/home/jetson/yahboomcar_ros2_ws_new/yahboomcar_ws/install/arm_autopilot', 'merge_install': False, 'path': '/home/jetson/yahboomcar_ros2_ws_new/yahboomcar_ws/src/arm_autopilot', 'symlink_install': True, 'test_result_base': None}
[0.641s] colcon.colcon_core.executor INFO Executing jobs using 'parallel' executor
[0.643s] colcon.colcon_parallel_executor.executor.parallel DEBUG run_until_complete
[0.644s] colcon.colcon_ros.task.ament_cmake.build INFO Building ROS package in '/home/jetson/yahboomcar_ros2_ws_new/yahboomcar_ws/src/arm_autopilot' with build type 'ament_cmake'
[0.644s] colcon.colcon_cmake.task.cmake.build INFO Building CMake package in '/home/jetson/yahboomcar_ros2_ws_new/yahboomcar_ws/src/arm_autopilot'
[0.651s] colcon.colcon_core.plugin_system INFO Skipping extension 'colcon_core.shell.bat': Not used on non-Windows systems
[0.651s] colcon.colcon_core.shell INFO Skip shell extension 'powershell' for command environment: Not usable outside of PowerShell
[0.651s] colcon.colcon_core.shell DEBUG Skip shell extension 'dsv' for command environment
[0.677s] colcon.colcon_core.event_handler.log_command DEBUG Invoking command in '/home/jetson/yahboomcar_ros2_ws_new/yahboomcar_ws/build/arm_autopilot': AMENT_PREFIX_PATH=/home/jetson/yahboomcar_ros2_ws_new/yahboomcar_ws/install/yahboomcar_msgs:${AMENT_PREFIX_PATH} CMAKE_PREFIX_PATH=/home/jetson/yahboomcar_ros2_ws_new/yahboomcar_ws/install/yahboomcar_msgs:/home/jetson/yahboomcar_ws/install/yahboomcar_voice_ctrl:/home/jetson/yahboomcar_ws/install/yahboomcar_slam:/home/jetson/yahboomcar_ws/install/yahboomcar_nav:/home/jetson/yahboomcar_ws/install/yahboomcar_astra:/home/jetson/yahboomcar_ws/install/yahboomcar_ctrl:/home/jetson/yahboomcar_ws/install/yahboomcar_bringup:/home/jetson/yahboomcar_ws/install/yahboomcar_msgs:/home/jetson/yahboomcar_ws/install/yahboomcar_linefollw:/home/jetson/yahboomcar_ws/install/yahboomcar_laser:/home/jetson/yahboomcar_ws/install/yahboomcar_description:/home/jetson/yahboomcar_ws/install/ros2_orbslam:/home/jetson/yahboomcar_ws/install/cv_bridge:/home/jetson/yahboomcar_ros2_ws/software/library_ws/install/ydlidar_ros2_driver:/home/jetson/yahboomcar_ros2_ws/software/library_ws/install/web_video_server:/home/jetson/yahboomcar_ros2_ws/software/library_ws/install/teb_local_planner:/home/jetson/yahboomcar_ros2_ws/software/library_ws/install/teb_msgs:/home/jetson/yahboomcar_ros2_ws/software/library_ws/install/sllidar_ros2:/home/jetson/yahboomcar_ros2_ws/software/library_ws/install/slam_gmapping:/home/jetson/yahboomcar_ros2_ws/software/library_ws/install/robot_localization:/home/jetson/yahboomcar_ros2_ws/software/library_ws/install/openslam_gmapping:/home/jetson/yahboomcar_ros2_ws/software/library_ws/install/costmap_converter:/home/jetson/yahboomcar_ros2_ws/software/library_ws/install/costmap_converter_msgs:/home/jetson/yahboomcar_ros2_ws/software/library_ws/install/astra_camera:/home/jetson/yahboomcar_ros2_ws/software/library_ws/install/astra_camera_msgs:/opt/ros/humble LD_LIBRARY_PATH=/home/jetson/yahboomcar_ros2_ws_new/yahboomcar_ws/install/yahboomcar_msgs/lib:/usr/local/lib:/home/jetson/yahboomcar_ros2_ws/software/ORB_SLAM2/lib:/home/jetson/yahboomcar_ros2_ws/software/ORB_SLAM2/Thirdparty/DBoW2/lib:/home/jetson/yahboomcar_ros2_ws/software/ORB_SLAM2/Thirdparty/g2o/lib:/home/jetson/yahboomcar_ws/install/yahboomcar_astra/usr/local/lib/yahboomcar_astra:/usr/local/lib:/usr/local/cuda-12.6/lib64:/usr/local/lib:/home/jetson/yahboomcar_ros2_ws/software/ORB_SLAM2/lib:/home/jetson/yahboomcar_ros2_ws/software/ORB_SLAM2/Thirdparty/DBoW2/lib:/home/jetson/yahboomcar_ros2_ws/software/ORB_SLAM2/Thirdparty/g2o/lib:/home/jetson/yahboomcar_ws/install/yahboomcar_astra/usr/local/lib/yahboomcar_astra:/home/jetson/yahboomcar_ws/install/yahboomcar_astra/lib:/home/jetson/yahboomcar_ws/install/yahboomcar_msgs/lib:/home/jetson/yahboomcar_ws/install/cv_bridge/lib:/home/jetson/yahboomcar_ros2_ws/software/library_ws/install/teb_local_planner/lib:/home/jetson/yahboomcar_ros2_ws/software/library_ws/install/teb_msgs/lib:/home/jetson/yahboomcar_ros2_ws/software/library_ws/install/robot_localization/lib:/home/jetson/yahboomcar_ros2_ws/software/library_ws/install/openslam_gmapping/lib:/home/jetson/yahboomcar_ros2_ws/software/library_ws/install/costmap_converter/lib:/home/jetson/yahboomcar_ros2_ws/software/library_ws/install/costmap_converter_msgs/lib:/home/jetson/yahboomcar_ros2_ws/software/library_ws/install/astra_camera/lib:/home/jetson/yahboomcar_ros2_ws/software/library_ws/install/astra_camera_msgs/lib:/opt/ros/humble/opt/rviz_ogre_vendor/lib:/opt/ros/humble/lib/aarch64-linux-gnu:/opt/ros/humble/lib:/usr/local/lib:/usr/local/cuda-12.6/lib64 PYTHONPATH=/home/jetson/yahboomcar_ros2_ws_new/yahboomcar_ws/install/yahboomcar_msgs/local/lib/python3.10/dist-packages:${PYTHONPATH} /usr/bin/cmake /home/jetson/yahboomcar_ros2_ws_new/yahboomcar_ws/src/arm_autopilot -DAMENT_CMAKE_SYMLINK_INSTALL=1 -DCMAKE_INSTALL_PREFIX=/home/jetson/yahboomcar_ros2_ws_new/yahboomcar_ws/install/arm_autopilot
[3.396s] colcon.colcon_core.event_handler.log_command DEBUG Invoked command in '/home/jetson/yahboomcar_ros2_ws_new/yahboomcar_ws/build/arm_autopilot' returned '0': AMENT_PREFIX_PATH=/home/jetson/yahboomcar_ros2_ws_new/yahboomcar_ws/install/yahboomcar_msgs:${AMENT_PREFIX_PATH} CMAKE_PREFIX_PATH=/home/jetson/yahboomcar_ros2_ws_new/yahboomcar_ws/install/yahboomcar_msgs:/home/jetson/yahboomcar_ws/install/yahboomcar_voice_ctrl:/home/jetson/yahboomcar_ws/install/yahboomcar_slam:/home/jetson/yahboomcar_ws/install/yahboomcar_nav:/home/jetson/yahboomcar_ws/install/yahboomcar_astra:/home/jetson/yahboomcar_ws/install/yahboomcar_ctrl:/home/jetson/yahboomcar_ws/install/yahboomcar_bringup:/home/jetson/yahboomcar_ws/install/yahboomcar_msgs:/home/jetson/yahboomcar_ws/install/yahboomcar_linefollw:/home/jetson/yahboomcar_ws/install/yahboomcar_laser:/home/jetson/yahboomcar_ws/install/yahboomcar_description:/home/jetson/yahboomcar_ws/install/ros2_orbslam:/home/jetson/yahboomcar_ws/install/cv_bridge:/home/jetson/yahboomcar_ros2_ws/software/library_ws/install/ydlidar_ros2_driver:/home/jetson/yahboomcar_ros2_ws/software/library_ws/install/web_video_server:/home/jetson/yahboomcar_ros2_ws/software/library_ws/install/teb_local_planner:/home/jetson/yahboomcar_ros2_ws/software/library_ws/install/teb_msgs:/home/jetson/yahboomcar_ros2_ws/software/library_ws/install/sllidar_ros2:/home/jetson/yahboomcar_ros2_ws/software/library_ws/install/slam_gmapping:/home/jetson/yahboomcar_ros2_ws/software/library_ws/install/robot_localization:/home/jetson/yahboomcar_ros2_ws/software/library_ws/install/openslam_gmapping:/home/jetson/yahboomcar_ros2_ws/software/library_ws/install/costmap_converter:/home/jetson/yahboomcar_ros2_ws/software/library_ws/install/costmap_converter_msgs:/home/jetson/yahboomcar_ros2_ws/software/library_ws/install/astra_camera:/home/jetson/yahboomcar_ros2_ws/software/library_ws/install/astra_camera_msgs:/opt/ros/humble LD_LIBRARY_PATH=/home/jetson/yahboomcar_ros2_ws_new/yahboomcar_ws/install/yahboomcar_msgs/lib:/usr/local/lib:/home/jetson/yahboomcar_ros2_ws/software/ORB_SLAM2/lib:/home/jetson/yahboomcar_ros2_ws/software/ORB_SLAM2/Thirdparty/DBoW2/lib:/home/jetson/yahboomcar_ros2_ws/software/ORB_SLAM2/Thirdparty/g2o/lib:/home/jetson/yahboomcar_ws/install/yahboomcar_astra/usr/local/lib/yahboomcar_astra:/usr/local/lib:/usr/local/cuda-12.6/lib64:/usr/local/lib:/home/jetson/yahboomcar_ros2_ws/software/ORB_SLAM2/lib:/home/jetson/yahboomcar_ros2_ws/software/ORB_SLAM2/Thirdparty/DBoW2/lib:/home/jetson/yahboomcar_ros2_ws/software/ORB_SLAM2/Thirdparty/g2o/lib:/home/jetson/yahboomcar_ws/install/yahboomcar_astra/usr/local/lib/yahboomcar_astra:/home/jetson/yahboomcar_ws/install/yahboomcar_astra/lib:/home/jetson/yahboomcar_ws/install/yahboomcar_msgs/lib:/home/jetson/yahboomcar_ws/install/cv_bridge/lib:/home/jetson/yahboomcar_ros2_ws/software/library_ws/install/teb_local_planner/lib:/home/jetson/yahboomcar_ros2_ws/software/library_ws/install/teb_msgs/lib:/home/jetson/yahboomcar_ros2_ws/software/library_ws/install/robot_localization/lib:/home/jetson/yahboomcar_ros2_ws/software/library_ws/install/openslam_gmapping/lib:/home/jetson/yahboomcar_ros2_ws/software/library_ws/install/costmap_converter/lib:/home/jetson/yahboomcar_ros2_ws/software/library_ws/install/costmap_converter_msgs/lib:/home/jetson/yahboomcar_ros2_ws/software/library_ws/install/astra_camera/lib:/home/jetson/yahboomcar_ros2_ws/software/library_ws/install/astra_camera_msgs/lib:/opt/ros/humble/opt/rviz_ogre_vendor/lib:/opt/ros/humble/lib/aarch64-linux-gnu:/opt/ros/humble/lib:/usr/local/lib:/usr/local/cuda-12.6/lib64 PYTHONPATH=/home/jetson/yahboomcar_ros2_ws_new/yahboomcar_ws/install/yahboomcar_msgs/local/lib/python3.10/dist-packages:${PYTHONPATH} /usr/bin/cmake /home/jetson/yahboomcar_ros2_ws_new/yahboomcar_ws/src/arm_autopilot -DAMENT_CMAKE_SYMLINK_INSTALL=1 -DCMAKE_INSTALL_PREFIX=/home/jetson/yahboomcar_ros2_ws_new/yahboomcar_ws/install/arm_autopilot
[3.401s] colcon.colcon_core.event_handler.log_command DEBUG Invoking command in '/home/jetson/yahboomcar_ros2_ws_new/yahboomcar_ws/build/arm_autopilot': AMENT_PREFIX_PATH=/home/jetson/yahboomcar_ros2_ws_new/yahboomcar_ws/install/yahboomcar_msgs:${AMENT_PREFIX_PATH} CMAKE_PREFIX_PATH=/home/jetson/yahboomcar_ros2_ws_new/yahboomcar_ws/install/yahboomcar_msgs:/home/jetson/yahboomcar_ws/install/yahboomcar_voice_ctrl:/home/jetson/yahboomcar_ws/install/yahboomcar_slam:/home/jetson/yahboomcar_ws/install/yahboomcar_nav:/home/jetson/yahboomcar_ws/install/yahboomcar_astra:/home/jetson/yahboomcar_ws/install/yahboomcar_ctrl:/home/jetson/yahboomcar_ws/install/yahboomcar_bringup:/home/jetson/yahboomcar_ws/install/yahboomcar_msgs:/home/jetson/yahboomcar_ws/install/yahboomcar_linefollw:/home/jetson/yahboomcar_ws/install/yahboomcar_laser:/home/jetson/yahboomcar_ws/install/yahboomcar_description:/home/jetson/yahboomcar_ws/install/ros2_orbslam:/home/jetson/yahboomcar_ws/install/cv_bridge:/home/jetson/yahboomcar_ros2_ws/software/library_ws/install/ydlidar_ros2_driver:/home/jetson/yahboomcar_ros2_ws/software/library_ws/install/web_video_server:/home/jetson/yahboomcar_ros2_ws/software/library_ws/install/teb_local_planner:/home/jetson/yahboomcar_ros2_ws/software/library_ws/install/teb_msgs:/home/jetson/yahboomcar_ros2_ws/software/library_ws/install/sllidar_ros2:/home/jetson/yahboomcar_ros2_ws/software/library_ws/install/slam_gmapping:/home/jetson/yahboomcar_ros2_ws/software/library_ws/install/robot_localization:/home/jetson/yahboomcar_ros2_ws/software/library_ws/install/openslam_gmapping:/home/jetson/yahboomcar_ros2_ws/software/library_ws/install/costmap_converter:/home/jetson/yahboomcar_ros2_ws/software/library_ws/install/costmap_converter_msgs:/home/jetson/yahboomcar_ros2_ws/software/library_ws/install/astra_camera:/home/jetson/yahboomcar_ros2_ws/software/library_ws/install/astra_camera_msgs:/opt/ros/humble LD_LIBRARY_PATH=/home/jetson/yahboomcar_ros2_ws_new/yahboomcar_ws/install/yahboomcar_msgs/lib:/usr/local/lib:/home/jetson/yahboomcar_ros2_ws/software/ORB_SLAM2/lib:/home/jetson/yahboomcar_ros2_ws/software/ORB_SLAM2/Thirdparty/DBoW2/lib:/home/jetson/yahboomcar_ros2_ws/software/ORB_SLAM2/Thirdparty/g2o/lib:/home/jetson/yahboomcar_ws/install/yahboomcar_astra/usr/local/lib/yahboomcar_astra:/usr/local/lib:/usr/local/cuda-12.6/lib64:/usr/local/lib:/home/jetson/yahboomcar_ros2_ws/software/ORB_SLAM2/lib:/home/jetson/yahboomcar_ros2_ws/software/ORB_SLAM2/Thirdparty/DBoW2/lib:/home/jetson/yahboomcar_ros2_ws/software/ORB_SLAM2/Thirdparty/g2o/lib:/home/jetson/yahboomcar_ws/install/yahboomcar_astra/usr/local/lib/yahboomcar_astra:/home/jetson/yahboomcar_ws/install/yahboomcar_astra/lib:/home/jetson/yahboomcar_ws/install/yahboomcar_msgs/lib:/home/jetson/yahboomcar_ws/install/cv_bridge/lib:/home/jetson/yahboomcar_ros2_ws/software/library_ws/install/teb_local_planner/lib:/home/jetson/yahboomcar_ros2_ws/software/library_ws/install/teb_msgs/lib:/home/jetson/yahboomcar_ros2_ws/software/library_ws/install/robot_localization/lib:/home/jetson/yahboomcar_ros2_ws/software/library_ws/install/openslam_gmapping/lib:/home/jetson/yahboomcar_ros2_ws/software/library_ws/install/costmap_converter/lib:/home/jetson/yahboomcar_ros2_ws/software/library_ws/install/costmap_converter_msgs/lib:/home/jetson/yahboomcar_ros2_ws/software/library_ws/install/astra_camera/lib:/home/jetson/yahboomcar_ros2_ws/software/library_ws/install/astra_camera_msgs/lib:/opt/ros/humble/opt/rviz_ogre_vendor/lib:/opt/ros/humble/lib/aarch64-linux-gnu:/opt/ros/humble/lib:/usr/local/lib:/usr/local/cuda-12.6/lib64 PYTHONPATH=/home/jetson/yahboomcar_ros2_ws_new/yahboomcar_ws/install/yahboomcar_msgs/local/lib/python3.10/dist-packages:${PYTHONPATH} /usr/bin/cmake --build /home/jetson/yahboomcar_ros2_ws_new/yahboomcar_ws/build/arm_autopilot -- -j6 -l6
[4.397s] colcon.colcon_core.event_handler.log_command DEBUG Invoked command in '/home/jetson/yahboomcar_ros2_ws_new/yahboomcar_ws/build/arm_autopilot' returned '0': AMENT_PREFIX_PATH=/home/jetson/yahboomcar_ros2_ws_new/yahboomcar_ws/install/yahboomcar_msgs:${AMENT_PREFIX_PATH} CMAKE_PREFIX_PATH=/home/jetson/yahboomcar_ros2_ws_new/yahboomcar_ws/install/yahboomcar_msgs:/home/jetson/yahboomcar_ws/install/yahboomcar_voice_ctrl:/home/jetson/yahboomcar_ws/install/yahboomcar_slam:/home/jetson/yahboomcar_ws/install/yahboomcar_nav:/home/jetson/yahboomcar_ws/install/yahboomcar_astra:/home/jetson/yahboomcar_ws/install/yahboomcar_ctrl:/home/jetson/yahboomcar_ws/install/yahboomcar_bringup:/home/jetson/yahboomcar_ws/install/yahboomcar_msgs:/home/jetson/yahboomcar_ws/install/yahboomcar_linefollw:/home/jetson/yahboomcar_ws/install/yahboomcar_laser:/home/jetson/yahboomcar_ws/install/yahboomcar_description:/home/jetson/yahboomcar_ws/install/ros2_orbslam:/home/jetson/yahboomcar_ws/install/cv_bridge:/home/jetson/yahboomcar_ros2_ws/software/library_ws/install/ydlidar_ros2_driver:/home/jetson/yahboomcar_ros2_ws/software/library_ws/install/web_video_server:/home/jetson/yahboomcar_ros2_ws/software/library_ws/install/teb_local_planner:/home/jetson/yahboomcar_ros2_ws/software/library_ws/install/teb_msgs:/home/jetson/yahboomcar_ros2_ws/software/library_ws/install/sllidar_ros2:/home/jetson/yahboomcar_ros2_ws/software/library_ws/install/slam_gmapping:/home/jetson/yahboomcar_ros2_ws/software/library_ws/install/robot_localization:/home/jetson/yahboomcar_ros2_ws/software/library_ws/install/openslam_gmapping:/home/jetson/yahboomcar_ros2_ws/software/library_ws/install/costmap_converter:/home/jetson/yahboomcar_ros2_ws/software/library_ws/install/costmap_converter_msgs:/home/jetson/yahboomcar_ros2_ws/software/library_ws/install/astra_camera:/home/jetson/yahboomcar_ros2_ws/software/library_ws/install/astra_camera_msgs:/opt/ros/humble LD_LIBRARY_PATH=/home/jetson/yahboomcar_ros2_ws_new/yahboomcar_ws/install/yahboomcar_msgs/lib:/usr/local/lib:/home/jetson/yahboomcar_ros2_ws/software/ORB_SLAM2/lib:/home/jetson/yahboomcar_ros2_ws/software/ORB_SLAM2/Thirdparty/DBoW2/lib:/home/jetson/yahboomcar_ros2_ws/software/ORB_SLAM2/Thirdparty/g2o/lib:/home/jetson/yahboomcar_ws/install/yahboomcar_astra/usr/local/lib/yahboomcar_astra:/usr/local/lib:/usr/local/cuda-12.6/lib64:/usr/local/lib:/home/jetson/yahboomcar_ros2_ws/software/ORB_SLAM2/lib:/home/jetson/yahboomcar_ros2_ws/software/ORB_SLAM2/Thirdparty/DBoW2/lib:/home/jetson/yahboomcar_ros2_ws/software/ORB_SLAM2/Thirdparty/g2o/lib:/home/jetson/yahboomcar_ws/install/yahboomcar_astra/usr/local/lib/yahboomcar_astra:/home/jetson/yahboomcar_ws/install/yahboomcar_astra/lib:/home/jetson/yahboomcar_ws/install/yahboomcar_msgs/lib:/home/jetson/yahboomcar_ws/install/cv_bridge/lib:/home/jetson/yahboomcar_ros2_ws/software/library_ws/install/teb_local_planner/lib:/home/jetson/yahboomcar_ros2_ws/software/library_ws/install/teb_msgs/lib:/home/jetson/yahboomcar_ros2_ws/software/library_ws/install/robot_localization/lib:/home/jetson/yahboomcar_ros2_ws/software/library_ws/install/openslam_gmapping/lib:/home/jetson/yahboomcar_ros2_ws/software/library_ws/install/costmap_converter/lib:/home/jetson/yahboomcar_ros2_ws/software/library_ws/install/costmap_converter_msgs/lib:/home/jetson/yahboomcar_ros2_ws/software/library_ws/install/astra_camera/lib:/home/jetson/yahboomcar_ros2_ws/software/library_ws/install/astra_camera_msgs/lib:/opt/ros/humble/opt/rviz_ogre_vendor/lib:/opt/ros/humble/lib/aarch64-linux-gnu:/opt/ros/humble/lib:/usr/local/lib:/usr/local/cuda-12.6/lib64 PYTHONPATH=/home/jetson/yahboomcar_ros2_ws_new/yahboomcar_ws/install/yahboomcar_msgs/local/lib/python3.10/dist-packages:${PYTHONPATH} /usr/bin/cmake --build /home/jetson/yahboomcar_ros2_ws_new/yahboomcar_ws/build/arm_autopilot -- -j6 -l6
[4.426s] colcon.colcon_core.event_handler.log_command DEBUG Invoking command in '/home/jetson/yahboomcar_ros2_ws_new/yahboomcar_ws/build/arm_autopilot': AMENT_PREFIX_PATH=/home/jetson/yahboomcar_ros2_ws_new/yahboomcar_ws/install/yahboomcar_msgs:${AMENT_PREFIX_PATH} CMAKE_PREFIX_PATH=/home/jetson/yahboomcar_ros2_ws_new/yahboomcar_ws/install/yahboomcar_msgs:/home/jetson/yahboomcar_ws/install/yahboomcar_voice_ctrl:/home/jetson/yahboomcar_ws/install/yahboomcar_slam:/home/jetson/yahboomcar_ws/install/yahboomcar_nav:/home/jetson/yahboomcar_ws/install/yahboomcar_astra:/home/jetson/yahboomcar_ws/install/yahboomcar_ctrl:/home/jetson/yahboomcar_ws/install/yahboomcar_bringup:/home/jetson/yahboomcar_ws/install/yahboomcar_msgs:/home/jetson/yahboomcar_ws/install/yahboomcar_linefollw:/home/jetson/yahboomcar_ws/install/yahboomcar_laser:/home/jetson/yahboomcar_ws/install/yahboomcar_description:/home/jetson/yahboomcar_ws/install/ros2_orbslam:/home/jetson/yahboomcar_ws/install/cv_bridge:/home/jetson/yahboomcar_ros2_ws/software/library_ws/install/ydlidar_ros2_driver:/home/jetson/yahboomcar_ros2_ws/software/library_ws/install/web_video_server:/home/jetson/yahboomcar_ros2_ws/software/library_ws/install/teb_local_planner:/home/jetson/yahboomcar_ros2_ws/software/library_ws/install/teb_msgs:/home/jetson/yahboomcar_ros2_ws/software/library_ws/install/sllidar_ros2:/home/jetson/yahboomcar_ros2_ws/software/library_ws/install/slam_gmapping:/home/jetson/yahboomcar_ros2_ws/software/library_ws/install/robot_localization:/home/jetson/yahboomcar_ros2_ws/software/library_ws/install/openslam_gmapping:/home/jetson/yahboomcar_ros2_ws/software/library_ws/install/costmap_converter:/home/jetson/yahboomcar_ros2_ws/software/library_ws/install/costmap_converter_msgs:/home/jetson/yahboomcar_ros2_ws/software/library_ws/install/astra_camera:/home/jetson/yahboomcar_ros2_ws/software/library_ws/install/astra_camera_msgs:/opt/ros/humble LD_LIBRARY_PATH=/home/jetson/yahboomcar_ros2_ws_new/yahboomcar_ws/install/yahboomcar_msgs/lib:/usr/local/lib:/home/jetson/yahboomcar_ros2_ws/software/ORB_SLAM2/lib:/home/jetson/yahboomcar_ros2_ws/software/ORB_SLAM2/Thirdparty/DBoW2/lib:/home/jetson/yahboomcar_ros2_ws/software/ORB_SLAM2/Thirdparty/g2o/lib:/home/jetson/yahboomcar_ws/install/yahboomcar_astra/usr/local/lib/yahboomcar_astra:/usr/local/lib:/usr/local/cuda-12.6/lib64:/usr/local/lib:/home/jetson/yahboomcar_ros2_ws/software/ORB_SLAM2/lib:/home/jetson/yahboomcar_ros2_ws/software/ORB_SLAM2/Thirdparty/DBoW2/lib:/home/jetson/yahboomcar_ros2_ws/software/ORB_SLAM2/Thirdparty/g2o/lib:/home/jetson/yahboomcar_ws/install/yahboomcar_astra/usr/local/lib/yahboomcar_astra:/home/jetson/yahboomcar_ws/install/yahboomcar_astra/lib:/home/jetson/yahboomcar_ws/install/yahboomcar_msgs/lib:/home/jetson/yahboomcar_ws/install/cv_bridge/lib:/home/jetson/yahboomcar_ros2_ws/software/library_ws/install/teb_local_planner/lib:/home/jetson/yahboomcar_ros2_ws/software/library_ws/install/teb_msgs/lib:/home/jetson/yahboomcar_ros2_ws/software/library_ws/install/robot_localization/lib:/home/jetson/yahboomcar_ros2_ws/software/library_ws/install/openslam_gmapping/lib:/home/jetson/yahboomcar_ros2_ws/software/library_ws/install/costmap_converter/lib:/home/jetson/yahboomcar_ros2_ws/software/library_ws/install/costmap_converter_msgs/lib:/home/jetson/yahboomcar_ros2_ws/software/library_ws/install/astra_camera/lib:/home/jetson/yahboomcar_ros2_ws/software/library_ws/install/astra_camera_msgs/lib:/opt/ros/humble/opt/rviz_ogre_vendor/lib:/opt/ros/humble/lib/aarch64-linux-gnu:/opt/ros/humble/lib:/usr/local/lib:/usr/local/cuda-12.6/lib64 PYTHONPATH=/home/jetson/yahboomcar_ros2_ws_new/yahboomcar_ws/install/yahboomcar_msgs/local/lib/python3.10/dist-packages:${PYTHONPATH} /usr/bin/cmake --install /home/jetson/yahboomcar_ros2_ws_new/yahboomcar_ws/build/arm_autopilot
[5.217s] colcon.colcon_core.environment Level 1 create_environment_scripts_only(arm_autopilot)
[5.219s] colcon.colcon_core.event_handler.log_command DEBUG Invoked command in '/home/jetson/yahboomcar_ros2_ws_new/yahboomcar_ws/build/arm_autopilot' returned '0': AMENT_PREFIX_PATH=/home/jetson/yahboomcar_ros2_ws_new/yahboomcar_ws/install/yahboomcar_msgs:${AMENT_PREFIX_PATH} CMAKE_PREFIX_PATH=/home/jetson/yahboomcar_ros2_ws_new/yahboomcar_ws/install/yahboomcar_msgs:/home/jetson/yahboomcar_ws/install/yahboomcar_voice_ctrl:/home/jetson/yahboomcar_ws/install/yahboomcar_slam:/home/jetson/yahboomcar_ws/install/yahboomcar_nav:/home/jetson/yahboomcar_ws/install/yahboomcar_astra:/home/jetson/yahboomcar_ws/install/yahboomcar_ctrl:/home/jetson/yahboomcar_ws/install/yahboomcar_bringup:/home/jetson/yahboomcar_ws/install/yahboomcar_msgs:/home/jetson/yahboomcar_ws/install/yahboomcar_linefollw:/home/jetson/yahboomcar_ws/install/yahboomcar_laser:/home/jetson/yahboomcar_ws/install/yahboomcar_description:/home/jetson/yahboomcar_ws/install/ros2_orbslam:/home/jetson/yahboomcar_ws/install/cv_bridge:/home/jetson/yahboomcar_ros2_ws/software/library_ws/install/ydlidar_ros2_driver:/home/jetson/yahboomcar_ros2_ws/software/library_ws/install/web_video_server:/home/jetson/yahboomcar_ros2_ws/software/library_ws/install/teb_local_planner:/home/jetson/yahboomcar_ros2_ws/software/library_ws/install/teb_msgs:/home/jetson/yahboomcar_ros2_ws/software/library_ws/install/sllidar_ros2:/home/jetson/yahboomcar_ros2_ws/software/library_ws/install/slam_gmapping:/home/jetson/yahboomcar_ros2_ws/software/library_ws/install/robot_localization:/home/jetson/yahboomcar_ros2_ws/software/library_ws/install/openslam_gmapping:/home/jetson/yahboomcar_ros2_ws/software/library_ws/install/costmap_converter:/home/jetson/yahboomcar_ros2_ws/software/library_ws/install/costmap_converter_msgs:/home/jetson/yahboomcar_ros2_ws/software/library_ws/install/astra_camera:/home/jetson/yahboomcar_ros2_ws/software/library_ws/install/astra_camera_msgs:/opt/ros/humble LD_LIBRARY_PATH=/home/jetson/yahboomcar_ros2_ws_new/yahboomcar_ws/install/yahboomcar_msgs/lib:/usr/local/lib:/home/jetson/yahboomcar_ros2_ws/software/ORB_SLAM2/lib:/home/jetson/yahboomcar_ros2_ws/software/ORB_SLAM2/Thirdparty/DBoW2/lib:/home/jetson/yahboomcar_ros2_ws/software/ORB_SLAM2/Thirdparty/g2o/lib:/home/jetson/yahboomcar_ws/install/yahboomcar_astra/usr/local/lib/yahboomcar_astra:/usr/local/lib:/usr/local/cuda-12.6/lib64:/usr/local/lib:/home/jetson/yahboomcar_ros2_ws/software/ORB_SLAM2/lib:/home/jetson/yahboomcar_ros2_ws/software/ORB_SLAM2/Thirdparty/DBoW2/lib:/home/jetson/yahboomcar_ros2_ws/software/ORB_SLAM2/Thirdparty/g2o/lib:/home/jetson/yahboomcar_ws/install/yahboomcar_astra/usr/local/lib/yahboomcar_astra:/home/jetson/yahboomcar_ws/install/yahboomcar_astra/lib:/home/jetson/yahboomcar_ws/install/yahboomcar_msgs/lib:/home/jetson/yahboomcar_ws/install/cv_bridge/lib:/home/jetson/yahboomcar_ros2_ws/software/library_ws/install/teb_local_planner/lib:/home/jetson/yahboomcar_ros2_ws/software/library_ws/install/teb_msgs/lib:/home/jetson/yahboomcar_ros2_ws/software/library_ws/install/robot_localization/lib:/home/jetson/yahboomcar_ros2_ws/software/library_ws/install/openslam_gmapping/lib:/home/jetson/yahboomcar_ros2_ws/software/library_ws/install/costmap_converter/lib:/home/jetson/yahboomcar_ros2_ws/software/library_ws/install/costmap_converter_msgs/lib:/home/jetson/yahboomcar_ros2_ws/software/library_ws/install/astra_camera/lib:/home/jetson/yahboomcar_ros2_ws/software/library_ws/install/astra_camera_msgs/lib:/opt/ros/humble/opt/rviz_ogre_vendor/lib:/opt/ros/humble/lib/aarch64-linux-gnu:/opt/ros/humble/lib:/usr/local/lib:/usr/local/cuda-12.6/lib64 PYTHONPATH=/home/jetson/yahboomcar_ros2_ws_new/yahboomcar_ws/install/yahboomcar_msgs/local/lib/python3.10/dist-packages:${PYTHONPATH} /usr/bin/cmake --install /home/jetson/yahboomcar_ros2_ws_new/yahboomcar_ws/build/arm_autopilot
[5.230s] colcon.colcon_core.environment Level 1 checking '/home/jetson/yahboomcar_ros2_ws_new/yahboomcar_ws/install/arm_autopilot' for CMake module files
[5.232s] colcon.colcon_core.environment Level 1 checking '/home/jetson/yahboomcar_ros2_ws_new/yahboomcar_ws/install/arm_autopilot' for CMake config files
[5.233s] colcon.colcon_core.shell Level 1 create_environment_hook('arm_autopilot', 'cmake_prefix_path')
[5.234s] colcon.colcon_core.shell INFO Creating environment hook '/home/jetson/yahboomcar_ros2_ws_new/yahboomcar_ws/install/arm_autopilot/share/arm_autopilot/hook/cmake_prefix_path.ps1'
[5.237s] colcon.colcon_core.shell INFO Creating environment descriptor '/home/jetson/yahboomcar_ros2_ws_new/yahboomcar_ws/install/arm_autopilot/share/arm_autopilot/hook/cmake_prefix_path.dsv'
[5.239s] colcon.colcon_core.shell INFO Creating environment hook '/home/jetson/yahboomcar_ros2_ws_new/yahboomcar_ws/install/arm_autopilot/share/arm_autopilot/hook/cmake_prefix_path.sh'
[5.242s] colcon.colcon_core.environment Level 1 checking '/home/jetson/yahboomcar_ros2_ws_new/yahboomcar_ws/install/arm_autopilot/lib'
[5.243s] colcon.colcon_core.environment Level 1 checking '/home/jetson/yahboomcar_ros2_ws_new/yahboomcar_ws/install/arm_autopilot/bin'
[5.243s] colcon.colcon_core.environment Level 1 checking '/home/jetson/yahboomcar_ros2_ws_new/yahboomcar_ws/install/arm_autopilot/lib/pkgconfig/arm_autopilot.pc'
[5.244s] colcon.colcon_core.environment Level 1 checking '/home/jetson/yahboomcar_ros2_ws_new/yahboomcar_ws/install/arm_autopilot/lib/python3.10/site-packages'
[5.244s] colcon.colcon_core.environment Level 1 checking '/home/jetson/yahboomcar_ros2_ws_new/yahboomcar_ws/install/arm_autopilot/bin'
[5.245s] colcon.colcon_core.shell INFO Creating package script '/home/jetson/yahboomcar_ros2_ws_new/yahboomcar_ws/install/arm_autopilot/share/arm_autopilot/package.ps1'
[5.248s] colcon.colcon_core.shell INFO Creating package descriptor '/home/jetson/yahboomcar_ros2_ws_new/yahboomcar_ws/install/arm_autopilot/share/arm_autopilot/package.dsv'
[5.250s] colcon.colcon_core.shell INFO Creating package script '/home/jetson/yahboomcar_ros2_ws_new/yahboomcar_ws/install/arm_autopilot/share/arm_autopilot/package.sh'
[5.253s] colcon.colcon_core.shell INFO Creating package script '/home/jetson/yahboomcar_ros2_ws_new/yahboomcar_ws/install/arm_autopilot/share/arm_autopilot/package.bash'
[5.256s] colcon.colcon_core.shell INFO Creating package script '/home/jetson/yahboomcar_ros2_ws_new/yahboomcar_ws/install/arm_autopilot/share/arm_autopilot/package.zsh'
[5.258s] colcon.colcon_core.environment Level 1 create_file_with_runtime_dependencies(/home/jetson/yahboomcar_ros2_ws_new/yahboomcar_ws/install/arm_autopilot/share/colcon-core/packages/arm_autopilot)
[5.262s] colcon.colcon_core.environment Level 1 create_environment_scripts_only(arm_autopilot)
[5.262s] colcon.colcon_core.environment Level 1 checking '/home/jetson/yahboomcar_ros2_ws_new/yahboomcar_ws/install/arm_autopilot' for CMake module files
[5.264s] colcon.colcon_core.environment Level 1 checking '/home/jetson/yahboomcar_ros2_ws_new/yahboomcar_ws/install/arm_autopilot' for CMake config files
[5.265s] colcon.colcon_core.shell Level 1 create_environment_hook('arm_autopilot', 'cmake_prefix_path')
[5.266s] colcon.colcon_core.shell INFO Creating environment hook '/home/jetson/yahboomcar_ros2_ws_new/yahboomcar_ws/install/arm_autopilot/share/arm_autopilot/hook/cmake_prefix_path.ps1'
[5.268s] colcon.colcon_core.shell INFO Creating environment descriptor '/home/jetson/yahboomcar_ros2_ws_new/yahboomcar_ws/install/arm_autopilot/share/arm_autopilot/hook/cmake_prefix_path.dsv'
[5.269s] colcon.colcon_core.shell INFO Creating environment hook '/home/jetson/yahboomcar_ros2_ws_new/yahboomcar_ws/install/arm_autopilot/share/arm_autopilot/hook/cmake_prefix_path.sh'
[5.271s] colcon.colcon_core.environment Level 1 checking '/home/jetson/yahboomcar_ros2_ws_new/yahboomcar_ws/install/arm_autopilot/lib'
[5.271s] colcon.colcon_core.environment Level 1 checking '/home/jetson/yahboomcar_ros2_ws_new/yahboomcar_ws/install/arm_autopilot/bin'
[5.272s] colcon.colcon_core.environment Level 1 checking '/home/jetson/yahboomcar_ros2_ws_new/yahboomcar_ws/install/arm_autopilot/lib/pkgconfig/arm_autopilot.pc'
[5.272s] colcon.colcon_core.environment Level 1 checking '/home/jetson/yahboomcar_ros2_ws_new/yahboomcar_ws/install/arm_autopilot/lib/python3.10/site-packages'
[5.273s] colcon.colcon_core.environment Level 1 checking '/home/jetson/yahboomcar_ros2_ws_new/yahboomcar_ws/install/arm_autopilot/bin'
[5.274s] colcon.colcon_core.shell INFO Creating package script '/home/jetson/yahboomcar_ros2_ws_new/yahboomcar_ws/install/arm_autopilot/share/arm_autopilot/package.ps1'
[5.276s] colcon.colcon_core.shell INFO Creating package descriptor '/home/jetson/yahboomcar_ros2_ws_new/yahboomcar_ws/install/arm_autopilot/share/arm_autopilot/package.dsv'
[5.277s] colcon.colcon_core.shell INFO Creating package script '/home/jetson/yahboomcar_ros2_ws_new/yahboomcar_ws/install/arm_autopilot/share/arm_autopilot/package.sh'
[5.278s] colcon.colcon_core.shell INFO Creating package script '/home/jetson/yahboomcar_ros2_ws_new/yahboomcar_ws/install/arm_autopilot/share/arm_autopilot/package.bash'
[5.280s] colcon.colcon_core.shell INFO Creating package script '/home/jetson/yahboomcar_ros2_ws_new/yahboomcar_ws/install/arm_autopilot/share/arm_autopilot/package.zsh'
[5.282s] colcon.colcon_core.environment Level 1 create_file_with_runtime_dependencies(/home/jetson/yahboomcar_ros2_ws_new/yahboomcar_ws/install/arm_autopilot/share/colcon-core/packages/arm_autopilot)
[5.282s] colcon.colcon_parallel_executor.executor.parallel DEBUG closing loop
[5.283s] colcon.colcon_parallel_executor.executor.parallel DEBUG loop closed
[5.283s] colcon.colcon_parallel_executor.executor.parallel DEBUG run_until_complete finished with '0'
[5.283s] colcon.colcon_core.event_reactor DEBUG joining thread
[5.301s] colcon.colcon_core.plugin_system INFO Skipping extension 'colcon_notification.desktop_notification.terminal_notifier': Not used on non-Darwin systems
[5.301s] colcon.colcon_core.plugin_system INFO Skipping extension 'colcon_notification.desktop_notification.win32': Not used on non-Windows systems
[5.301s] colcon.colcon_notification.desktop_notification INFO Sending desktop notification using 'notify2'
[5.329s] colcon.colcon_core.event_reactor DEBUG joined thread
[5.330s] colcon.colcon_core.shell INFO Creating prefix script '/home/jetson/yahboomcar_ros2_ws_new/yahboomcar_ws/install/local_setup.ps1'
[5.333s] colcon.colcon_core.shell INFO Creating prefix util module '/home/jetson/yahboomcar_ros2_ws_new/yahboomcar_ws/install/_local_setup_util_ps1.py'
[5.338s] colcon.colcon_core.shell INFO Creating prefix chain script '/home/jetson/yahboomcar_ros2_ws_new/yahboomcar_ws/install/setup.ps1'
[5.344s] colcon.colcon_core.shell INFO Creating prefix script '/home/jetson/yahboomcar_ros2_ws_new/yahboomcar_ws/install/local_setup.sh'
[5.345s] colcon.colcon_core.shell INFO Creating prefix util module '/home/jetson/yahboomcar_ros2_ws_new/yahboomcar_ws/install/_local_setup_util_sh.py'
[5.347s] colcon.colcon_core.shell INFO Creating prefix chain script '/home/jetson/yahboomcar_ros2_ws_new/yahboomcar_ws/install/setup.sh'
[5.354s] colcon.colcon_core.shell INFO Creating prefix script '/home/jetson/yahboomcar_ros2_ws_new/yahboomcar_ws/install/local_setup.bash'
[5.355s] colcon.colcon_core.shell INFO Creating prefix chain script '/home/jetson/yahboomcar_ros2_ws_new/yahboomcar_ws/install/setup.bash'
[5.360s] colcon.colcon_core.shell INFO Creating prefix script '/home/jetson/yahboomcar_ros2_ws_new/yahboomcar_ws/install/local_setup.zsh'
[5.362s] colcon.colcon_core.shell INFO Creating prefix chain script '/home/jetson/yahboomcar_ros2_ws_new/yahboomcar_ws/install/setup.zsh'
