-- The C compiler identification is GNU 11.4.0
-- The CXX compiler identification is GNU 11.4.0
-- Detecting C compiler ABI info
-- Detecting C compiler ABI info - done
-- Check for working C compiler: /usr/bin/cc - skipped
-- Detecting C compile features
-- Detecting C compile features - done
-- Detecting CXX compiler ABI info
-- Detecting CXX compiler ABI info - done
-- Check for working CXX compiler: /usr/bin/c++ - skipped
-- Detecting CXX compile features
-- Detecting CXX compile features - done
-- Found ament_cmake: 1.3.11 (/opt/ros/humble/share/ament_cmake/cmake)
-- Found Python3: /usr/bin/python3 (found version "3.10.12") found components: Interpreter 
-- Override CMake install command with custom implementation using symlinks instead of copying resources
-- Found rosidl_default_generators: 1.2.0 (/opt/ros/humble/share/rosidl_default_generators/cmake)
-- Using all available rosidl_typesupport_c: rosidl_typesupport_fastrtps_c;rosidl_typesupport_introspection_c
-- Found rosidl_adapter: 3.1.6 (/opt/ros/humble/share/rosidl_adapter/cmake)
-- Using all available rosidl_typesupport_cpp: rosidl_typesupport_fastrtps_cpp;rosidl_typesupport_introspection_cpp
-- Found geometry_msgs: 4.8.0 (/opt/ros/humble/share/geometry_msgs/cmake)
-- Found ament_cmake_ros: 0.10.0 (/opt/ros/humble/share/ament_cmake_ros/cmake)
-- Using all available rosidl_typesupport_c: rosidl_typesupport_fastrtps_c;rosidl_typesupport_introspection_c
-- Using all available rosidl_typesupport_cpp: rosidl_typesupport_fastrtps_cpp;rosidl_typesupport_introspection_cpp
-- Found PythonInterp: /usr/bin/python3 (found suitable version "3.10.12", minimum required is "3.6") 
-- Found python_cmake_module: 0.10.0 (/opt/ros/humble/share/python_cmake_module/cmake)
-- Found PythonLibs: /usr/lib/aarch64-linux-gnu/libpython3.10.so (found suitable version "3.10.12", minimum required is "3.5") 
-- Using PYTHON_EXECUTABLE: /usr/bin/python3
-- Using PYTHON_INCLUDE_DIRS: /usr/include/python3.10
-- Using PYTHON_LIBRARIES: /usr/lib/aarch64-linux-gnu/libpython3.10.so
-- Found PythonExtra: .so  
-- Using numpy include directory: /home/jetson/.local/lib/python3.10/site-packages/numpy/core/include
-- Found ament_lint_auto: 0.12.12 (/opt/ros/humble/share/ament_lint_auto/cmake)
-- Added test 'copyright' to check source files copyright and LICENSE
-- Added test 'lint_cmake' to check CMake code style
-- Added test 'xmllint' to check XML markup files
-- Configuring done
-- Generating done
-- Build files have been written to: /home/jetson/yahboomcar_ros2_ws_new/yahboomcar_ws/build/yahboomcar_msgs
[  1%] Generating C code for ROS interfaces
[  3%] Generating C++ code for ROS interfaces
[  3%] Built target ament_cmake_python_symlink_yahboomcar_msgs
running egg_info
creating yahboomcar_msgs.egg-info
writing yahboomcar_msgs.egg-info/PKG-INFO
writing dependency_links to yahboomcar_msgs.egg-info/dependency_links.txt
writing top-level names to yahboomcar_msgs.egg-info/top_level.txt
writing manifest file 'yahboomcar_msgs.egg-info/SOURCES.txt'
reading manifest file 'yahboomcar_msgs.egg-info/SOURCES.txt'
writing manifest file 'yahboomcar_msgs.egg-info/SOURCES.txt'
[  3%] Built target ament_cmake_python_build_yahboomcar_msgs_egg
[  3%] Built target yahboomcar_msgs__cpp
[  4%] Building C object CMakeFiles/yahboomcar_msgs__rosidl_generator_c.dir/rosidl_generator_c/yahboomcar_msgs/msg/detail/image_msg__functions.c.o
[  6%] Building C object CMakeFiles/yahboomcar_msgs__rosidl_generator_c.dir/rosidl_generator_c/yahboomcar_msgs/msg/detail/point_array__functions.c.o
[  7%] Generating C++ type support dispatch for ROS interfaces
[  9%] Generating C++ type support for eProsima Fast-RTPS
[ 11%] Building C object CMakeFiles/yahboomcar_msgs__rosidl_generator_c.dir/rosidl_generator_c/yahboomcar_msgs/msg/detail/position__functions.c.o
[ 12%] Generating C++ introspection for ROS interfaces
[ 14%] Building C object CMakeFiles/yahboomcar_msgs__rosidl_generator_c.dir/rosidl_generator_c/yahboomcar_msgs/msg/detail/target__functions.c.o
[ 15%] Building C object CMakeFiles/yahboomcar_msgs__rosidl_generator_c.dir/rosidl_generator_c/yahboomcar_msgs/msg/detail/target_array__functions.c.o
[ 17%] Linking C shared library libyahboomcar_msgs__rosidl_generator_c.so
[ 17%] Built target yahboomcar_msgs__rosidl_generator_c
[ 19%] Generating C type support for eProsima Fast-RTPS
[ 20%] Generating C type support dispatch for ROS interfaces
[ 22%] Generating C introspection for ROS interfaces
[ 23%] Building CXX object CMakeFiles/yahboomcar_msgs__rosidl_typesupport_cpp.dir/rosidl_typesupport_cpp/yahboomcar_msgs/msg/image_msg__type_support.cpp.o
[ 25%] Building CXX object CMakeFiles/yahboomcar_msgs__rosidl_typesupport_c.dir/rosidl_typesupport_c/yahboomcar_msgs/msg/image_msg__type_support.cpp.o
[ 26%] Building CXX object CMakeFiles/yahboomcar_msgs__rosidl_typesupport_c.dir/rosidl_typesupport_c/yahboomcar_msgs/msg/point_array__type_support.cpp.o
[ 28%] Building CXX object CMakeFiles/yahboomcar_msgs__rosidl_typesupport_introspection_cpp.dir/rosidl_typesupport_introspection_cpp/yahboomcar_msgs/msg/detail/image_msg__type_support.cpp.o
[ 30%] Building CXX object CMakeFiles/yahboomcar_msgs__rosidl_typesupport_c.dir/rosidl_typesupport_c/yahboomcar_msgs/msg/position__type_support.cpp.o
[ 31%] Building CXX object CMakeFiles/yahboomcar_msgs__rosidl_typesupport_fastrtps_cpp.dir/rosidl_typesupport_fastrtps_cpp/yahboomcar_msgs/msg/detail/dds_fastrtps/image_msg__type_support.cpp.o
[ 33%] Building CXX object CMakeFiles/yahboomcar_msgs__rosidl_typesupport_c.dir/rosidl_typesupport_c/yahboomcar_msgs/msg/target__type_support.cpp.o
[ 34%] Building CXX object CMakeFiles/yahboomcar_msgs__rosidl_typesupport_fastrtps_c.dir/rosidl_typesupport_fastrtps_c/yahboomcar_msgs/msg/detail/image_msg__type_support_c.cpp.o
[ 36%] Building CXX object CMakeFiles/yahboomcar_msgs__rosidl_typesupport_c.dir/rosidl_typesupport_c/yahboomcar_msgs/msg/target_array__type_support.cpp.o
[ 38%] Linking CXX shared library libyahboomcar_msgs__rosidl_typesupport_c.so
[ 38%] Built target yahboomcar_msgs__rosidl_typesupport_c
[ 39%] Building CXX object CMakeFiles/yahboomcar_msgs__rosidl_typesupport_fastrtps_c.dir/rosidl_typesupport_fastrtps_c/yahboomcar_msgs/msg/detail/point_array__type_support_c.cpp.o
[ 41%] Building CXX object CMakeFiles/yahboomcar_msgs__rosidl_typesupport_cpp.dir/rosidl_typesupport_cpp/yahboomcar_msgs/msg/point_array__type_support.cpp.o
[ 42%] Building C object CMakeFiles/yahboomcar_msgs__rosidl_typesupport_introspection_c.dir/rosidl_typesupport_introspection_c/yahboomcar_msgs/msg/detail/image_msg__type_support.c.o
[ 44%] Building CXX object CMakeFiles/yahboomcar_msgs__rosidl_typesupport_fastrtps_c.dir/rosidl_typesupport_fastrtps_c/yahboomcar_msgs/msg/detail/position__type_support_c.cpp.o
[ 46%] Building C object CMakeFiles/yahboomcar_msgs__rosidl_typesupport_introspection_c.dir/rosidl_typesupport_introspection_c/yahboomcar_msgs/msg/detail/point_array__type_support.c.o
[ 47%] Building C object CMakeFiles/yahboomcar_msgs__rosidl_typesupport_introspection_c.dir/rosidl_typesupport_introspection_c/yahboomcar_msgs/msg/detail/position__type_support.c.o
[ 49%] Building CXX object CMakeFiles/yahboomcar_msgs__rosidl_typesupport_introspection_cpp.dir/rosidl_typesupport_introspection_cpp/yahboomcar_msgs/msg/detail/point_array__type_support.cpp.o
[ 50%] Building C object CMakeFiles/yahboomcar_msgs__rosidl_typesupport_introspection_c.dir/rosidl_typesupport_introspection_c/yahboomcar_msgs/msg/detail/target__type_support.c.o
[ 52%] Building C object CMakeFiles/yahboomcar_msgs__rosidl_typesupport_introspection_c.dir/rosidl_typesupport_introspection_c/yahboomcar_msgs/msg/detail/target_array__type_support.c.o
[ 53%] Building CXX object CMakeFiles/yahboomcar_msgs__rosidl_typesupport_fastrtps_cpp.dir/rosidl_typesupport_fastrtps_cpp/yahboomcar_msgs/msg/detail/dds_fastrtps/point_array__type_support.cpp.o
[ 55%] Linking C shared library libyahboomcar_msgs__rosidl_typesupport_introspection_c.so
[ 57%] Building CXX object CMakeFiles/yahboomcar_msgs__rosidl_typesupport_cpp.dir/rosidl_typesupport_cpp/yahboomcar_msgs/msg/position__type_support.cpp.o
[ 57%] Built target yahboomcar_msgs__rosidl_typesupport_introspection_c
[ 58%] Building CXX object CMakeFiles/yahboomcar_msgs__rosidl_typesupport_introspection_cpp.dir/rosidl_typesupport_introspection_cpp/yahboomcar_msgs/msg/detail/position__type_support.cpp.o
[ 60%] Building CXX object CMakeFiles/yahboomcar_msgs__rosidl_typesupport_fastrtps_c.dir/rosidl_typesupport_fastrtps_c/yahboomcar_msgs/msg/detail/target__type_support_c.cpp.o
[ 61%] Building CXX object CMakeFiles/yahboomcar_msgs__rosidl_typesupport_fastrtps_c.dir/rosidl_typesupport_fastrtps_c/yahboomcar_msgs/msg/detail/target_array__type_support_c.cpp.o
[ 63%] Building CXX object CMakeFiles/yahboomcar_msgs__rosidl_typesupport_cpp.dir/rosidl_typesupport_cpp/yahboomcar_msgs/msg/target__type_support.cpp.o
[ 65%] Building CXX object CMakeFiles/yahboomcar_msgs__rosidl_typesupport_introspection_cpp.dir/rosidl_typesupport_introspection_cpp/yahboomcar_msgs/msg/detail/target__type_support.cpp.o
[ 66%] Building CXX object CMakeFiles/yahboomcar_msgs__rosidl_typesupport_introspection_cpp.dir/rosidl_typesupport_introspection_cpp/yahboomcar_msgs/msg/detail/target_array__type_support.cpp.o
[ 68%] Linking CXX shared library libyahboomcar_msgs__rosidl_typesupport_fastrtps_c.so
[ 69%] Building CXX object CMakeFiles/yahboomcar_msgs__rosidl_typesupport_cpp.dir/rosidl_typesupport_cpp/yahboomcar_msgs/msg/target_array__type_support.cpp.o
[ 71%] Building CXX object CMakeFiles/yahboomcar_msgs__rosidl_typesupport_fastrtps_cpp.dir/rosidl_typesupport_fastrtps_cpp/yahboomcar_msgs/msg/detail/dds_fastrtps/position__type_support.cpp.o
[ 73%] Building CXX object CMakeFiles/yahboomcar_msgs__rosidl_typesupport_fastrtps_cpp.dir/rosidl_typesupport_fastrtps_cpp/yahboomcar_msgs/msg/detail/dds_fastrtps/target__type_support.cpp.o
[ 73%] Built target yahboomcar_msgs__rosidl_typesupport_fastrtps_c
[ 74%] Building CXX object CMakeFiles/yahboomcar_msgs__rosidl_typesupport_fastrtps_cpp.dir/rosidl_typesupport_fastrtps_cpp/yahboomcar_msgs/msg/detail/dds_fastrtps/target_array__type_support.cpp.o
[ 76%] Linking CXX shared library libyahboomcar_msgs__rosidl_typesupport_cpp.so
[ 77%] Linking CXX shared library libyahboomcar_msgs__rosidl_typesupport_introspection_cpp.so
[ 77%] Built target yahboomcar_msgs__rosidl_typesupport_cpp
[ 77%] Built target yahboomcar_msgs__rosidl_typesupport_introspection_cpp
[ 79%] Linking CXX shared library libyahboomcar_msgs__rosidl_typesupport_fastrtps_cpp.so
[ 79%] Built target yahboomcar_msgs__rosidl_typesupport_fastrtps_cpp
[ 79%] Built target yahboomcar_msgs
[ 80%] Generating Python code for ROS interfaces
[ 80%] Built target yahboomcar_msgs__py
[ 82%] Building C object CMakeFiles/yahboomcar_msgs__rosidl_generator_py.dir/rosidl_generator_py/yahboomcar_msgs/msg/_point_array_s.c.o
[ 84%] Building C object CMakeFiles/yahboomcar_msgs__rosidl_generator_py.dir/rosidl_generator_py/yahboomcar_msgs/msg/_image_msg_s.c.o
[ 85%] Building C object CMakeFiles/yahboomcar_msgs__rosidl_generator_py.dir/rosidl_generator_py/yahboomcar_msgs/msg/_target_array_s.c.o
[ 87%] Building C object CMakeFiles/yahboomcar_msgs__rosidl_generator_py.dir/rosidl_generator_py/yahboomcar_msgs/msg/_target_s.c.o
[ 88%] Building C object CMakeFiles/yahboomcar_msgs__rosidl_generator_py.dir/rosidl_generator_py/yahboomcar_msgs/msg/_position_s.c.o
[ 90%] Linking C shared library rosidl_generator_py/yahboomcar_msgs/libyahboomcar_msgs__rosidl_generator_py.so
[ 90%] Built target yahboomcar_msgs__rosidl_generator_py
[ 92%] Building C object CMakeFiles/yahboomcar_msgs__rosidl_typesupport_fastrtps_c__pyext.dir/rosidl_generator_py/yahboomcar_msgs/_yahboomcar_msgs_s.ep.rosidl_typesupport_fastrtps_c.c.o
[ 93%] Building C object CMakeFiles/yahboomcar_msgs__rosidl_typesupport_introspection_c__pyext.dir/rosidl_generator_py/yahboomcar_msgs/_yahboomcar_msgs_s.ep.rosidl_typesupport_introspection_c.c.o
[ 95%] Linking C shared library rosidl_generator_py/yahboomcar_msgs/yahboomcar_msgs_s__rosidl_typesupport_fastrtps_c.cpython-310-aarch64-linux-gnu.so
[ 95%] Built target yahboomcar_msgs__rosidl_typesupport_fastrtps_c__pyext
[ 96%] Linking C shared library rosidl_generator_py/yahboomcar_msgs/yahboomcar_msgs_s__rosidl_typesupport_introspection_c.cpython-310-aarch64-linux-gnu.so
[ 98%] Building C object CMakeFiles/yahboomcar_msgs__rosidl_typesupport_c__pyext.dir/rosidl_generator_py/yahboomcar_msgs/_yahboomcar_msgs_s.ep.rosidl_typesupport_c.c.o
[ 98%] Built target yahboomcar_msgs__rosidl_typesupport_introspection_c__pyext
[100%] Linking C shared library rosidl_generator_py/yahboomcar_msgs/yahboomcar_msgs_s__rosidl_typesupport_c.cpython-310-aarch64-linux-gnu.so
[100%] Built target yahboomcar_msgs__rosidl_typesupport_c__pyext
-- Install configuration: ""
-- Execute custom install script
-- Symlinking: /home/jetson/yahboomcar_ros2_ws_new/yahboomcar_ws/install/yahboomcar_msgs/share/ament_index/resource_index/rosidl_interfaces/yahboomcar_msgs
-- Symlinking: /home/jetson/yahboomcar_ros2_ws_new/yahboomcar_ws/install/yahboomcar_msgs/include/yahboomcar_msgs/yahboomcar_msgs/msg/detail/image_msg__functions.h
-- Symlinking: /home/jetson/yahboomcar_ros2_ws_new/yahboomcar_ws/install/yahboomcar_msgs/include/yahboomcar_msgs/yahboomcar_msgs/msg/detail/image_msg__struct.h
-- Symlinking: /home/jetson/yahboomcar_ros2_ws_new/yahboomcar_ws/install/yahboomcar_msgs/include/yahboomcar_msgs/yahboomcar_msgs/msg/detail/image_msg__type_support.h
-- Symlinking: /home/jetson/yahboomcar_ros2_ws_new/yahboomcar_ws/install/yahboomcar_msgs/include/yahboomcar_msgs/yahboomcar_msgs/msg/detail/point_array__functions.h
-- Symlinking: /home/jetson/yahboomcar_ros2_ws_new/yahboomcar_ws/install/yahboomcar_msgs/include/yahboomcar_msgs/yahboomcar_msgs/msg/detail/point_array__struct.h
-- Symlinking: /home/jetson/yahboomcar_ros2_ws_new/yahboomcar_ws/install/yahboomcar_msgs/include/yahboomcar_msgs/yahboomcar_msgs/msg/detail/point_array__type_support.h
-- Symlinking: /home/jetson/yahboomcar_ros2_ws_new/yahboomcar_ws/install/yahboomcar_msgs/include/yahboomcar_msgs/yahboomcar_msgs/msg/detail/position__functions.h
-- Symlinking: /home/jetson/yahboomcar_ros2_ws_new/yahboomcar_ws/install/yahboomcar_msgs/include/yahboomcar_msgs/yahboomcar_msgs/msg/detail/position__struct.h
-- Symlinking: /home/jetson/yahboomcar_ros2_ws_new/yahboomcar_ws/install/yahboomcar_msgs/include/yahboomcar_msgs/yahboomcar_msgs/msg/detail/position__type_support.h
-- Symlinking: /home/jetson/yahboomcar_ros2_ws_new/yahboomcar_ws/install/yahboomcar_msgs/include/yahboomcar_msgs/yahboomcar_msgs/msg/detail/target__functions.h
-- Symlinking: /home/jetson/yahboomcar_ros2_ws_new/yahboomcar_ws/install/yahboomcar_msgs/include/yahboomcar_msgs/yahboomcar_msgs/msg/detail/target__struct.h
-- Symlinking: /home/jetson/yahboomcar_ros2_ws_new/yahboomcar_ws/install/yahboomcar_msgs/include/yahboomcar_msgs/yahboomcar_msgs/msg/detail/target__type_support.h
-- Symlinking: /home/jetson/yahboomcar_ros2_ws_new/yahboomcar_ws/install/yahboomcar_msgs/include/yahboomcar_msgs/yahboomcar_msgs/msg/detail/target_array__functions.h
-- Symlinking: /home/jetson/yahboomcar_ros2_ws_new/yahboomcar_ws/install/yahboomcar_msgs/include/yahboomcar_msgs/yahboomcar_msgs/msg/detail/target_array__struct.h
-- Symlinking: /home/jetson/yahboomcar_ros2_ws_new/yahboomcar_ws/install/yahboomcar_msgs/include/yahboomcar_msgs/yahboomcar_msgs/msg/detail/target_array__type_support.h
-- Symlinking: /home/jetson/yahboomcar_ros2_ws_new/yahboomcar_ws/install/yahboomcar_msgs/include/yahboomcar_msgs/yahboomcar_msgs/msg/image_msg.h
-- Symlinking: /home/jetson/yahboomcar_ros2_ws_new/yahboomcar_ws/install/yahboomcar_msgs/include/yahboomcar_msgs/yahboomcar_msgs/msg/point_array.h
-- Symlinking: /home/jetson/yahboomcar_ros2_ws_new/yahboomcar_ws/install/yahboomcar_msgs/include/yahboomcar_msgs/yahboomcar_msgs/msg/position.h
-- Symlinking: /home/jetson/yahboomcar_ros2_ws_new/yahboomcar_ws/install/yahboomcar_msgs/include/yahboomcar_msgs/yahboomcar_msgs/msg/rosidl_generator_c__visibility_control.h
-- Symlinking: /home/jetson/yahboomcar_ros2_ws_new/yahboomcar_ws/install/yahboomcar_msgs/include/yahboomcar_msgs/yahboomcar_msgs/msg/target.h
-- Symlinking: /home/jetson/yahboomcar_ros2_ws_new/yahboomcar_ws/install/yahboomcar_msgs/include/yahboomcar_msgs/yahboomcar_msgs/msg/target_array.h
-- Symlinking: /home/jetson/yahboomcar_ros2_ws_new/yahboomcar_ws/install/yahboomcar_msgs/share/yahboomcar_msgs/environment/library_path.sh
-- Symlinking: /home/jetson/yahboomcar_ros2_ws_new/yahboomcar_ws/install/yahboomcar_msgs/share/yahboomcar_msgs/environment/library_path.dsv
-- Symlinking: /home/jetson/yahboomcar_ros2_ws_new/yahboomcar_ws/install/yahboomcar_msgs/include/yahboomcar_msgs/yahboomcar_msgs/msg/detail/image_msg__rosidl_typesupport_fastrtps_c.h
-- Symlinking: /home/jetson/yahboomcar_ros2_ws_new/yahboomcar_ws/install/yahboomcar_msgs/include/yahboomcar_msgs/yahboomcar_msgs/msg/detail/point_array__rosidl_typesupport_fastrtps_c.h
-- Symlinking: /home/jetson/yahboomcar_ros2_ws_new/yahboomcar_ws/install/yahboomcar_msgs/include/yahboomcar_msgs/yahboomcar_msgs/msg/detail/position__rosidl_typesupport_fastrtps_c.h
-- Symlinking: /home/jetson/yahboomcar_ros2_ws_new/yahboomcar_ws/install/yahboomcar_msgs/include/yahboomcar_msgs/yahboomcar_msgs/msg/detail/target__rosidl_typesupport_fastrtps_c.h
-- Symlinking: /home/jetson/yahboomcar_ros2_ws_new/yahboomcar_ws/install/yahboomcar_msgs/include/yahboomcar_msgs/yahboomcar_msgs/msg/detail/target_array__rosidl_typesupport_fastrtps_c.h
-- Symlinking: /home/jetson/yahboomcar_ros2_ws_new/yahboomcar_ws/install/yahboomcar_msgs/include/yahboomcar_msgs/yahboomcar_msgs/msg/rosidl_typesupport_fastrtps_c__visibility_control.h
-- Symlinking: /home/jetson/yahboomcar_ros2_ws_new/yahboomcar_ws/install/yahboomcar_msgs/include/yahboomcar_msgs/yahboomcar_msgs/msg/detail/image_msg__rosidl_typesupport_introspection_c.h
-- Symlinking: /home/jetson/yahboomcar_ros2_ws_new/yahboomcar_ws/install/yahboomcar_msgs/include/yahboomcar_msgs/yahboomcar_msgs/msg/detail/point_array__rosidl_typesupport_introspection_c.h
-- Symlinking: /home/jetson/yahboomcar_ros2_ws_new/yahboomcar_ws/install/yahboomcar_msgs/include/yahboomcar_msgs/yahboomcar_msgs/msg/detail/position__rosidl_typesupport_introspection_c.h
-- Symlinking: /home/jetson/yahboomcar_ros2_ws_new/yahboomcar_ws/install/yahboomcar_msgs/include/yahboomcar_msgs/yahboomcar_msgs/msg/detail/target__rosidl_typesupport_introspection_c.h
-- Symlinking: /home/jetson/yahboomcar_ros2_ws_new/yahboomcar_ws/install/yahboomcar_msgs/include/yahboomcar_msgs/yahboomcar_msgs/msg/detail/target_array__rosidl_typesupport_introspection_c.h
-- Symlinking: /home/jetson/yahboomcar_ros2_ws_new/yahboomcar_ws/install/yahboomcar_msgs/include/yahboomcar_msgs/yahboomcar_msgs/msg/rosidl_typesupport_introspection_c__visibility_control.h
-- Symlinking: /home/jetson/yahboomcar_ros2_ws_new/yahboomcar_ws/install/yahboomcar_msgs/include/yahboomcar_msgs/yahboomcar_msgs/msg/detail/image_msg__builder.hpp
-- Symlinking: /home/jetson/yahboomcar_ros2_ws_new/yahboomcar_ws/install/yahboomcar_msgs/include/yahboomcar_msgs/yahboomcar_msgs/msg/detail/image_msg__struct.hpp
-- Symlinking: /home/jetson/yahboomcar_ros2_ws_new/yahboomcar_ws/install/yahboomcar_msgs/include/yahboomcar_msgs/yahboomcar_msgs/msg/detail/image_msg__traits.hpp
-- Symlinking: /home/jetson/yahboomcar_ros2_ws_new/yahboomcar_ws/install/yahboomcar_msgs/include/yahboomcar_msgs/yahboomcar_msgs/msg/detail/image_msg__type_support.hpp
-- Symlinking: /home/jetson/yahboomcar_ros2_ws_new/yahboomcar_ws/install/yahboomcar_msgs/include/yahboomcar_msgs/yahboomcar_msgs/msg/detail/point_array__builder.hpp
-- Symlinking: /home/jetson/yahboomcar_ros2_ws_new/yahboomcar_ws/install/yahboomcar_msgs/include/yahboomcar_msgs/yahboomcar_msgs/msg/detail/point_array__struct.hpp
-- Symlinking: /home/jetson/yahboomcar_ros2_ws_new/yahboomcar_ws/install/yahboomcar_msgs/include/yahboomcar_msgs/yahboomcar_msgs/msg/detail/point_array__traits.hpp
-- Symlinking: /home/jetson/yahboomcar_ros2_ws_new/yahboomcar_ws/install/yahboomcar_msgs/include/yahboomcar_msgs/yahboomcar_msgs/msg/detail/point_array__type_support.hpp
-- Symlinking: /home/jetson/yahboomcar_ros2_ws_new/yahboomcar_ws/install/yahboomcar_msgs/include/yahboomcar_msgs/yahboomcar_msgs/msg/detail/position__builder.hpp
-- Symlinking: /home/jetson/yahboomcar_ros2_ws_new/yahboomcar_ws/install/yahboomcar_msgs/include/yahboomcar_msgs/yahboomcar_msgs/msg/detail/position__struct.hpp
-- Symlinking: /home/jetson/yahboomcar_ros2_ws_new/yahboomcar_ws/install/yahboomcar_msgs/include/yahboomcar_msgs/yahboomcar_msgs/msg/detail/position__traits.hpp
-- Symlinking: /home/jetson/yahboomcar_ros2_ws_new/yahboomcar_ws/install/yahboomcar_msgs/include/yahboomcar_msgs/yahboomcar_msgs/msg/detail/position__type_support.hpp
-- Symlinking: /home/jetson/yahboomcar_ros2_ws_new/yahboomcar_ws/install/yahboomcar_msgs/include/yahboomcar_msgs/yahboomcar_msgs/msg/detail/target__builder.hpp
-- Symlinking: /home/jetson/yahboomcar_ros2_ws_new/yahboomcar_ws/install/yahboomcar_msgs/include/yahboomcar_msgs/yahboomcar_msgs/msg/detail/target__struct.hpp
-- Symlinking: /home/jetson/yahboomcar_ros2_ws_new/yahboomcar_ws/install/yahboomcar_msgs/include/yahboomcar_msgs/yahboomcar_msgs/msg/detail/target__traits.hpp
-- Symlinking: /home/jetson/yahboomcar_ros2_ws_new/yahboomcar_ws/install/yahboomcar_msgs/include/yahboomcar_msgs/yahboomcar_msgs/msg/detail/target__type_support.hpp
-- Symlinking: /home/jetson/yahboomcar_ros2_ws_new/yahboomcar_ws/install/yahboomcar_msgs/include/yahboomcar_msgs/yahboomcar_msgs/msg/detail/target_array__builder.hpp
-- Symlinking: /home/jetson/yahboomcar_ros2_ws_new/yahboomcar_ws/install/yahboomcar_msgs/include/yahboomcar_msgs/yahboomcar_msgs/msg/detail/target_array__struct.hpp
-- Symlinking: /home/jetson/yahboomcar_ros2_ws_new/yahboomcar_ws/install/yahboomcar_msgs/include/yahboomcar_msgs/yahboomcar_msgs/msg/detail/target_array__traits.hpp
-- Symlinking: /home/jetson/yahboomcar_ros2_ws_new/yahboomcar_ws/install/yahboomcar_msgs/include/yahboomcar_msgs/yahboomcar_msgs/msg/detail/target_array__type_support.hpp
-- Symlinking: /home/jetson/yahboomcar_ros2_ws_new/yahboomcar_ws/install/yahboomcar_msgs/include/yahboomcar_msgs/yahboomcar_msgs/msg/image_msg.hpp
-- Symlinking: /home/jetson/yahboomcar_ros2_ws_new/yahboomcar_ws/install/yahboomcar_msgs/include/yahboomcar_msgs/yahboomcar_msgs/msg/point_array.hpp
-- Symlinking: /home/jetson/yahboomcar_ros2_ws_new/yahboomcar_ws/install/yahboomcar_msgs/include/yahboomcar_msgs/yahboomcar_msgs/msg/position.hpp
-- Symlinking: /home/jetson/yahboomcar_ros2_ws_new/yahboomcar_ws/install/yahboomcar_msgs/include/yahboomcar_msgs/yahboomcar_msgs/msg/rosidl_generator_cpp__visibility_control.hpp
-- Symlinking: /home/jetson/yahboomcar_ros2_ws_new/yahboomcar_ws/install/yahboomcar_msgs/include/yahboomcar_msgs/yahboomcar_msgs/msg/target.hpp
-- Symlinking: /home/jetson/yahboomcar_ros2_ws_new/yahboomcar_ws/install/yahboomcar_msgs/include/yahboomcar_msgs/yahboomcar_msgs/msg/target_array.hpp
-- Symlinking: /home/jetson/yahboomcar_ros2_ws_new/yahboomcar_ws/install/yahboomcar_msgs/include/yahboomcar_msgs/yahboomcar_msgs/msg/detail/image_msg__rosidl_typesupport_fastrtps_cpp.hpp
-- Symlinking: /home/jetson/yahboomcar_ros2_ws_new/yahboomcar_ws/install/yahboomcar_msgs/include/yahboomcar_msgs/yahboomcar_msgs/msg/detail/point_array__rosidl_typesupport_fastrtps_cpp.hpp
-- Symlinking: /home/jetson/yahboomcar_ros2_ws_new/yahboomcar_ws/install/yahboomcar_msgs/include/yahboomcar_msgs/yahboomcar_msgs/msg/detail/position__rosidl_typesupport_fastrtps_cpp.hpp
-- Symlinking: /home/jetson/yahboomcar_ros2_ws_new/yahboomcar_ws/install/yahboomcar_msgs/include/yahboomcar_msgs/yahboomcar_msgs/msg/detail/target__rosidl_typesupport_fastrtps_cpp.hpp
-- Symlinking: /home/jetson/yahboomcar_ros2_ws_new/yahboomcar_ws/install/yahboomcar_msgs/include/yahboomcar_msgs/yahboomcar_msgs/msg/detail/target_array__rosidl_typesupport_fastrtps_cpp.hpp
-- Symlinking: /home/jetson/yahboomcar_ros2_ws_new/yahboomcar_ws/install/yahboomcar_msgs/include/yahboomcar_msgs/yahboomcar_msgs/msg/rosidl_typesupport_fastrtps_cpp__visibility_control.h
-- Symlinking: /home/jetson/yahboomcar_ros2_ws_new/yahboomcar_ws/install/yahboomcar_msgs/include/yahboomcar_msgs/yahboomcar_msgs/msg/detail/image_msg__rosidl_typesupport_introspection_cpp.hpp
-- Symlinking: /home/jetson/yahboomcar_ros2_ws_new/yahboomcar_ws/install/yahboomcar_msgs/include/yahboomcar_msgs/yahboomcar_msgs/msg/detail/point_array__rosidl_typesupport_introspection_cpp.hpp
-- Symlinking: /home/jetson/yahboomcar_ros2_ws_new/yahboomcar_ws/install/yahboomcar_msgs/include/yahboomcar_msgs/yahboomcar_msgs/msg/detail/position__rosidl_typesupport_introspection_cpp.hpp
-- Symlinking: /home/jetson/yahboomcar_ros2_ws_new/yahboomcar_ws/install/yahboomcar_msgs/include/yahboomcar_msgs/yahboomcar_msgs/msg/detail/target__rosidl_typesupport_introspection_cpp.hpp
-- Symlinking: /home/jetson/yahboomcar_ros2_ws_new/yahboomcar_ws/install/yahboomcar_msgs/include/yahboomcar_msgs/yahboomcar_msgs/msg/detail/target_array__rosidl_typesupport_introspection_cpp.hpp
-- Symlinking: /home/jetson/yahboomcar_ros2_ws_new/yahboomcar_ws/install/yahboomcar_msgs/share/yahboomcar_msgs/environment/pythonpath.sh
-- Symlinking: /home/jetson/yahboomcar_ros2_ws_new/yahboomcar_ws/install/yahboomcar_msgs/share/yahboomcar_msgs/environment/pythonpath.dsv
-- Symlinking: /home/jetson/yahboomcar_ros2_ws_new/yahboomcar_ws/install/yahboomcar_msgs/local/lib/python3.10/dist-packages/yahboomcar_msgs-0.0.0-py3.10.egg-info/PKG-INFO
-- Symlinking: /home/jetson/yahboomcar_ros2_ws_new/yahboomcar_ws/install/yahboomcar_msgs/local/lib/python3.10/dist-packages/yahboomcar_msgs-0.0.0-py3.10.egg-info/SOURCES.txt
-- Symlinking: /home/jetson/yahboomcar_ros2_ws_new/yahboomcar_ws/install/yahboomcar_msgs/local/lib/python3.10/dist-packages/yahboomcar_msgs-0.0.0-py3.10.egg-info/dependency_links.txt
-- Symlinking: /home/jetson/yahboomcar_ros2_ws_new/yahboomcar_ws/install/yahboomcar_msgs/local/lib/python3.10/dist-packages/yahboomcar_msgs-0.0.0-py3.10.egg-info/top_level.txt
-- Symlinking: /home/jetson/yahboomcar_ros2_ws_new/yahboomcar_ws/install/yahboomcar_msgs/local/lib/python3.10/dist-packages/yahboomcar_msgs/__init__.py
-- Symlinking: /home/jetson/yahboomcar_ros2_ws_new/yahboomcar_ws/install/yahboomcar_msgs/local/lib/python3.10/dist-packages/yahboomcar_msgs/_yahboomcar_msgs_s.ep.rosidl_typesupport_c.c
-- Symlinking: /home/jetson/yahboomcar_ros2_ws_new/yahboomcar_ws/install/yahboomcar_msgs/local/lib/python3.10/dist-packages/yahboomcar_msgs/_yahboomcar_msgs_s.ep.rosidl_typesupport_fastrtps_c.c
-- Symlinking: /home/jetson/yahboomcar_ros2_ws_new/yahboomcar_ws/install/yahboomcar_msgs/local/lib/python3.10/dist-packages/yahboomcar_msgs/_yahboomcar_msgs_s.ep.rosidl_typesupport_introspection_c.c
-- Symlinking: /home/jetson/yahboomcar_ros2_ws_new/yahboomcar_ws/install/yahboomcar_msgs/local/lib/python3.10/dist-packages/yahboomcar_msgs/libyahboomcar_msgs__rosidl_generator_py.so
-- Symlinking: /home/jetson/yahboomcar_ros2_ws_new/yahboomcar_ws/install/yahboomcar_msgs/local/lib/python3.10/dist-packages/yahboomcar_msgs/msg/__init__.py
-- Symlinking: /home/jetson/yahboomcar_ros2_ws_new/yahboomcar_ws/install/yahboomcar_msgs/local/lib/python3.10/dist-packages/yahboomcar_msgs/msg/_image_msg.py
-- Symlinking: /home/jetson/yahboomcar_ros2_ws_new/yahboomcar_ws/install/yahboomcar_msgs/local/lib/python3.10/dist-packages/yahboomcar_msgs/msg/_image_msg_s.c
-- Symlinking: /home/jetson/yahboomcar_ros2_ws_new/yahboomcar_ws/install/yahboomcar_msgs/local/lib/python3.10/dist-packages/yahboomcar_msgs/msg/_point_array.py
-- Symlinking: /home/jetson/yahboomcar_ros2_ws_new/yahboomcar_ws/install/yahboomcar_msgs/local/lib/python3.10/dist-packages/yahboomcar_msgs/msg/_point_array_s.c
-- Symlinking: /home/jetson/yahboomcar_ros2_ws_new/yahboomcar_ws/install/yahboomcar_msgs/local/lib/python3.10/dist-packages/yahboomcar_msgs/msg/_position.py
-- Symlinking: /home/jetson/yahboomcar_ros2_ws_new/yahboomcar_ws/install/yahboomcar_msgs/local/lib/python3.10/dist-packages/yahboomcar_msgs/msg/_position_s.c
-- Symlinking: /home/jetson/yahboomcar_ros2_ws_new/yahboomcar_ws/install/yahboomcar_msgs/local/lib/python3.10/dist-packages/yahboomcar_msgs/msg/_target.py
-- Symlinking: /home/jetson/yahboomcar_ros2_ws_new/yahboomcar_ws/install/yahboomcar_msgs/local/lib/python3.10/dist-packages/yahboomcar_msgs/msg/_target_array.py
-- Symlinking: /home/jetson/yahboomcar_ros2_ws_new/yahboomcar_ws/install/yahboomcar_msgs/local/lib/python3.10/dist-packages/yahboomcar_msgs/msg/_target_array_s.c
-- Symlinking: /home/jetson/yahboomcar_ros2_ws_new/yahboomcar_ws/install/yahboomcar_msgs/local/lib/python3.10/dist-packages/yahboomcar_msgs/msg/_target_s.c
-- Symlinking: /home/jetson/yahboomcar_ros2_ws_new/yahboomcar_ws/install/yahboomcar_msgs/local/lib/python3.10/dist-packages/yahboomcar_msgs/yahboomcar_msgs_s__rosidl_typesupport_c.cpython-310-aarch64-linux-gnu.so
-- Symlinking: /home/jetson/yahboomcar_ros2_ws_new/yahboomcar_ws/install/yahboomcar_msgs/local/lib/python3.10/dist-packages/yahboomcar_msgs/yahboomcar_msgs_s__rosidl_typesupport_fastrtps_c.cpython-310-aarch64-linux-gnu.so
-- Symlinking: /home/jetson/yahboomcar_ros2_ws_new/yahboomcar_ws/install/yahboomcar_msgs/local/lib/python3.10/dist-packages/yahboomcar_msgs/yahboomcar_msgs_s__rosidl_typesupport_introspection_c.cpython-310-aarch64-linux-gnu.so
-- Up-to-date symlink: /home/jetson/yahboomcar_ros2_ws_new/yahboomcar_ws/install/yahboomcar_msgs/local/lib/python3.10/dist-packages/yahboomcar_msgs/yahboomcar_msgs_s__rosidl_typesupport_fastrtps_c.cpython-310-aarch64-linux-gnu.so
-- Up-to-date symlink: /home/jetson/yahboomcar_ros2_ws_new/yahboomcar_ws/install/yahboomcar_msgs/local/lib/python3.10/dist-packages/yahboomcar_msgs/yahboomcar_msgs_s__rosidl_typesupport_introspection_c.cpython-310-aarch64-linux-gnu.so
-- Up-to-date symlink: /home/jetson/yahboomcar_ros2_ws_new/yahboomcar_ws/install/yahboomcar_msgs/local/lib/python3.10/dist-packages/yahboomcar_msgs/yahboomcar_msgs_s__rosidl_typesupport_c.cpython-310-aarch64-linux-gnu.so
-- Symlinking: /home/jetson/yahboomcar_ros2_ws_new/yahboomcar_ws/install/yahboomcar_msgs/share/yahboomcar_msgs/msg/ImageMsg.idl
-- Symlinking: /home/jetson/yahboomcar_ros2_ws_new/yahboomcar_ws/install/yahboomcar_msgs/share/yahboomcar_msgs/msg/PointArray.idl
-- Symlinking: /home/jetson/yahboomcar_ros2_ws_new/yahboomcar_ws/install/yahboomcar_msgs/share/yahboomcar_msgs/msg/Position.idl
-- Symlinking: /home/jetson/yahboomcar_ros2_ws_new/yahboomcar_ws/install/yahboomcar_msgs/share/yahboomcar_msgs/msg/Target.idl
-- Symlinking: /home/jetson/yahboomcar_ros2_ws_new/yahboomcar_ws/install/yahboomcar_msgs/share/yahboomcar_msgs/msg/TargetArray.idl
-- Symlinking: /home/jetson/yahboomcar_ros2_ws_new/yahboomcar_ws/install/yahboomcar_msgs/share/yahboomcar_msgs/msg/ImageMsg.msg
-- Symlinking: /home/jetson/yahboomcar_ros2_ws_new/yahboomcar_ws/install/yahboomcar_msgs/share/yahboomcar_msgs/msg/PointArray.msg
-- Symlinking: /home/jetson/yahboomcar_ros2_ws_new/yahboomcar_ws/install/yahboomcar_msgs/share/yahboomcar_msgs/msg/Position.msg
-- Symlinking: /home/jetson/yahboomcar_ros2_ws_new/yahboomcar_ws/install/yahboomcar_msgs/share/yahboomcar_msgs/msg/Target.msg
-- Symlinking: /home/jetson/yahboomcar_ros2_ws_new/yahboomcar_ws/install/yahboomcar_msgs/share/yahboomcar_msgs/msg/TargetArray.msg
-- Symlinking: /home/jetson/yahboomcar_ros2_ws_new/yahboomcar_ws/install/yahboomcar_msgs/share/ament_index/resource_index/package_run_dependencies/yahboomcar_msgs
-- Symlinking: /home/jetson/yahboomcar_ros2_ws_new/yahboomcar_ws/install/yahboomcar_msgs/share/ament_index/resource_index/parent_prefix_path/yahboomcar_msgs
-- Symlinking: /home/jetson/yahboomcar_ros2_ws_new/yahboomcar_ws/install/yahboomcar_msgs/share/yahboomcar_msgs/environment/ament_prefix_path.sh
-- Symlinking: /home/jetson/yahboomcar_ros2_ws_new/yahboomcar_ws/install/yahboomcar_msgs/share/yahboomcar_msgs/environment/ament_prefix_path.dsv
-- Symlinking: /home/jetson/yahboomcar_ros2_ws_new/yahboomcar_ws/install/yahboomcar_msgs/share/yahboomcar_msgs/environment/path.sh
-- Symlinking: /home/jetson/yahboomcar_ros2_ws_new/yahboomcar_ws/install/yahboomcar_msgs/share/yahboomcar_msgs/environment/path.dsv
-- Symlinking: /home/jetson/yahboomcar_ros2_ws_new/yahboomcar_ws/install/yahboomcar_msgs/share/yahboomcar_msgs/local_setup.bash
-- Symlinking: /home/jetson/yahboomcar_ros2_ws_new/yahboomcar_ws/install/yahboomcar_msgs/share/yahboomcar_msgs/local_setup.sh
-- Symlinking: /home/jetson/yahboomcar_ros2_ws_new/yahboomcar_ws/install/yahboomcar_msgs/share/yahboomcar_msgs/local_setup.zsh
-- Symlinking: /home/jetson/yahboomcar_ros2_ws_new/yahboomcar_ws/install/yahboomcar_msgs/share/yahboomcar_msgs/local_setup.dsv
-- Symlinking: /home/jetson/yahboomcar_ros2_ws_new/yahboomcar_ws/install/yahboomcar_msgs/share/yahboomcar_msgs/package.dsv
-- Symlinking: /home/jetson/yahboomcar_ros2_ws_new/yahboomcar_ws/install/yahboomcar_msgs/share/ament_index/resource_index/packages/yahboomcar_msgs
-- Symlinking: /home/jetson/yahboomcar_ros2_ws_new/yahboomcar_ws/install/yahboomcar_msgs/share/yahboomcar_msgs/cmake/rosidl_cmake-extras.cmake
-- Symlinking: /home/jetson/yahboomcar_ros2_ws_new/yahboomcar_ws/install/yahboomcar_msgs/share/yahboomcar_msgs/cmake/ament_cmake_export_dependencies-extras.cmake
-- Symlinking: /home/jetson/yahboomcar_ros2_ws_new/yahboomcar_ws/install/yahboomcar_msgs/share/yahboomcar_msgs/cmake/ament_cmake_export_include_directories-extras.cmake
-- Symlinking: /home/jetson/yahboomcar_ros2_ws_new/yahboomcar_ws/install/yahboomcar_msgs/share/yahboomcar_msgs/cmake/ament_cmake_export_libraries-extras.cmake
-- Symlinking: /home/jetson/yahboomcar_ros2_ws_new/yahboomcar_ws/install/yahboomcar_msgs/share/yahboomcar_msgs/cmake/ament_cmake_export_targets-extras.cmake
-- Symlinking: /home/jetson/yahboomcar_ros2_ws_new/yahboomcar_ws/install/yahboomcar_msgs/share/yahboomcar_msgs/cmake/rosidl_cmake_export_typesupport_targets-extras.cmake
-- Symlinking: /home/jetson/yahboomcar_ros2_ws_new/yahboomcar_ws/install/yahboomcar_msgs/share/yahboomcar_msgs/cmake/rosidl_cmake_export_typesupport_libraries-extras.cmake
-- Symlinking: /home/jetson/yahboomcar_ros2_ws_new/yahboomcar_ws/install/yahboomcar_msgs/share/yahboomcar_msgs/cmake/yahboomcar_msgsConfig.cmake
-- Symlinking: /home/jetson/yahboomcar_ros2_ws_new/yahboomcar_ws/install/yahboomcar_msgs/share/yahboomcar_msgs/cmake/yahboomcar_msgsConfig-version.cmake
-- Symlinking: /home/jetson/yahboomcar_ros2_ws_new/yahboomcar_ws/install/yahboomcar_msgs/share/yahboomcar_msgs/package.xml
-- Installing: /home/jetson/yahboomcar_ros2_ws_new/yahboomcar_ws/install/yahboomcar_msgs/lib/libyahboomcar_msgs__rosidl_generator_c.so
-- Set runtime path of "/home/jetson/yahboomcar_ros2_ws_new/yahboomcar_ws/install/yahboomcar_msgs/lib/libyahboomcar_msgs__rosidl_generator_c.so" to ""
-- Installing: /home/jetson/yahboomcar_ros2_ws_new/yahboomcar_ws/install/yahboomcar_msgs/lib/libyahboomcar_msgs__rosidl_typesupport_fastrtps_c.so
-- Set runtime path of "/home/jetson/yahboomcar_ros2_ws_new/yahboomcar_ws/install/yahboomcar_msgs/lib/libyahboomcar_msgs__rosidl_typesupport_fastrtps_c.so" to ""
-- Installing: /home/jetson/yahboomcar_ros2_ws_new/yahboomcar_ws/install/yahboomcar_msgs/lib/libyahboomcar_msgs__rosidl_typesupport_introspection_c.so
-- Set runtime path of "/home/jetson/yahboomcar_ros2_ws_new/yahboomcar_ws/install/yahboomcar_msgs/lib/libyahboomcar_msgs__rosidl_typesupport_introspection_c.so" to ""
-- Installing: /home/jetson/yahboomcar_ros2_ws_new/yahboomcar_ws/install/yahboomcar_msgs/lib/libyahboomcar_msgs__rosidl_typesupport_c.so
-- Set runtime path of "/home/jetson/yahboomcar_ros2_ws_new/yahboomcar_ws/install/yahboomcar_msgs/lib/libyahboomcar_msgs__rosidl_typesupport_c.so" to ""
-- Installing: /home/jetson/yahboomcar_ros2_ws_new/yahboomcar_ws/install/yahboomcar_msgs/lib/libyahboomcar_msgs__rosidl_typesupport_fastrtps_cpp.so
-- Set runtime path of "/home/jetson/yahboomcar_ros2_ws_new/yahboomcar_ws/install/yahboomcar_msgs/lib/libyahboomcar_msgs__rosidl_typesupport_fastrtps_cpp.so" to ""
-- Installing: /home/jetson/yahboomcar_ros2_ws_new/yahboomcar_ws/install/yahboomcar_msgs/lib/libyahboomcar_msgs__rosidl_typesupport_introspection_cpp.so
-- Set runtime path of "/home/jetson/yahboomcar_ros2_ws_new/yahboomcar_ws/install/yahboomcar_msgs/lib/libyahboomcar_msgs__rosidl_typesupport_introspection_cpp.so" to ""
-- Installing: /home/jetson/yahboomcar_ros2_ws_new/yahboomcar_ws/install/yahboomcar_msgs/lib/libyahboomcar_msgs__rosidl_typesupport_cpp.so
-- Set runtime path of "/home/jetson/yahboomcar_ros2_ws_new/yahboomcar_ws/install/yahboomcar_msgs/lib/libyahboomcar_msgs__rosidl_typesupport_cpp.so" to ""
Listing '/home/jetson/yahboomcar_ros2_ws_new/yahboomcar_ws/install/yahboomcar_msgs/local/lib/python3.10/dist-packages/yahboomcar_msgs'...
Compiling '/home/jetson/yahboomcar_ros2_ws_new/yahboomcar_ws/install/yahboomcar_msgs/local/lib/python3.10/dist-packages/yahboomcar_msgs/__init__.py'...
Listing '/home/jetson/yahboomcar_ros2_ws_new/yahboomcar_ws/install/yahboomcar_msgs/local/lib/python3.10/dist-packages/yahboomcar_msgs/msg'...
Compiling '/home/jetson/yahboomcar_ros2_ws_new/yahboomcar_ws/install/yahboomcar_msgs/local/lib/python3.10/dist-packages/yahboomcar_msgs/msg/__init__.py'...
Compiling '/home/jetson/yahboomcar_ros2_ws_new/yahboomcar_ws/install/yahboomcar_msgs/local/lib/python3.10/dist-packages/yahboomcar_msgs/msg/_image_msg.py'...
Compiling '/home/jetson/yahboomcar_ros2_ws_new/yahboomcar_ws/install/yahboomcar_msgs/local/lib/python3.10/dist-packages/yahboomcar_msgs/msg/_point_array.py'...
Compiling '/home/jetson/yahboomcar_ros2_ws_new/yahboomcar_ws/install/yahboomcar_msgs/local/lib/python3.10/dist-packages/yahboomcar_msgs/msg/_position.py'...
Compiling '/home/jetson/yahboomcar_ros2_ws_new/yahboomcar_ws/install/yahboomcar_msgs/local/lib/python3.10/dist-packages/yahboomcar_msgs/msg/_target.py'...
Compiling '/home/jetson/yahboomcar_ros2_ws_new/yahboomcar_ws/install/yahboomcar_msgs/local/lib/python3.10/dist-packages/yahboomcar_msgs/msg/_target_array.py'...
-- Installing: /home/jetson/yahboomcar_ros2_ws_new/yahboomcar_ws/install/yahboomcar_msgs/lib/libyahboomcar_msgs__rosidl_generator_py.so
-- Set runtime path of "/home/jetson/yahboomcar_ros2_ws_new/yahboomcar_ws/install/yahboomcar_msgs/lib/libyahboomcar_msgs__rosidl_generator_py.so" to ""
-- Installing: /home/jetson/yahboomcar_ros2_ws_new/yahboomcar_ws/install/yahboomcar_msgs/share/yahboomcar_msgs/cmake/export_yahboomcar_msgs__rosidl_generator_cExport.cmake
-- Installing: /home/jetson/yahboomcar_ros2_ws_new/yahboomcar_ws/install/yahboomcar_msgs/share/yahboomcar_msgs/cmake/export_yahboomcar_msgs__rosidl_generator_cExport-noconfig.cmake
-- Installing: /home/jetson/yahboomcar_ros2_ws_new/yahboomcar_ws/install/yahboomcar_msgs/share/yahboomcar_msgs/cmake/export_yahboomcar_msgs__rosidl_typesupport_fastrtps_cExport.cmake
-- Installing: /home/jetson/yahboomcar_ros2_ws_new/yahboomcar_ws/install/yahboomcar_msgs/share/yahboomcar_msgs/cmake/export_yahboomcar_msgs__rosidl_typesupport_fastrtps_cExport-noconfig.cmake
-- Installing: /home/jetson/yahboomcar_ros2_ws_new/yahboomcar_ws/install/yahboomcar_msgs/share/yahboomcar_msgs/cmake/yahboomcar_msgs__rosidl_typesupport_introspection_cExport.cmake
-- Installing: /home/jetson/yahboomcar_ros2_ws_new/yahboomcar_ws/install/yahboomcar_msgs/share/yahboomcar_msgs/cmake/yahboomcar_msgs__rosidl_typesupport_introspection_cExport-noconfig.cmake
-- Installing: /home/jetson/yahboomcar_ros2_ws_new/yahboomcar_ws/install/yahboomcar_msgs/share/yahboomcar_msgs/cmake/yahboomcar_msgs__rosidl_typesupport_cExport.cmake
-- Installing: /home/jetson/yahboomcar_ros2_ws_new/yahboomcar_ws/install/yahboomcar_msgs/share/yahboomcar_msgs/cmake/yahboomcar_msgs__rosidl_typesupport_cExport-noconfig.cmake
-- Installing: /home/jetson/yahboomcar_ros2_ws_new/yahboomcar_ws/install/yahboomcar_msgs/share/yahboomcar_msgs/cmake/export_yahboomcar_msgs__rosidl_generator_cppExport.cmake
-- Installing: /home/jetson/yahboomcar_ros2_ws_new/yahboomcar_ws/install/yahboomcar_msgs/share/yahboomcar_msgs/cmake/export_yahboomcar_msgs__rosidl_typesupport_fastrtps_cppExport.cmake
-- Installing: /home/jetson/yahboomcar_ros2_ws_new/yahboomcar_ws/install/yahboomcar_msgs/share/yahboomcar_msgs/cmake/export_yahboomcar_msgs__rosidl_typesupport_fastrtps_cppExport-noconfig.cmake
-- Installing: /home/jetson/yahboomcar_ros2_ws_new/yahboomcar_ws/install/yahboomcar_msgs/share/yahboomcar_msgs/cmake/yahboomcar_msgs__rosidl_typesupport_introspection_cppExport.cmake
-- Installing: /home/jetson/yahboomcar_ros2_ws_new/yahboomcar_ws/install/yahboomcar_msgs/share/yahboomcar_msgs/cmake/yahboomcar_msgs__rosidl_typesupport_introspection_cppExport-noconfig.cmake
-- Installing: /home/jetson/yahboomcar_ros2_ws_new/yahboomcar_ws/install/yahboomcar_msgs/share/yahboomcar_msgs/cmake/yahboomcar_msgs__rosidl_typesupport_cppExport.cmake
-- Installing: /home/jetson/yahboomcar_ros2_ws_new/yahboomcar_ws/install/yahboomcar_msgs/share/yahboomcar_msgs/cmake/yahboomcar_msgs__rosidl_typesupport_cppExport-noconfig.cmake
-- Installing: /home/jetson/yahboomcar_ros2_ws_new/yahboomcar_ws/install/yahboomcar_msgs/share/yahboomcar_msgs/cmake/export_yahboomcar_msgs__rosidl_generator_pyExport.cmake
-- Installing: /home/jetson/yahboomcar_ros2_ws_new/yahboomcar_ws/install/yahboomcar_msgs/share/yahboomcar_msgs/cmake/export_yahboomcar_msgs__rosidl_generator_pyExport-noconfig.cmake
