running develop
running egg_info
creating yahboomcar_bringup.egg-info
writing yahboomcar_bringup.egg-info/PKG-INFO
writing dependency_links to yahboomcar_bringup.egg-info/dependency_links.txt
writing entry points to yahboomcar_bringup.egg-info/entry_points.txt
writing requirements to yahboomcar_bringup.egg-info/requires.txt
writing top-level names to yahboomcar_bringup.egg-info/top_level.txt
writing manifest file 'yahboomcar_bringup.egg-info/SOURCES.txt'
reading manifest file 'yahboomcar_bringup.egg-info/SOURCES.txt'
writing manifest file 'yahboomcar_bringup.egg-info/SOURCES.txt'
running build_ext
Creating /home/jetson/yahboomcar_ros2_ws_new/yahboomcar_ws/install/yahboomcar_bringup/lib/python3.10/site-packages/yahboomcar-bringup.egg-link (link to .)
Installing Ackman_driver_R2 script to /home/jetson/yahboomcar_ros2_ws_new/yahboomcar_ws/install/yahboomcar_bringup/lib/yahboomcar_bringup
Installing Mcnamu_driver_X3 script to /home/jetson/yahboomcar_ros2_ws_new/yahboomcar_ws/install/yahboomcar_bringup/lib/yahboomcar_bringup
Installing Mcnamu_driver_x1 script to /home/jetson/yahboomcar_ros2_ws_new/yahboomcar_ws/install/yahboomcar_bringup/lib/yahboomcar_bringup
Installing calibrate_angular_R2 script to /home/jetson/yahboomcar_ros2_ws_new/yahboomcar_ws/install/yahboomcar_bringup/lib/yahboomcar_bringup
Installing calibrate_angular_X3 script to /home/jetson/yahboomcar_ros2_ws_new/yahboomcar_ws/install/yahboomcar_bringup/lib/yahboomcar_bringup
Installing calibrate_linear_R2 script to /home/jetson/yahboomcar_ros2_ws_new/yahboomcar_ws/install/yahboomcar_bringup/lib/yahboomcar_bringup
Installing calibrate_linear_X3 script to /home/jetson/yahboomcar_ros2_ws_new/yahboomcar_ws/install/yahboomcar_bringup/lib/yahboomcar_bringup
Installing patrol_4ROS script to /home/jetson/yahboomcar_ros2_ws_new/yahboomcar_ws/install/yahboomcar_bringup/lib/yahboomcar_bringup
Installing patrol_4ROS_R2 script to /home/jetson/yahboomcar_ros2_ws_new/yahboomcar_ws/install/yahboomcar_bringup/lib/yahboomcar_bringup
Installing patrol_a1_R2 script to /home/jetson/yahboomcar_ros2_ws_new/yahboomcar_ws/install/yahboomcar_bringup/lib/yahboomcar_bringup
Installing patrol_a1_X3 script to /home/jetson/yahboomcar_ros2_ws_new/yahboomcar_ws/install/yahboomcar_bringup/lib/yahboomcar_bringup

Installed /home/jetson/yahboomcar_ros2_ws_new/yahboomcar_ws/build/yahboomcar_bringup
running symlink_data
creating /home/jetson/yahboomcar_ros2_ws_new/yahboomcar_ws/install/yahboomcar_bringup/share/ament_index/resource_index/packages
symbolically linking /home/jetson/yahboomcar_ros2_ws_new/yahboomcar_ws/build/yahboomcar_bringup/resource/yahboomcar_bringup -> /home/jetson/yahboomcar_ros2_ws_new/yahboomcar_ws/install/yahboomcar_bringup/share/ament_index/resource_index/packages
symbolically linking /home/jetson/yahboomcar_ros2_ws_new/yahboomcar_ws/build/yahboomcar_bringup/package.xml -> /home/jetson/yahboomcar_ros2_ws_new/yahboomcar_ws/install/yahboomcar_bringup/share/yahboomcar_bringup
creating /home/jetson/yahboomcar_ros2_ws_new/yahboomcar_ws/install/yahboomcar_bringup/share/yahboomcar_bringup/launch
symbolically linking /home/jetson/yahboomcar_ros2_ws_new/yahboomcar_ws/build/yahboomcar_bringup/launch/bringup_no_odom_launch.py -> /home/jetson/yahboomcar_ros2_ws_new/yahboomcar_ws/install/yahboomcar_bringup/share/yahboomcar_bringup/launch
symbolically linking /home/jetson/yahboomcar_ros2_ws_new/yahboomcar_ws/build/yahboomcar_bringup/launch/yahboomcar_bringup_R2_launch.py -> /home/jetson/yahboomcar_ros2_ws_new/yahboomcar_ws/install/yahboomcar_bringup/share/yahboomcar_bringup/launch
symbolically linking /home/jetson/yahboomcar_ros2_ws_new/yahboomcar_ws/build/yahboomcar_bringup/launch/yahboomcar_bringup_X1_launch.py -> /home/jetson/yahboomcar_ros2_ws_new/yahboomcar_ws/install/yahboomcar_bringup/share/yahboomcar_bringup/launch
symbolically linking /home/jetson/yahboomcar_ros2_ws_new/yahboomcar_ws/build/yahboomcar_bringup/launch/yahboomcar_bringup_X3_launch.py -> /home/jetson/yahboomcar_ros2_ws_new/yahboomcar_ws/install/yahboomcar_bringup/share/yahboomcar_bringup/launch
creating /home/jetson/yahboomcar_ros2_ws_new/yahboomcar_ws/install/yahboomcar_bringup/share/yahboomcar_description/rviz
symbolically linking /home/jetson/yahboomcar_ros2_ws_new/yahboomcar_ws/build/yahboomcar_bringup/rviz/yahboomcar.rviz -> /home/jetson/yahboomcar_ros2_ws_new/yahboomcar_ws/install/yahboomcar_bringup/share/yahboomcar_description/rviz
creating /home/jetson/yahboomcar_ros2_ws_new/yahboomcar_ws/install/yahboomcar_bringup/share/yahboomcar_bringup/param
symbolically linking /home/jetson/yahboomcar_ros2_ws_new/yahboomcar_ws/build/yahboomcar_bringup/param/imu_filter_param1.yaml -> /home/jetson/yahboomcar_ros2_ws_new/yahboomcar_ws/install/yahboomcar_bringup/share/yahboomcar_bringup/param
symbolically linking /home/jetson/yahboomcar_ros2_ws_new/yahboomcar_ws/build/yahboomcar_bringup/param/imu_filter_param.yaml -> /home/jetson/yahboomcar_ros2_ws_new/yahboomcar_ws/install/yahboomcar_bringup/share/yahboomcar_bringup/param
