[6.679s] Invoking command in '/home/jetson/yahboomcar_ros2_ws_new/yahboomcar_ws/build/yahboomcar_bringup': PYTHONPATH=/home/jetson/yahboomcar_ros2_ws_new/yahboomcar_ws/build/yahboomcar_bringup/prefix_override:/usr/lib/python3/dist-packages/colcon_core/task/python/colcon_distutils_commands:/home/jetson/yahboomcar_ros2_ws_new/yahboomcar_ws/install/yahboomcar_bringup/lib/python3.10/site-packages:${PYTHONPATH} /usr/bin/python3 -W ignore:setup.py install is deprecated -W ignore:easy_install command is deprecated setup.py develop --editable --build-directory /home/jetson/yahboomcar_ros2_ws_new/yahboomcar_ws/build/yahboomcar_bringup/build --no-deps symlink_data
[8.521s] running develop
[10.384s] running egg_info
[10.384s] creating yahboomcar_bringup.egg-info
[10.384s] writing yahboomcar_bringup.egg-info/PKG-INFO
[10.384s] writing dependency_links to yahboomcar_bringup.egg-info/dependency_links.txt
[10.384s] writing entry points to yahboomcar_bringup.egg-info/entry_points.txt
[10.384s] writing requirements to yahboomcar_bringup.egg-info/requires.txt
[10.384s] writing top-level names to yahboomcar_bringup.egg-info/top_level.txt
[10.385s] writing manifest file 'yahboomcar_bringup.egg-info/SOURCES.txt'
[10.498s] reading manifest file 'yahboomcar_bringup.egg-info/SOURCES.txt'
[10.514s] writing manifest file 'yahboomcar_bringup.egg-info/SOURCES.txt'
[10.634s] running build_ext
[10.634s] Creating /home/jetson/yahboomcar_ros2_ws_new/yahboomcar_ws/install/yahboomcar_bringup/lib/python3.10/site-packages/yahboomcar-bringup.egg-link (link to .)
[10.636s] Installing Ackman_driver_R2 script to /home/jetson/yahboomcar_ros2_ws_new/yahboomcar_ws/install/yahboomcar_bringup/lib/yahboomcar_bringup
[10.637s] Installing Mcnamu_driver_X3 script to /home/jetson/yahboomcar_ros2_ws_new/yahboomcar_ws/install/yahboomcar_bringup/lib/yahboomcar_bringup
[10.637s] Installing Mcnamu_driver_x1 script to /home/jetson/yahboomcar_ros2_ws_new/yahboomcar_ws/install/yahboomcar_bringup/lib/yahboomcar_bringup
[10.638s] Installing calibrate_angular_R2 script to /home/jetson/yahboomcar_ros2_ws_new/yahboomcar_ws/install/yahboomcar_bringup/lib/yahboomcar_bringup
[10.638s] Installing calibrate_angular_X3 script to /home/jetson/yahboomcar_ros2_ws_new/yahboomcar_ws/install/yahboomcar_bringup/lib/yahboomcar_bringup
[10.638s] Installing calibrate_linear_R2 script to /home/jetson/yahboomcar_ros2_ws_new/yahboomcar_ws/install/yahboomcar_bringup/lib/yahboomcar_bringup
[10.647s] Installing calibrate_linear_X3 script to /home/jetson/yahboomcar_ros2_ws_new/yahboomcar_ws/install/yahboomcar_bringup/lib/yahboomcar_bringup
[10.648s] Installing patrol_4ROS script to /home/jetson/yahboomcar_ros2_ws_new/yahboomcar_ws/install/yahboomcar_bringup/lib/yahboomcar_bringup
[10.648s] Installing patrol_4ROS_R2 script to /home/jetson/yahboomcar_ros2_ws_new/yahboomcar_ws/install/yahboomcar_bringup/lib/yahboomcar_bringup
[10.648s] Installing patrol_a1_R2 script to /home/jetson/yahboomcar_ros2_ws_new/yahboomcar_ws/install/yahboomcar_bringup/lib/yahboomcar_bringup
[10.648s] Installing patrol_a1_X3 script to /home/jetson/yahboomcar_ros2_ws_new/yahboomcar_ws/install/yahboomcar_bringup/lib/yahboomcar_bringup
[10.651s] 
[10.651s] Installed /home/jetson/yahboomcar_ros2_ws_new/yahboomcar_ws/build/yahboomcar_bringup
[10.651s] running symlink_data
[10.651s] creating /home/jetson/yahboomcar_ros2_ws_new/yahboomcar_ws/install/yahboomcar_bringup/share/ament_index/resource_index/packages
[10.651s] symbolically linking /home/jetson/yahboomcar_ros2_ws_new/yahboomcar_ws/build/yahboomcar_bringup/resource/yahboomcar_bringup -> /home/jetson/yahboomcar_ros2_ws_new/yahboomcar_ws/install/yahboomcar_bringup/share/ament_index/resource_index/packages
[10.656s] symbolically linking /home/jetson/yahboomcar_ros2_ws_new/yahboomcar_ws/build/yahboomcar_bringup/package.xml -> /home/jetson/yahboomcar_ros2_ws_new/yahboomcar_ws/install/yahboomcar_bringup/share/yahboomcar_bringup
[10.660s] creating /home/jetson/yahboomcar_ros2_ws_new/yahboomcar_ws/install/yahboomcar_bringup/share/yahboomcar_bringup/launch
[10.660s] symbolically linking /home/jetson/yahboomcar_ros2_ws_new/yahboomcar_ws/build/yahboomcar_bringup/launch/bringup_no_odom_launch.py -> /home/jetson/yahboomcar_ros2_ws_new/yahboomcar_ws/install/yahboomcar_bringup/share/yahboomcar_bringup/launch
[10.660s] symbolically linking /home/jetson/yahboomcar_ros2_ws_new/yahboomcar_ws/build/yahboomcar_bringup/launch/yahboomcar_bringup_R2_launch.py -> /home/jetson/yahboomcar_ros2_ws_new/yahboomcar_ws/install/yahboomcar_bringup/share/yahboomcar_bringup/launch
[10.660s] symbolically linking /home/jetson/yahboomcar_ros2_ws_new/yahboomcar_ws/build/yahboomcar_bringup/launch/yahboomcar_bringup_X1_launch.py -> /home/jetson/yahboomcar_ros2_ws_new/yahboomcar_ws/install/yahboomcar_bringup/share/yahboomcar_bringup/launch
[10.661s] symbolically linking /home/jetson/yahboomcar_ros2_ws_new/yahboomcar_ws/build/yahboomcar_bringup/launch/yahboomcar_bringup_X3_launch.py -> /home/jetson/yahboomcar_ros2_ws_new/yahboomcar_ws/install/yahboomcar_bringup/share/yahboomcar_bringup/launch
[10.661s] creating /home/jetson/yahboomcar_ros2_ws_new/yahboomcar_ws/install/yahboomcar_bringup/share/yahboomcar_description/rviz
[10.663s] symbolically linking /home/jetson/yahboomcar_ros2_ws_new/yahboomcar_ws/build/yahboomcar_bringup/rviz/yahboomcar.rviz -> /home/jetson/yahboomcar_ros2_ws_new/yahboomcar_ws/install/yahboomcar_bringup/share/yahboomcar_description/rviz
[10.663s] creating /home/jetson/yahboomcar_ros2_ws_new/yahboomcar_ws/install/yahboomcar_bringup/share/yahboomcar_bringup/param
[10.664s] symbolically linking /home/jetson/yahboomcar_ros2_ws_new/yahboomcar_ws/build/yahboomcar_bringup/param/imu_filter_param1.yaml -> /home/jetson/yahboomcar_ros2_ws_new/yahboomcar_ws/install/yahboomcar_bringup/share/yahboomcar_bringup/param
[10.664s] symbolically linking /home/jetson/yahboomcar_ros2_ws_new/yahboomcar_ws/build/yahboomcar_bringup/param/imu_filter_param.yaml -> /home/jetson/yahboomcar_ros2_ws_new/yahboomcar_ws/install/yahboomcar_bringup/share/yahboomcar_bringup/param
[10.887s] Invoked command in '/home/jetson/yahboomcar_ros2_ws_new/yahboomcar_ws/build/yahboomcar_bringup' returned '0': PYTHONPATH=/home/jetson/yahboomcar_ros2_ws_new/yahboomcar_ws/build/yahboomcar_bringup/prefix_override:/usr/lib/python3/dist-packages/colcon_core/task/python/colcon_distutils_commands:/home/jetson/yahboomcar_ros2_ws_new/yahboomcar_ws/install/yahboomcar_bringup/lib/python3.10/site-packages:${PYTHONPATH} /usr/bin/python3 -W ignore:setup.py install is deprecated -W ignore:easy_install command is deprecated setup.py develop --editable --build-directory /home/jetson/yahboomcar_ros2_ws_new/yahboomcar_ws/build/yahboomcar_bringup/build --no-deps symlink_data
