running develop
running egg_info
creating yahboomcar_mediapipe.egg-info
writing yahboomcar_mediapipe.egg-info/PKG-INFO
writing dependency_links to yahboomcar_mediapipe.egg-info/dependency_links.txt
writing entry points to yahboomcar_mediapipe.egg-info/entry_points.txt
writing requirements to yahboomcar_mediapipe.egg-info/requires.txt
writing top-level names to yahboomcar_mediapipe.egg-info/top_level.txt
writing manifest file 'yahboomcar_mediapipe.egg-info/SOURCES.txt'
reading manifest file 'yahboomcar_mediapipe.egg-info/SOURCES.txt'
writing manifest file 'yahboomcar_mediapipe.egg-info/SOURCES.txt'
running build_ext
Creating /home/jetson/yahboomcar_ros2_ws_new/yahboomcar_ws/install/yahboomcar_mediapipe/lib/python3.10/site-packages/yahboomcar-mediapipe.egg-link (link to .)
Installing 01_HandDetector script to /home/jetson/yahboomcar_ros2_ws_new/yahboomcar_ws/install/yahboomcar_mediapipe/lib/yahboomcar_mediapipe
Installing 02_PoseDetector script to /home/jetson/yahboomcar_ros2_ws_new/yahboomcar_ws/install/yahboomcar_mediapipe/lib/yahboomcar_mediapipe
Installing 03_Holistic script to /home/jetson/yahboomcar_ros2_ws_new/yahboomcar_ws/install/yahboomcar_mediapipe/lib/yahboomcar_mediapipe
Installing 04_FaceMesh script to /home/jetson/yahboomcar_ros2_ws_new/yahboomcar_ws/install/yahboomcar_mediapipe/lib/yahboomcar_mediapipe
Installing 05_FaceEyeDetection script to /home/jetson/yahboomcar_ros2_ws_new/yahboomcar_ws/install/yahboomcar_mediapipe/lib/yahboomcar_mediapipe
Installing test_msg script to /home/jetson/yahboomcar_ros2_ws_new/yahboomcar_ws/install/yahboomcar_mediapipe/lib/yahboomcar_mediapipe

Installed /home/jetson/yahboomcar_ros2_ws_new/yahboomcar_ws/build/yahboomcar_mediapipe
running symlink_data
creating /home/jetson/yahboomcar_ros2_ws_new/yahboomcar_ws/install/yahboomcar_mediapipe/share/ament_index/resource_index/packages
symbolically linking /home/jetson/yahboomcar_ros2_ws_new/yahboomcar_ws/build/yahboomcar_mediapipe/resource/yahboomcar_mediapipe -> /home/jetson/yahboomcar_ros2_ws_new/yahboomcar_ws/install/yahboomcar_mediapipe/share/ament_index/resource_index/packages
symbolically linking /home/jetson/yahboomcar_ros2_ws_new/yahboomcar_ws/build/yahboomcar_mediapipe/package.xml -> /home/jetson/yahboomcar_ros2_ws_new/yahboomcar_ws/install/yahboomcar_mediapipe/share/yahboomcar_mediapipe
creating /home/jetson/yahboomcar_ros2_ws_new/yahboomcar_ws/install/yahboomcar_mediapipe/share/yahboomcar_mediapipe/rviz
symbolically linking /home/jetson/yahboomcar_ros2_ws_new/yahboomcar_ws/build/yahboomcar_mediapipe/rviz/mediapipe_points.rviz -> /home/jetson/yahboomcar_ros2_ws_new/yahboomcar_ws/install/yahboomcar_mediapipe/share/yahboomcar_mediapipe/rviz
creating /home/jetson/yahboomcar_ros2_ws_new/yahboomcar_ws/install/yahboomcar_mediapipe/share/yahboomcar_mediapipe/launch
symbolically linking /home/jetson/yahboomcar_ros2_ws_new/yahboomcar_ws/build/yahboomcar_mediapipe/launch/mediapipe_points.launch.py -> /home/jetson/yahboomcar_ros2_ws_new/yahboomcar_ws/install/yahboomcar_mediapipe/share/yahboomcar_mediapipe/launch
