[3.164s] Invoking command in '/home/jetson/yahboomcar_ros2_ws_new/yahboomcar_ws/build/laserscan_to_point_pulisher': PYTHONPATH=/home/jetson/yahboomcar_ros2_ws_new/yahboomcar_ws/build/laserscan_to_point_pulisher/prefix_override:/usr/lib/python3/dist-packages/colcon_core/task/python/colcon_distutils_commands:/home/jetson/yahboomcar_ros2_ws_new/yahboomcar_ws/install/laserscan_to_point_pulisher/lib/python3.10/site-packages:${PYTHONPATH} /usr/bin/python3 -W ignore:setup.py install is deprecated -W ignore:easy_install command is deprecated setup.py develop --editable --build-directory /home/jetson/yahboomcar_ros2_ws_new/yahboomcar_ws/build/laserscan_to_point_pulisher/build --no-deps symlink_data
[4.158s] running develop
[4.841s] running egg_info
[4.926s] creating laserscan_to_point_pulisher.egg-info
[4.927s] writing laserscan_to_point_pulisher.egg-info/PKG-INFO
[4.930s] writing dependency_links to laserscan_to_point_pulisher.egg-info/dependency_links.txt
[4.931s] writing entry points to laserscan_to_point_pulisher.egg-info/entry_points.txt
[4.932s] writing requirements to laserscan_to_point_pulisher.egg-info/requires.txt
[4.933s] writing top-level names to laserscan_to_point_pulisher.egg-info/top_level.txt
[4.934s] writing manifest file 'laserscan_to_point_pulisher.egg-info/SOURCES.txt'
[5.050s] reading manifest file 'laserscan_to_point_pulisher.egg-info/SOURCES.txt'
[5.053s] writing manifest file 'laserscan_to_point_pulisher.egg-info/SOURCES.txt'
[5.152s] running build_ext
[5.152s] Creating /home/jetson/yahboomcar_ros2_ws_new/yahboomcar_ws/install/laserscan_to_point_pulisher/lib/python3.10/site-packages/laserscan-to-point-pulisher.egg-link (link to .)
[5.152s] Installing laserscan_to_point_pulisher script to /home/jetson/yahboomcar_ros2_ws_new/yahboomcar_ws/install/laserscan_to_point_pulisher/lib/laserscan_to_point_pulisher
[5.152s] 
[5.152s] Installed /home/jetson/yahboomcar_ros2_ws_new/yahboomcar_ws/build/laserscan_to_point_pulisher
[5.152s] running symlink_data
[5.152s] creating /home/jetson/yahboomcar_ros2_ws_new/yahboomcar_ws/install/laserscan_to_point_pulisher/share/ament_index/resource_index/packages
[5.152s] symbolically linking /home/jetson/yahboomcar_ros2_ws_new/yahboomcar_ws/build/laserscan_to_point_pulisher/resource/laserscan_to_point_pulisher -> /home/jetson/yahboomcar_ros2_ws_new/yahboomcar_ws/install/laserscan_to_point_pulisher/share/ament_index/resource_index/packages
[5.153s] symbolically linking /home/jetson/yahboomcar_ros2_ws_new/yahboomcar_ws/build/laserscan_to_point_pulisher/package.xml -> /home/jetson/yahboomcar_ros2_ws_new/yahboomcar_ws/install/laserscan_to_point_pulisher/share/laserscan_to_point_pulisher
[5.745s] Invoked command in '/home/jetson/yahboomcar_ros2_ws_new/yahboomcar_ws/build/laserscan_to_point_pulisher' returned '0': PYTHONPATH=/home/jetson/yahboomcar_ros2_ws_new/yahboomcar_ws/build/laserscan_to_point_pulisher/prefix_override:/usr/lib/python3/dist-packages/colcon_core/task/python/colcon_distutils_commands:/home/jetson/yahboomcar_ros2_ws_new/yahboomcar_ws/install/laserscan_to_point_pulisher/lib/python3.10/site-packages:${PYTHONPATH} /usr/bin/python3 -W ignore:setup.py install is deprecated -W ignore:easy_install command is deprecated setup.py develop --editable --build-directory /home/jetson/yahboomcar_ros2_ws_new/yahboomcar_ws/build/laserscan_to_point_pulisher/build --no-deps symlink_data
