running develop
running egg_info
creating yahboomcar_laser.egg-info
writing yahboomcar_laser.egg-info/PKG-INFO
writing dependency_links to yahboomcar_laser.egg-info/dependency_links.txt
writing entry points to yahboomcar_laser.egg-info/entry_points.txt
writing requirements to yahboomcar_laser.egg-info/requires.txt
writing top-level names to yahboomcar_laser.egg-info/top_level.txt
writing manifest file 'yahboomcar_laser.egg-info/SOURCES.txt'
reading manifest file 'yahboomcar_laser.egg-info/SOURCES.txt'
writing manifest file 'yahboomcar_laser.egg-info/SOURCES.txt'
running build_ext
Creating /home/jetson/yahboomcar_ros2_ws_new/yahboomcar_ws/install/yahboomcar_laser/lib/python3.10/site-packages/yahboomcar-laser.egg-link (link to .)
Installing laser_Avoidance_4ROS_R2 script to /home/jetson/yahboomcar_ros2_ws_new/yahboomcar_ws/install/yahboomcar_laser/lib/yahboomcar_laser
Installing laser_Avoidance_a1_R2 script to /home/jetson/yahboomcar_ros2_ws_new/yahboomcar_ws/install/yahboomcar_laser/lib/yahboomcar_laser
Installing laser_Avoidance_a1_X3 script to /home/jetson/yahboomcar_ros2_ws_new/yahboomcar_ws/install/yahboomcar_laser/lib/yahboomcar_laser
Installing laser_Tracker_4ROS_R2 script to /home/jetson/yahboomcar_ros2_ws_new/yahboomcar_ws/install/yahboomcar_laser/lib/yahboomcar_laser
Installing laser_Tracker_a1_R2 script to /home/jetson/yahboomcar_ros2_ws_new/yahboomcar_ws/install/yahboomcar_laser/lib/yahboomcar_laser
Installing laser_Tracker_a1_X3 script to /home/jetson/yahboomcar_ros2_ws_new/yahboomcar_ws/install/yahboomcar_laser/lib/yahboomcar_laser
Installing laser_Warning_a1_X3 script to /home/jetson/yahboomcar_ros2_ws_new/yahboomcar_ws/install/yahboomcar_laser/lib/yahboomcar_laser

Installed /home/jetson/yahboomcar_ros2_ws_new/yahboomcar_ws/build/yahboomcar_laser
running symlink_data
creating /home/jetson/yahboomcar_ros2_ws_new/yahboomcar_ws/install/yahboomcar_laser/share/ament_index/resource_index/packages
symbolically linking /home/jetson/yahboomcar_ros2_ws_new/yahboomcar_ws/build/yahboomcar_laser/resource/yahboomcar_laser -> /home/jetson/yahboomcar_ros2_ws_new/yahboomcar_ws/install/yahboomcar_laser/share/ament_index/resource_index/packages
symbolically linking /home/jetson/yahboomcar_ros2_ws_new/yahboomcar_ws/build/yahboomcar_laser/package.xml -> /home/jetson/yahboomcar_ros2_ws_new/yahboomcar_ws/install/yahboomcar_laser/share/yahboomcar_laser
creating /home/jetson/yahboomcar_ros2_ws_new/yahboomcar_ws/install/yahboomcar_laser/share/yahboomcar_laser/launch
symbolically linking /home/jetson/yahboomcar_ros2_ws_new/yahboomcar_ws/build/yahboomcar_laser/launch/laser_Tracker_a1_X3.launch.py -> /home/jetson/yahboomcar_ros2_ws_new/yahboomcar_ws/install/yahboomcar_laser/share/yahboomcar_laser/launch
symbolically linking /home/jetson/yahboomcar_ros2_ws_new/yahboomcar_ws/build/yahboomcar_laser/launch/laser_Avoidance_a1_X3.launch.py -> /home/jetson/yahboomcar_ros2_ws_new/yahboomcar_ws/install/yahboomcar_laser/share/yahboomcar_laser/launch
symbolically linking /home/jetson/yahboomcar_ros2_ws_new/yahboomcar_ws/build/yahboomcar_laser/launch/laser_Warning_a1_X3.launch.py -> /home/jetson/yahboomcar_ros2_ws_new/yahboomcar_ws/install/yahboomcar_laser/share/yahboomcar_laser/launch
