-- Found ament_cmake: 1.3.11 (/opt/ros/humble/share/ament_cmake/cmake)
-- Override CMake install command with custom implementation using symlinks instead of copying resources
-- Found rclpy: 3.3.16 (/opt/ros/humble/share/rclpy/cmake)
-- Configuring done
-- Generating done
-- Build files have been written to: /home/jetson/yahboomcar_ros2_ws_new/yahboomcar_ws/build/arm_moveit_demo
Built target ament_cmake_python_symlink_arm_moveit_demo
running egg_info
writing arm_moveit_demo.egg-info/PKG-INFO
writing dependency_links to arm_moveit_demo.egg-info/dependency_links.txt
writing top-level names to arm_moveit_demo.egg-info/top_level.txt
reading manifest file 'arm_moveit_demo.egg-info/SOURCES.txt'
writing manifest file 'arm_moveit_demo.egg-info/SOURCES.txt'
Built target ament_cmake_python_build_arm_moveit_demo_egg
-- Install configuration: ""
-- Execute custom install script
-- Up-to-date symlink: /home/jetson/yahboomcar_ros2_ws_new/yahboomcar_ws/install/arm_moveit_demo/share/arm_moveit_demo/environment/pythonpath.sh
-- Up-to-date symlink: /home/jetson/yahboomcar_ros2_ws_new/yahboomcar_ws/install/arm_moveit_demo/share/arm_moveit_demo/environment/pythonpath.dsv
-- Up-to-date symlink: /home/jetson/yahboomcar_ros2_ws_new/yahboomcar_ws/install/arm_moveit_demo/local/lib/python3.10/dist-packages/arm_moveit_demo-0.3.0-py3.10.egg-info/PKG-INFO
-- Up-to-date symlink: /home/jetson/yahboomcar_ros2_ws_new/yahboomcar_ws/install/arm_moveit_demo/local/lib/python3.10/dist-packages/arm_moveit_demo-0.3.0-py3.10.egg-info/SOURCES.txt
-- Up-to-date symlink: /home/jetson/yahboomcar_ros2_ws_new/yahboomcar_ws/install/arm_moveit_demo/local/lib/python3.10/dist-packages/arm_moveit_demo-0.3.0-py3.10.egg-info/dependency_links.txt
-- Up-to-date symlink: /home/jetson/yahboomcar_ros2_ws_new/yahboomcar_ws/install/arm_moveit_demo/local/lib/python3.10/dist-packages/arm_moveit_demo-0.3.0-py3.10.egg-info/top_level.txt
-- Up-to-date symlink: /home/jetson/yahboomcar_ros2_ws_new/yahboomcar_ws/install/arm_moveit_demo/local/lib/python3.10/dist-packages/arm_moveit_demo/__init__.py
-- Up-to-date symlink: /home/jetson/yahboomcar_ros2_ws_new/yahboomcar_ws/install/arm_moveit_demo/local/lib/python3.10/dist-packages/arm_moveit_demo/random_move.py
-- Up-to-date symlink: /home/jetson/yahboomcar_ros2_ws_new/yahboomcar_ws/install/arm_moveit_demo/local/lib/python3.10/dist-packages/arm_moveit_demo/set_joint_plan.py
-- Up-to-date symlink: /home/jetson/yahboomcar_ros2_ws_new/yahboomcar_ws/install/arm_moveit_demo/local/lib/python3.10/dist-packages/arm_moveit_demo/set_pose_plan.py
-- Up-to-date symlink: /home/jetson/yahboomcar_ros2_ws_new/yahboomcar_ws/install/arm_moveit_demo/local/lib/python3.10/dist-packages/arm_moveit_demo/simulation_to_machine.py
-- Up-to-date symlink: /home/jetson/yahboomcar_ros2_ws_new/yahboomcar_ws/install/arm_moveit_demo/lib/arm_moveit_demo/random_move.py
-- Up-to-date symlink: /home/jetson/yahboomcar_ros2_ws_new/yahboomcar_ws/install/arm_moveit_demo/lib/arm_moveit_demo/set_pose_plan.py
-- Up-to-date symlink: /home/jetson/yahboomcar_ros2_ws_new/yahboomcar_ws/install/arm_moveit_demo/lib/arm_moveit_demo/set_joint_plan.py
-- Up-to-date symlink: /home/jetson/yahboomcar_ros2_ws_new/yahboomcar_ws/install/arm_moveit_demo/lib/arm_moveit_demo/simulation_to_machine.py
-- Up-to-date symlink: /home/jetson/yahboomcar_ros2_ws_new/yahboomcar_ws/install/arm_moveit_demo/share/arm_moveit_demo/launch/moveit_demo_full.launch.py
-- Up-to-date symlink: /home/jetson/yahboomcar_ros2_ws_new/yahboomcar_ws/install/arm_moveit_demo/share/arm_moveit_demo/launch/random_move.launch.py
-- Up-to-date symlink: /home/jetson/yahboomcar_ros2_ws_new/yahboomcar_ws/install/arm_moveit_demo/share/arm_moveit_demo/launch/set_joint_plan.launch.py
-- Up-to-date symlink: /home/jetson/yahboomcar_ros2_ws_new/yahboomcar_ws/install/arm_moveit_demo/share/arm_moveit_demo/launch/simulation_to_machine.launch.py
-- Up-to-date symlink: /home/jetson/yahboomcar_ros2_ws_new/yahboomcar_ws/install/arm_moveit_demo/share/ament_index/resource_index/package_run_dependencies/arm_moveit_demo
-- Up-to-date symlink: /home/jetson/yahboomcar_ros2_ws_new/yahboomcar_ws/install/arm_moveit_demo/share/ament_index/resource_index/parent_prefix_path/arm_moveit_demo
-- Up-to-date symlink: /home/jetson/yahboomcar_ros2_ws_new/yahboomcar_ws/install/arm_moveit_demo/share/arm_moveit_demo/environment/ament_prefix_path.sh
-- Up-to-date symlink: /home/jetson/yahboomcar_ros2_ws_new/yahboomcar_ws/install/arm_moveit_demo/share/arm_moveit_demo/environment/ament_prefix_path.dsv
-- Up-to-date symlink: /home/jetson/yahboomcar_ros2_ws_new/yahboomcar_ws/install/arm_moveit_demo/share/arm_moveit_demo/environment/path.sh
-- Up-to-date symlink: /home/jetson/yahboomcar_ros2_ws_new/yahboomcar_ws/install/arm_moveit_demo/share/arm_moveit_demo/environment/path.dsv
-- Up-to-date symlink: /home/jetson/yahboomcar_ros2_ws_new/yahboomcar_ws/install/arm_moveit_demo/share/arm_moveit_demo/local_setup.bash
-- Up-to-date symlink: /home/jetson/yahboomcar_ros2_ws_new/yahboomcar_ws/install/arm_moveit_demo/share/arm_moveit_demo/local_setup.sh
-- Up-to-date symlink: /home/jetson/yahboomcar_ros2_ws_new/yahboomcar_ws/install/arm_moveit_demo/share/arm_moveit_demo/local_setup.zsh
-- Up-to-date symlink: /home/jetson/yahboomcar_ros2_ws_new/yahboomcar_ws/install/arm_moveit_demo/share/arm_moveit_demo/local_setup.dsv
-- Symlinking: /home/jetson/yahboomcar_ros2_ws_new/yahboomcar_ws/install/arm_moveit_demo/share/arm_moveit_demo/package.dsv
-- Up-to-date symlink: /home/jetson/yahboomcar_ros2_ws_new/yahboomcar_ws/install/arm_moveit_demo/share/ament_index/resource_index/packages/arm_moveit_demo
-- Up-to-date symlink: /home/jetson/yahboomcar_ros2_ws_new/yahboomcar_ws/install/arm_moveit_demo/share/arm_moveit_demo/cmake/arm_moveit_demoConfig.cmake
-- Up-to-date symlink: /home/jetson/yahboomcar_ros2_ws_new/yahboomcar_ws/install/arm_moveit_demo/share/arm_moveit_demo/cmake/arm_moveit_demoConfig-version.cmake
-- Up-to-date symlink: /home/jetson/yahboomcar_ros2_ws_new/yahboomcar_ws/install/arm_moveit_demo/share/arm_moveit_demo/package.xml
Listing '/home/jetson/yahboomcar_ros2_ws_new/yahboomcar_ws/install/arm_moveit_demo/local/lib/python3.10/dist-packages/arm_moveit_demo'...
Compiling '/home/jetson/yahboomcar_ros2_ws_new/yahboomcar_ws/install/arm_moveit_demo/local/lib/python3.10/dist-packages/arm_moveit_demo/random_move.py'...
Compiling '/home/jetson/yahboomcar_ros2_ws_new/yahboomcar_ws/install/arm_moveit_demo/local/lib/python3.10/dist-packages/arm_moveit_demo/set_joint_plan.py'...
Compiling '/home/jetson/yahboomcar_ros2_ws_new/yahboomcar_ws/install/arm_moveit_demo/local/lib/python3.10/dist-packages/arm_moveit_demo/set_pose_plan.py'...
Compiling '/home/jetson/yahboomcar_ros2_ws_new/yahboomcar_ws/install/arm_moveit_demo/local/lib/python3.10/dist-packages/arm_moveit_demo/simulation_to_machine.py'...
