[3.466s] Invoking command in '/home/jetson/yahboomcar_ros2_ws_new/yahboomcar_ws/build/yahboomcar_visual': PYTHONPATH=/home/jetson/yahboomcar_ros2_ws_new/yahboomcar_ws/build/yahboomcar_visual/prefix_override:/usr/lib/python3/dist-packages/colcon_core/task/python/colcon_distutils_commands:/home/jetson/yahboomcar_ros2_ws_new/yahboomcar_ws/install/yahboomcar_visual/lib/python3.10/site-packages:${PYTHONPATH} /usr/bin/python3 -W ignore:setup.py install is deprecated -W ignore:easy_install command is deprecated setup.py develop --editable --build-directory /home/jetson/yahboomcar_ros2_ws_new/yahboomcar_ws/build/yahboomcar_visual/build --no-deps symlink_data
[4.836s] running develop
[5.818s] running egg_info
[5.951s] creating yahboomcar_visual.egg-info
[5.960s] writing yahboomcar_visual.egg-info/PKG-INFO
[5.962s] writing dependency_links to yahboomcar_visual.egg-info/dependency_links.txt
[5.968s] writing entry points to yahboomcar_visual.egg-info/entry_points.txt
[5.969s] writing requirements to yahboomcar_visual.egg-info/requires.txt
[5.969s] writing top-level names to yahboomcar_visual.egg-info/top_level.txt
[5.970s] writing manifest file 'yahboomcar_visual.egg-info/SOURCES.txt'
[6.143s] reading manifest file 'yahboomcar_visual.egg-info/SOURCES.txt'
[6.146s] writing manifest file 'yahboomcar_visual.egg-info/SOURCES.txt'
[6.211s] running build_ext
[6.212s] Creating /home/jetson/yahboomcar_ros2_ws_new/yahboomcar_ws/install/yahboomcar_visual/lib/python3.10/site-packages/yahboomcar-visual.egg-link (link to .)
[6.214s] Installing astra_color_point script to /home/jetson/yahboomcar_ros2_ws_new/yahboomcar_ws/install/yahboomcar_visual/lib/yahboomcar_visual
[6.214s] Installing astra_depth_image script to /home/jetson/yahboomcar_ros2_ws_new/yahboomcar_ws/install/yahboomcar_visual/lib/yahboomcar_visual
[6.215s] Installing astra_image_flip script to /home/jetson/yahboomcar_ros2_ws_new/yahboomcar_ws/install/yahboomcar_visual/lib/yahboomcar_visual
[6.215s] Installing astra_rgb_image script to /home/jetson/yahboomcar_ros2_ws_new/yahboomcar_ws/install/yahboomcar_visual/lib/yahboomcar_visual
[6.215s] Installing laser_to_image script to /home/jetson/yahboomcar_ros2_ws_new/yahboomcar_ws/install/yahboomcar_visual/lib/yahboomcar_visual
[6.216s] Installing pub_image script to /home/jetson/yahboomcar_ros2_ws_new/yahboomcar_ws/install/yahboomcar_visual/lib/yahboomcar_visual
[6.216s] Installing simple_AR script to /home/jetson/yahboomcar_ros2_ws_new/yahboomcar_ws/install/yahboomcar_visual/lib/yahboomcar_visual
[6.217s] 
[6.217s] Installed /home/jetson/yahboomcar_ros2_ws_new/yahboomcar_ws/build/yahboomcar_visual
[6.217s] running symlink_data
[6.218s] creating /home/jetson/yahboomcar_ros2_ws_new/yahboomcar_ws/install/yahboomcar_visual/share/ament_index/resource_index/packages
[6.225s] symbolically linking /home/jetson/yahboomcar_ros2_ws_new/yahboomcar_ws/build/yahboomcar_visual/resource/yahboomcar_visual -> /home/jetson/yahboomcar_ros2_ws_new/yahboomcar_ws/install/yahboomcar_visual/share/ament_index/resource_index/packages
[6.226s] symbolically linking /home/jetson/yahboomcar_ros2_ws_new/yahboomcar_ws/build/yahboomcar_visual/package.xml -> /home/jetson/yahboomcar_ros2_ws_new/yahboomcar_ws/install/yahboomcar_visual/share/yahboomcar_visual
[6.428s] Invoked command in '/home/jetson/yahboomcar_ros2_ws_new/yahboomcar_ws/build/yahboomcar_visual' returned '0': PYTHONPATH=/home/jetson/yahboomcar_ros2_ws_new/yahboomcar_ws/build/yahboomcar_visual/prefix_override:/usr/lib/python3/dist-packages/colcon_core/task/python/colcon_distutils_commands:/home/jetson/yahboomcar_ros2_ws_new/yahboomcar_ws/install/yahboomcar_visual/lib/python3.10/site-packages:${PYTHONPATH} /usr/bin/python3 -W ignore:setup.py install is deprecated -W ignore:easy_install command is deprecated setup.py develop --editable --build-directory /home/jetson/yahboomcar_ros2_ws_new/yahboomcar_ws/build/yahboomcar_visual/build --no-deps symlink_data
