running develop
running egg_info
creating yahboomcar_description.egg-info
writing yahboomcar_description.egg-info/PKG-INFO
writing dependency_links to yahboomcar_description.egg-info/dependency_links.txt
writing requirements to yahboomcar_description.egg-info/requires.txt
writing top-level names to yahboomcar_description.egg-info/top_level.txt
writing manifest file 'yahboomcar_description.egg-info/SOURCES.txt'
reading manifest file 'yahboomcar_description.egg-info/SOURCES.txt'
writing manifest file 'yahboomcar_description.egg-info/SOURCES.txt'
running build_ext
Creating /home/jetson/yahboomcar_ros2_ws_new/yahboomcar_ws/install/yahboomcar_description/lib/python3.10/site-packages/yahboomcar-description.egg-link (link to .)

Installed /home/jetson/yahboomcar_ros2_ws_new/yahboomcar_ws/build/yahboomcar_description
running symlink_data
creating /home/jetson/yahboomcar_ros2_ws_new/yahboomcar_ws/install/yahboomcar_description/share/ament_index/resource_index/packages
symbolically linking /home/jetson/yahboomcar_ros2_ws_new/yahboomcar_ws/build/yahboomcar_description/resource/yahboomcar_description -> /home/jetson/yahboomcar_ros2_ws_new/yahboomcar_ws/install/yahboomcar_description/share/ament_index/resource_index/packages
symbolically linking /home/jetson/yahboomcar_ros2_ws_new/yahboomcar_ws/build/yahboomcar_description/package.xml -> /home/jetson/yahboomcar_ros2_ws_new/yahboomcar_ws/install/yahboomcar_description/share/yahboomcar_description
creating /home/jetson/yahboomcar_ros2_ws_new/yahboomcar_ws/install/yahboomcar_description/share/yahboomcar_description/launch
symbolically linking /home/jetson/yahboomcar_ros2_ws_new/yahboomcar_ws/build/yahboomcar_description/launch/display_R2.launch.py -> /home/jetson/yahboomcar_ros2_ws_new/yahboomcar_ws/install/yahboomcar_description/share/yahboomcar_description/launch
symbolically linking /home/jetson/yahboomcar_ros2_ws_new/yahboomcar_ws/build/yahboomcar_description/launch/description_R2_multi_robot1.launch.py -> /home/jetson/yahboomcar_ros2_ws_new/yahboomcar_ws/install/yahboomcar_description/share/yahboomcar_description/launch
symbolically linking /home/jetson/yahboomcar_ros2_ws_new/yahboomcar_ws/build/yahboomcar_description/launch/description_R2_multi_robot2.launch.py -> /home/jetson/yahboomcar_ros2_ws_new/yahboomcar_ws/install/yahboomcar_description/share/yahboomcar_description/launch
symbolically linking /home/jetson/yahboomcar_ros2_ws_new/yahboomcar_ws/build/yahboomcar_description/launch/display_X3.launch.py -> /home/jetson/yahboomcar_ros2_ws_new/yahboomcar_ws/install/yahboomcar_description/share/yahboomcar_description/launch
symbolically linking /home/jetson/yahboomcar_ros2_ws_new/yahboomcar_ws/build/yahboomcar_description/launch/description_X3_multi_robot2.launch.py -> /home/jetson/yahboomcar_ros2_ws_new/yahboomcar_ws/install/yahboomcar_description/share/yahboomcar_description/launch
symbolically linking /home/jetson/yahboomcar_ros2_ws_new/yahboomcar_ws/build/yahboomcar_description/launch/description_X3_multi_robot1.launch.py -> /home/jetson/yahboomcar_ros2_ws_new/yahboomcar_ws/install/yahboomcar_description/share/yahboomcar_description/launch
creating /home/jetson/yahboomcar_ros2_ws_new/yahboomcar_ws/install/yahboomcar_description/share/yahboomcar_description/urdf
symbolically linking /home/jetson/yahboomcar_ros2_ws_new/yahboomcar_ws/build/yahboomcar_description/urdf/yahboomcar_R2_robot1.urdf -> /home/jetson/yahboomcar_ros2_ws_new/yahboomcar_ws/install/yahboomcar_description/share/yahboomcar_description/urdf
symbolically linking /home/jetson/yahboomcar_ros2_ws_new/yahboomcar_ws/build/yahboomcar_description/urdf/yahboomcar_R2_multi.urdf.xacro -> /home/jetson/yahboomcar_ros2_ws_new/yahboomcar_ws/install/yahboomcar_description/share/yahboomcar_description/urdf
symbolically linking /home/jetson/yahboomcar_ros2_ws_new/yahboomcar_ws/build/yahboomcar_description/urdf/yahboomcar_X3.urdf -> /home/jetson/yahboomcar_ros2_ws_new/yahboomcar_ws/install/yahboomcar_description/share/yahboomcar_description/urdf
symbolically linking /home/jetson/yahboomcar_ros2_ws_new/yahboomcar_ws/build/yahboomcar_description/urdf/yahboomcar_X3_robot2.urdf -> /home/jetson/yahboomcar_ros2_ws_new/yahboomcar_ws/install/yahboomcar_description/share/yahboomcar_description/urdf
symbolically linking /home/jetson/yahboomcar_ros2_ws_new/yahboomcar_ws/build/yahboomcar_description/urdf/yahboomcar_R2.urdf.xacro -> /home/jetson/yahboomcar_ros2_ws_new/yahboomcar_ws/install/yahboomcar_description/share/yahboomcar_description/urdf
symbolically linking /home/jetson/yahboomcar_ros2_ws_new/yahboomcar_ws/build/yahboomcar_description/urdf/yahboomcar_R2_robot1.urdf.xacro -> /home/jetson/yahboomcar_ros2_ws_new/yahboomcar_ws/install/yahboomcar_description/share/yahboomcar_description/urdf
symbolically linking /home/jetson/yahboomcar_ros2_ws_new/yahboomcar_ws/build/yahboomcar_description/urdf/yahboomcar_X3_robot1.urdf -> /home/jetson/yahboomcar_ros2_ws_new/yahboomcar_ws/install/yahboomcar_description/share/yahboomcar_description/urdf
symbolically linking /home/jetson/yahboomcar_ros2_ws_new/yahboomcar_ws/build/yahboomcar_description/urdf/yahboomcar_X3.urdf.xacro -> /home/jetson/yahboomcar_ros2_ws_new/yahboomcar_ws/install/yahboomcar_description/share/yahboomcar_description/urdf
symbolically linking /home/jetson/yahboomcar_ros2_ws_new/yahboomcar_ws/build/yahboomcar_description/urdf/yahboomcar_R2.urdf -> /home/jetson/yahboomcar_ros2_ws_new/yahboomcar_ws/install/yahboomcar_description/share/yahboomcar_description/urdf
symbolically linking /home/jetson/yahboomcar_ros2_ws_new/yahboomcar_ws/build/yahboomcar_description/urdf/yahboomcar_R2_robot2.urdf.xacro -> /home/jetson/yahboomcar_ros2_ws_new/yahboomcar_ws/install/yahboomcar_description/share/yahboomcar_description/urdf
symbolically linking /home/jetson/yahboomcar_ros2_ws_new/yahboomcar_ws/build/yahboomcar_description/urdf/yahboomcar_R2_robot2.urdf -> /home/jetson/yahboomcar_ros2_ws_new/yahboomcar_ws/install/yahboomcar_description/share/yahboomcar_description/urdf
creating /home/jetson/yahboomcar_ros2_ws_new/yahboomcar_ws/install/yahboomcar_description/share/yahboomcar_description/meshes
symbolically linking /home/jetson/yahboomcar_ros2_ws_new/yahboomcar_ws/build/yahboomcar_description/meshes/back_right_link.STL -> /home/jetson/yahboomcar_ros2_ws_new/yahboomcar_ws/install/yahboomcar_description/share/yahboomcar_description/meshes
symbolically linking /home/jetson/yahboomcar_ros2_ws_new/yahboomcar_ws/build/yahboomcar_description/meshes/laser_link.STL -> /home/jetson/yahboomcar_ros2_ws_new/yahboomcar_ws/install/yahboomcar_description/share/yahboomcar_description/meshes
symbolically linking /home/jetson/yahboomcar_ros2_ws_new/yahboomcar_ws/build/yahboomcar_description/meshes/front_right_wheel_X3.STL -> /home/jetson/yahboomcar_ros2_ws_new/yahboomcar_ws/install/yahboomcar_description/share/yahboomcar_description/meshes
symbolically linking /home/jetson/yahboomcar_ros2_ws_new/yahboomcar_ws/build/yahboomcar_description/meshes/back_left_link.STL -> /home/jetson/yahboomcar_ros2_ws_new/yahboomcar_ws/install/yahboomcar_description/share/yahboomcar_description/meshes
symbolically linking /home/jetson/yahboomcar_ros2_ws_new/yahboomcar_ws/build/yahboomcar_description/meshes/back_left_wheel_X3.STL -> /home/jetson/yahboomcar_ros2_ws_new/yahboomcar_ws/install/yahboomcar_description/share/yahboomcar_description/meshes
symbolically linking /home/jetson/yahboomcar_ros2_ws_new/yahboomcar_ws/build/yahboomcar_description/meshes/front_left_steer.STL -> /home/jetson/yahboomcar_ros2_ws_new/yahboomcar_ws/install/yahboomcar_description/share/yahboomcar_description/meshes
symbolically linking /home/jetson/yahboomcar_ros2_ws_new/yahboomcar_ws/build/yahboomcar_description/meshes/base_link.STL -> /home/jetson/yahboomcar_ros2_ws_new/yahboomcar_ws/install/yahboomcar_description/share/yahboomcar_description/meshes
symbolically linking /home/jetson/yahboomcar_ros2_ws_new/yahboomcar_ws/build/yahboomcar_description/meshes/laser_link_R2.STL -> /home/jetson/yahboomcar_ros2_ws_new/yahboomcar_ws/install/yahboomcar_description/share/yahboomcar_description/meshes
symbolically linking /home/jetson/yahboomcar_ros2_ws_new/yahboomcar_ws/build/yahboomcar_description/meshes/camera_link_R2.STL -> /home/jetson/yahboomcar_ros2_ws_new/yahboomcar_ws/install/yahboomcar_description/share/yahboomcar_description/meshes
symbolically linking /home/jetson/yahboomcar_ros2_ws_new/yahboomcar_ws/build/yahboomcar_description/meshes/front_right_steer.STL -> /home/jetson/yahboomcar_ros2_ws_new/yahboomcar_ws/install/yahboomcar_description/share/yahboomcar_description/meshes
symbolically linking /home/jetson/yahboomcar_ros2_ws_new/yahboomcar_ws/build/yahboomcar_description/meshes/base_link_X3.STL -> /home/jetson/yahboomcar_ros2_ws_new/yahboomcar_ws/install/yahboomcar_description/share/yahboomcar_description/meshes
symbolically linking /home/jetson/yahboomcar_ros2_ws_new/yahboomcar_ws/build/yahboomcar_description/meshes/front_left_wheel_X3.STL -> /home/jetson/yahboomcar_ros2_ws_new/yahboomcar_ws/install/yahboomcar_description/share/yahboomcar_description/meshes
symbolically linking /home/jetson/yahboomcar_ros2_ws_new/yahboomcar_ws/build/yahboomcar_description/meshes/camera_link.STL -> /home/jetson/yahboomcar_ros2_ws_new/yahboomcar_ws/install/yahboomcar_description/share/yahboomcar_description/meshes
symbolically linking /home/jetson/yahboomcar_ros2_ws_new/yahboomcar_ws/build/yahboomcar_description/meshes/front_right_wheel.STL -> /home/jetson/yahboomcar_ros2_ws_new/yahboomcar_ws/install/yahboomcar_description/share/yahboomcar_description/meshes
symbolically linking /home/jetson/yahboomcar_ros2_ws_new/yahboomcar_ws/build/yahboomcar_description/meshes/front_left_wheel.STL -> /home/jetson/yahboomcar_ros2_ws_new/yahboomcar_ws/install/yahboomcar_description/share/yahboomcar_description/meshes
symbolically linking /home/jetson/yahboomcar_ros2_ws_new/yahboomcar_ws/build/yahboomcar_description/meshes/back_right_wheel_X3.STL -> /home/jetson/yahboomcar_ros2_ws_new/yahboomcar_ws/install/yahboomcar_description/share/yahboomcar_description/meshes
creating /home/jetson/yahboomcar_ros2_ws_new/yahboomcar_ws/install/yahboomcar_description/share/yahboomcar_description/rviz
symbolically linking /home/jetson/yahboomcar_ros2_ws_new/yahboomcar_ws/build/yahboomcar_description/rviz/yahboomcar.rviz -> /home/jetson/yahboomcar_ros2_ws_new/yahboomcar_ws/install/yahboomcar_description/share/yahboomcar_description/rviz
