[3.803s] Invoking command in '/home/jetson/yahboomcar_ros2_ws_new/yahboomcar_ws/build/yahboomcar_description': PYTHONPATH=/home/jetson/yahboomcar_ros2_ws_new/yahboomcar_ws/build/yahboomcar_description/prefix_override:/usr/lib/python3/dist-packages/colcon_core/task/python/colcon_distutils_commands:/home/jetson/yahboomcar_ros2_ws_new/yahboomcar_ws/install/yahboomcar_description/lib/python3.10/site-packages:${PYTHONPATH} /usr/bin/python3 -W ignore:setup.py install is deprecated -W ignore:easy_install command is deprecated setup.py develop --editable --build-directory /home/jetson/yahboomcar_ros2_ws_new/yahboomcar_ws/build/yahboomcar_description/build --no-deps symlink_data
[5.573s] running develop
[6.987s] running egg_info
[7.130s] creating yahboomcar_description.egg-info
[7.136s] writing yahboomcar_description.egg-info/PKG-INFO
[7.139s] writing dependency_links to yahboomcar_description.egg-info/dependency_links.txt
[7.141s] writing requirements to yahboomcar_description.egg-info/requires.txt
[7.143s] writing top-level names to yahboomcar_description.egg-info/top_level.txt
[7.144s] writing manifest file 'yahboomcar_description.egg-info/SOURCES.txt'
[7.373s] reading manifest file 'yahboomcar_description.egg-info/SOURCES.txt'
[7.377s] writing manifest file 'yahboomcar_description.egg-info/SOURCES.txt'
[7.491s] running build_ext
[7.492s] Creating /home/jetson/yahboomcar_ros2_ws_new/yahboomcar_ws/install/yahboomcar_description/lib/python3.10/site-packages/yahboomcar-description.egg-link (link to .)
[7.500s] 
[7.500s] Installed /home/jetson/yahboomcar_ros2_ws_new/yahboomcar_ws/build/yahboomcar_description
[7.501s] running symlink_data
[7.502s] creating /home/jetson/yahboomcar_ros2_ws_new/yahboomcar_ws/install/yahboomcar_description/share/ament_index/resource_index/packages
[7.504s] symbolically linking /home/jetson/yahboomcar_ros2_ws_new/yahboomcar_ws/build/yahboomcar_description/resource/yahboomcar_description -> /home/jetson/yahboomcar_ros2_ws_new/yahboomcar_ws/install/yahboomcar_description/share/ament_index/resource_index/packages
[7.505s] symbolically linking /home/jetson/yahboomcar_ros2_ws_new/yahboomcar_ws/build/yahboomcar_description/package.xml -> /home/jetson/yahboomcar_ros2_ws_new/yahboomcar_ws/install/yahboomcar_description/share/yahboomcar_description
[7.506s] creating /home/jetson/yahboomcar_ros2_ws_new/yahboomcar_ws/install/yahboomcar_description/share/yahboomcar_description/launch
[7.513s] symbolically linking /home/jetson/yahboomcar_ros2_ws_new/yahboomcar_ws/build/yahboomcar_description/launch/display_R2.launch.py -> /home/jetson/yahboomcar_ros2_ws_new/yahboomcar_ws/install/yahboomcar_description/share/yahboomcar_description/launch
[7.519s] symbolically linking /home/jetson/yahboomcar_ros2_ws_new/yahboomcar_ws/build/yahboomcar_description/launch/description_R2_multi_robot1.launch.py -> /home/jetson/yahboomcar_ros2_ws_new/yahboomcar_ws/install/yahboomcar_description/share/yahboomcar_description/launch
[7.526s] symbolically linking /home/jetson/yahboomcar_ros2_ws_new/yahboomcar_ws/build/yahboomcar_description/launch/description_R2_multi_robot2.launch.py -> /home/jetson/yahboomcar_ros2_ws_new/yahboomcar_ws/install/yahboomcar_description/share/yahboomcar_description/launch
[7.528s] symbolically linking /home/jetson/yahboomcar_ros2_ws_new/yahboomcar_ws/build/yahboomcar_description/launch/display_X3.launch.py -> /home/jetson/yahboomcar_ros2_ws_new/yahboomcar_ws/install/yahboomcar_description/share/yahboomcar_description/launch
[7.530s] symbolically linking /home/jetson/yahboomcar_ros2_ws_new/yahboomcar_ws/build/yahboomcar_description/launch/description_X3_multi_robot2.launch.py -> /home/jetson/yahboomcar_ros2_ws_new/yahboomcar_ws/install/yahboomcar_description/share/yahboomcar_description/launch
[7.530s] symbolically linking /home/jetson/yahboomcar_ros2_ws_new/yahboomcar_ws/build/yahboomcar_description/launch/description_X3_multi_robot1.launch.py -> /home/jetson/yahboomcar_ros2_ws_new/yahboomcar_ws/install/yahboomcar_description/share/yahboomcar_description/launch
[7.530s] creating /home/jetson/yahboomcar_ros2_ws_new/yahboomcar_ws/install/yahboomcar_description/share/yahboomcar_description/urdf
[7.531s] symbolically linking /home/jetson/yahboomcar_ros2_ws_new/yahboomcar_ws/build/yahboomcar_description/urdf/yahboomcar_R2_robot1.urdf -> /home/jetson/yahboomcar_ros2_ws_new/yahboomcar_ws/install/yahboomcar_description/share/yahboomcar_description/urdf
[7.531s] symbolically linking /home/jetson/yahboomcar_ros2_ws_new/yahboomcar_ws/build/yahboomcar_description/urdf/yahboomcar_R2_multi.urdf.xacro -> /home/jetson/yahboomcar_ros2_ws_new/yahboomcar_ws/install/yahboomcar_description/share/yahboomcar_description/urdf
[7.531s] symbolically linking /home/jetson/yahboomcar_ros2_ws_new/yahboomcar_ws/build/yahboomcar_description/urdf/yahboomcar_X3.urdf -> /home/jetson/yahboomcar_ros2_ws_new/yahboomcar_ws/install/yahboomcar_description/share/yahboomcar_description/urdf
[7.532s] symbolically linking /home/jetson/yahboomcar_ros2_ws_new/yahboomcar_ws/build/yahboomcar_description/urdf/yahboomcar_X3_robot2.urdf -> /home/jetson/yahboomcar_ros2_ws_new/yahboomcar_ws/install/yahboomcar_description/share/yahboomcar_description/urdf
[7.536s] symbolically linking /home/jetson/yahboomcar_ros2_ws_new/yahboomcar_ws/build/yahboomcar_description/urdf/yahboomcar_R2.urdf.xacro -> /home/jetson/yahboomcar_ros2_ws_new/yahboomcar_ws/install/yahboomcar_description/share/yahboomcar_description/urdf
[7.536s] symbolically linking /home/jetson/yahboomcar_ros2_ws_new/yahboomcar_ws/build/yahboomcar_description/urdf/yahboomcar_R2_robot1.urdf.xacro -> /home/jetson/yahboomcar_ros2_ws_new/yahboomcar_ws/install/yahboomcar_description/share/yahboomcar_description/urdf
[7.537s] symbolically linking /home/jetson/yahboomcar_ros2_ws_new/yahboomcar_ws/build/yahboomcar_description/urdf/yahboomcar_X3_robot1.urdf -> /home/jetson/yahboomcar_ros2_ws_new/yahboomcar_ws/install/yahboomcar_description/share/yahboomcar_description/urdf
[7.538s] symbolically linking /home/jetson/yahboomcar_ros2_ws_new/yahboomcar_ws/build/yahboomcar_description/urdf/yahboomcar_X3.urdf.xacro -> /home/jetson/yahboomcar_ros2_ws_new/yahboomcar_ws/install/yahboomcar_description/share/yahboomcar_description/urdf
[7.538s] symbolically linking /home/jetson/yahboomcar_ros2_ws_new/yahboomcar_ws/build/yahboomcar_description/urdf/yahboomcar_R2.urdf -> /home/jetson/yahboomcar_ros2_ws_new/yahboomcar_ws/install/yahboomcar_description/share/yahboomcar_description/urdf
[7.544s] symbolically linking /home/jetson/yahboomcar_ros2_ws_new/yahboomcar_ws/build/yahboomcar_description/urdf/yahboomcar_R2_robot2.urdf.xacro -> /home/jetson/yahboomcar_ros2_ws_new/yahboomcar_ws/install/yahboomcar_description/share/yahboomcar_description/urdf
[7.545s] symbolically linking /home/jetson/yahboomcar_ros2_ws_new/yahboomcar_ws/build/yahboomcar_description/urdf/yahboomcar_R2_robot2.urdf -> /home/jetson/yahboomcar_ros2_ws_new/yahboomcar_ws/install/yahboomcar_description/share/yahboomcar_description/urdf
[7.546s] creating /home/jetson/yahboomcar_ros2_ws_new/yahboomcar_ws/install/yahboomcar_description/share/yahboomcar_description/meshes
[7.546s] symbolically linking /home/jetson/yahboomcar_ros2_ws_new/yahboomcar_ws/build/yahboomcar_description/meshes/back_right_link.STL -> /home/jetson/yahboomcar_ros2_ws_new/yahboomcar_ws/install/yahboomcar_description/share/yahboomcar_description/meshes
[7.550s] symbolically linking /home/jetson/yahboomcar_ros2_ws_new/yahboomcar_ws/build/yahboomcar_description/meshes/laser_link.STL -> /home/jetson/yahboomcar_ros2_ws_new/yahboomcar_ws/install/yahboomcar_description/share/yahboomcar_description/meshes
[7.550s] symbolically linking /home/jetson/yahboomcar_ros2_ws_new/yahboomcar_ws/build/yahboomcar_description/meshes/front_right_wheel_X3.STL -> /home/jetson/yahboomcar_ros2_ws_new/yahboomcar_ws/install/yahboomcar_description/share/yahboomcar_description/meshes
[7.550s] symbolically linking /home/jetson/yahboomcar_ros2_ws_new/yahboomcar_ws/build/yahboomcar_description/meshes/back_left_link.STL -> /home/jetson/yahboomcar_ros2_ws_new/yahboomcar_ws/install/yahboomcar_description/share/yahboomcar_description/meshes
[7.551s] symbolically linking /home/jetson/yahboomcar_ros2_ws_new/yahboomcar_ws/build/yahboomcar_description/meshes/back_left_wheel_X3.STL -> /home/jetson/yahboomcar_ros2_ws_new/yahboomcar_ws/install/yahboomcar_description/share/yahboomcar_description/meshes
[7.552s] symbolically linking /home/jetson/yahboomcar_ros2_ws_new/yahboomcar_ws/build/yahboomcar_description/meshes/front_left_steer.STL -> /home/jetson/yahboomcar_ros2_ws_new/yahboomcar_ws/install/yahboomcar_description/share/yahboomcar_description/meshes
[7.556s] symbolically linking /home/jetson/yahboomcar_ros2_ws_new/yahboomcar_ws/build/yahboomcar_description/meshes/base_link.STL -> /home/jetson/yahboomcar_ros2_ws_new/yahboomcar_ws/install/yahboomcar_description/share/yahboomcar_description/meshes
[7.556s] symbolically linking /home/jetson/yahboomcar_ros2_ws_new/yahboomcar_ws/build/yahboomcar_description/meshes/laser_link_R2.STL -> /home/jetson/yahboomcar_ros2_ws_new/yahboomcar_ws/install/yahboomcar_description/share/yahboomcar_description/meshes
[7.557s] symbolically linking /home/jetson/yahboomcar_ros2_ws_new/yahboomcar_ws/build/yahboomcar_description/meshes/camera_link_R2.STL -> /home/jetson/yahboomcar_ros2_ws_new/yahboomcar_ws/install/yahboomcar_description/share/yahboomcar_description/meshes
[7.557s] symbolically linking /home/jetson/yahboomcar_ros2_ws_new/yahboomcar_ws/build/yahboomcar_description/meshes/front_right_steer.STL -> /home/jetson/yahboomcar_ros2_ws_new/yahboomcar_ws/install/yahboomcar_description/share/yahboomcar_description/meshes
[7.558s] symbolically linking /home/jetson/yahboomcar_ros2_ws_new/yahboomcar_ws/build/yahboomcar_description/meshes/base_link_X3.STL -> /home/jetson/yahboomcar_ros2_ws_new/yahboomcar_ws/install/yahboomcar_description/share/yahboomcar_description/meshes
[7.564s] symbolically linking /home/jetson/yahboomcar_ros2_ws_new/yahboomcar_ws/build/yahboomcar_description/meshes/front_left_wheel_X3.STL -> /home/jetson/yahboomcar_ros2_ws_new/yahboomcar_ws/install/yahboomcar_description/share/yahboomcar_description/meshes
[7.565s] symbolically linking /home/jetson/yahboomcar_ros2_ws_new/yahboomcar_ws/build/yahboomcar_description/meshes/camera_link.STL -> /home/jetson/yahboomcar_ros2_ws_new/yahboomcar_ws/install/yahboomcar_description/share/yahboomcar_description/meshes
[7.573s] symbolically linking /home/jetson/yahboomcar_ros2_ws_new/yahboomcar_ws/build/yahboomcar_description/meshes/front_right_wheel.STL -> /home/jetson/yahboomcar_ros2_ws_new/yahboomcar_ws/install/yahboomcar_description/share/yahboomcar_description/meshes
[7.574s] symbolically linking /home/jetson/yahboomcar_ros2_ws_new/yahboomcar_ws/build/yahboomcar_description/meshes/front_left_wheel.STL -> /home/jetson/yahboomcar_ros2_ws_new/yahboomcar_ws/install/yahboomcar_description/share/yahboomcar_description/meshes
[7.574s] symbolically linking /home/jetson/yahboomcar_ros2_ws_new/yahboomcar_ws/build/yahboomcar_description/meshes/back_right_wheel_X3.STL -> /home/jetson/yahboomcar_ros2_ws_new/yahboomcar_ws/install/yahboomcar_description/share/yahboomcar_description/meshes
[7.576s] creating /home/jetson/yahboomcar_ros2_ws_new/yahboomcar_ws/install/yahboomcar_description/share/yahboomcar_description/rviz
[7.578s] symbolically linking /home/jetson/yahboomcar_ros2_ws_new/yahboomcar_ws/build/yahboomcar_description/rviz/yahboomcar.rviz -> /home/jetson/yahboomcar_ros2_ws_new/yahboomcar_ws/install/yahboomcar_description/share/yahboomcar_description/rviz
[7.839s] Invoked command in '/home/jetson/yahboomcar_ros2_ws_new/yahboomcar_ws/build/yahboomcar_description' returned '0': PYTHONPATH=/home/jetson/yahboomcar_ros2_ws_new/yahboomcar_ws/build/yahboomcar_description/prefix_override:/usr/lib/python3/dist-packages/colcon_core/task/python/colcon_distutils_commands:/home/jetson/yahboomcar_ros2_ws_new/yahboomcar_ws/install/yahboomcar_description/lib/python3.10/site-packages:${PYTHONPATH} /usr/bin/python3 -W ignore:setup.py install is deprecated -W ignore:easy_install command is deprecated setup.py develop --editable --build-directory /home/jetson/yahboomcar_ros2_ws_new/yahboomcar_ws/build/yahboomcar_description/build --no-deps symlink_data
