Built target ament_cmake_python_symlink_arm_color_transport
running egg_info
writing arm_color_transport.egg-info/PKG-INFO
writing dependency_links to arm_color_transport.egg-info/dependency_links.txt
writing top-level names to arm_color_transport.egg-info/top_level.txt
reading manifest file 'arm_color_transport.egg-info/SOURCES.txt'
writing manifest file 'arm_color_transport.egg-info/SOURCES.txt'
Built target ament_cmake_python_build_arm_color_transport_egg
-- Install configuration: ""
-- Execute custom install script
-- Up-to-date symlink: /home/jetson/yahboomcar_ros2_ws_new/yahboomcar_ws/install/arm_color_transport/share/arm_color_transport/environment/pythonpath.sh
-- Up-to-date symlink: /home/jetson/yahboomcar_ros2_ws_new/yahboomcar_ws/install/arm_color_transport/share/arm_color_transport/environment/pythonpath.dsv
-- Up-to-date symlink: /home/jetson/yahboomcar_ros2_ws_new/yahboomcar_ws/install/arm_color_transport/local/lib/python3.10/dist-packages/arm_color_transport-0.1.0-py3.10.egg-info/PKG-INFO
-- Up-to-date symlink: /home/jetson/yahboomcar_ros2_ws_new/yahboomcar_ws/install/arm_color_transport/local/lib/python3.10/dist-packages/arm_color_transport-0.1.0-py3.10.egg-info/SOURCES.txt
-- Up-to-date symlink: /home/jetson/yahboomcar_ros2_ws_new/yahboomcar_ws/install/arm_color_transport/local/lib/python3.10/dist-packages/arm_color_transport-0.1.0-py3.10.egg-info/dependency_links.txt
-- Up-to-date symlink: /home/jetson/yahboomcar_ros2_ws_new/yahboomcar_ws/install/arm_color_transport/local/lib/python3.10/dist-packages/arm_color_transport-0.1.0-py3.10.egg-info/top_level.txt
-- Up-to-date symlink: /home/jetson/yahboomcar_ros2_ws_new/yahboomcar_ws/install/arm_color_transport/local/lib/python3.10/dist-packages/arm_color_transport/__init__.py
-- Up-to-date symlink: /home/jetson/yahboomcar_ros2_ws_new/yahboomcar_ws/install/arm_color_transport/local/lib/python3.10/dist-packages/arm_color_transport/transport_common.py
-- Up-to-date symlink: /home/jetson/yahboomcar_ros2_ws_new/yahboomcar_ws/install/arm_color_transport/local/lib/python3.10/dist-packages/arm_color_transport/transport_main.py
-- Up-to-date symlink: /home/jetson/yahboomcar_ros2_ws_new/yahboomcar_ws/install/arm_color_transport/lib/arm_color_transport/transport_main.py
-- Up-to-date symlink: /home/jetson/yahboomcar_ros2_ws_new/yahboomcar_ws/install/arm_color_transport/share/arm_color_transport/launch/color_transport.launch.py
-- Up-to-date symlink: /home/jetson/yahboomcar_ros2_ws_new/yahboomcar_ws/install/arm_color_transport/share/ament_index/resource_index/package_run_dependencies/arm_color_transport
-- Up-to-date symlink: /home/jetson/yahboomcar_ros2_ws_new/yahboomcar_ws/install/arm_color_transport/share/ament_index/resource_index/parent_prefix_path/arm_color_transport
-- Up-to-date symlink: /home/jetson/yahboomcar_ros2_ws_new/yahboomcar_ws/install/arm_color_transport/share/arm_color_transport/environment/ament_prefix_path.sh
-- Up-to-date symlink: /home/jetson/yahboomcar_ros2_ws_new/yahboomcar_ws/install/arm_color_transport/share/arm_color_transport/environment/ament_prefix_path.dsv
-- Up-to-date symlink: /home/jetson/yahboomcar_ros2_ws_new/yahboomcar_ws/install/arm_color_transport/share/arm_color_transport/environment/path.sh
-- Up-to-date symlink: /home/jetson/yahboomcar_ros2_ws_new/yahboomcar_ws/install/arm_color_transport/share/arm_color_transport/environment/path.dsv
-- Up-to-date symlink: /home/jetson/yahboomcar_ros2_ws_new/yahboomcar_ws/install/arm_color_transport/share/arm_color_transport/local_setup.bash
-- Up-to-date symlink: /home/jetson/yahboomcar_ros2_ws_new/yahboomcar_ws/install/arm_color_transport/share/arm_color_transport/local_setup.sh
-- Up-to-date symlink: /home/jetson/yahboomcar_ros2_ws_new/yahboomcar_ws/install/arm_color_transport/share/arm_color_transport/local_setup.zsh
-- Up-to-date symlink: /home/jetson/yahboomcar_ros2_ws_new/yahboomcar_ws/install/arm_color_transport/share/arm_color_transport/local_setup.dsv
-- Up-to-date symlink: /home/jetson/yahboomcar_ros2_ws_new/yahboomcar_ws/install/arm_color_transport/share/arm_color_transport/package.dsv
-- Up-to-date symlink: /home/jetson/yahboomcar_ros2_ws_new/yahboomcar_ws/install/arm_color_transport/share/ament_index/resource_index/packages/arm_color_transport
-- Up-to-date symlink: /home/jetson/yahboomcar_ros2_ws_new/yahboomcar_ws/install/arm_color_transport/share/arm_color_transport/cmake/arm_color_transportConfig.cmake
-- Up-to-date symlink: /home/jetson/yahboomcar_ros2_ws_new/yahboomcar_ws/install/arm_color_transport/share/arm_color_transport/cmake/arm_color_transportConfig-version.cmake
-- Up-to-date symlink: /home/jetson/yahboomcar_ros2_ws_new/yahboomcar_ws/install/arm_color_transport/share/arm_color_transport/package.xml
Listing '/home/jetson/yahboomcar_ros2_ws_new/yahboomcar_ws/install/arm_color_transport/local/lib/python3.10/dist-packages/arm_color_transport'...
