[3.169s] Invoking command in '/home/jetson/yahboomcar_ros2_ws_new/yahboomcar_ws/build/yahboomcar_astra': PYTHONPATH=/home/jetson/yahboomcar_ros2_ws_new/yahboomcar_ws/build/yahboomcar_astra/prefix_override:/usr/lib/python3/dist-packages/colcon_core/task/python/colcon_distutils_commands:/home/jetson/yahboomcar_ros2_ws_new/yahboomcar_ws/install/yahboomcar_astra/lib/python3.10/site-packages:${PYTHONPATH} /usr/bin/python3 -W ignore:setup.py install is deprecated -W ignore:easy_install command is deprecated setup.py develop --editable --build-directory /home/jetson/yahboomcar_ros2_ws_new/yahboomcar_ws/build/yahboomcar_astra/build --no-deps symlink_data
[6.317s] running develop
[9.067s] running egg_info
[9.417s] creating yahboomcar_astra.egg-info
[9.417s] writing yahboomcar_astra.egg-info/PKG-INFO
[9.419s] writing dependency_links to yahboomcar_astra.egg-info/dependency_links.txt
[9.419s] writing entry points to yahboomcar_astra.egg-info/entry_points.txt
[9.420s] writing requirements to yahboomcar_astra.egg-info/requires.txt
[9.445s] writing top-level names to yahboomcar_astra.egg-info/top_level.txt
[9.445s] writing manifest file 'yahboomcar_astra.egg-info/SOURCES.txt'
[9.827s] reading manifest file 'yahboomcar_astra.egg-info/SOURCES.txt'
[9.872s] writing manifest file 'yahboomcar_astra.egg-info/SOURCES.txt'
[10.175s] running build_ext
[10.176s] Creating /home/jetson/yahboomcar_ros2_ws_new/yahboomcar_ws/install/yahboomcar_astra/lib/python3.10/site-packages/yahboomcar-astra.egg-link (link to .)
[10.211s] Installing colorHSV script to /home/jetson/yahboomcar_ros2_ws_new/yahboomcar_ws/install/yahboomcar_astra/lib/yahboomcar_astra
[10.213s] Installing colorTracker script to /home/jetson/yahboomcar_ros2_ws_new/yahboomcar_ws/install/yahboomcar_astra/lib/yahboomcar_astra
[10.213s] 
[10.213s] Installed /home/jetson/yahboomcar_ros2_ws_new/yahboomcar_ws/build/yahboomcar_astra
[10.213s] running symlink_data
[10.229s] creating /home/jetson/yahboomcar_ros2_ws_new/yahboomcar_ws/install/yahboomcar_astra/share/ament_index/resource_index/packages
[10.230s] symbolically linking /home/jetson/yahboomcar_ros2_ws_new/yahboomcar_ws/build/yahboomcar_astra/resource/yahboomcar_astra -> /home/jetson/yahboomcar_ros2_ws_new/yahboomcar_ws/install/yahboomcar_astra/share/ament_index/resource_index/packages
[10.230s] symbolically linking /home/jetson/yahboomcar_ros2_ws_new/yahboomcar_ws/build/yahboomcar_astra/package.xml -> /home/jetson/yahboomcar_ros2_ws_new/yahboomcar_ws/install/yahboomcar_astra/share/yahboomcar_astra
[10.230s] creating /home/jetson/yahboomcar_ros2_ws_new/yahboomcar_ws/install/yahboomcar_astra/share/yahboomcar_astra/launch
[10.231s] symbolically linking /home/jetson/yahboomcar_ros2_ws_new/yahboomcar_ws/build/yahboomcar_astra/launch/colorTracker_X3.launch.py -> /home/jetson/yahboomcar_ros2_ws_new/yahboomcar_ws/install/yahboomcar_astra/share/yahboomcar_astra/launch
[10.709s] Invoked command in '/home/jetson/yahboomcar_ros2_ws_new/yahboomcar_ws/build/yahboomcar_astra' returned '0': PYTHONPATH=/home/jetson/yahboomcar_ros2_ws_new/yahboomcar_ws/build/yahboomcar_astra/prefix_override:/usr/lib/python3/dist-packages/colcon_core/task/python/colcon_distutils_commands:/home/jetson/yahboomcar_ros2_ws_new/yahboomcar_ws/install/yahboomcar_astra/lib/python3.10/site-packages:${PYTHONPATH} /usr/bin/python3 -W ignore:setup.py install is deprecated -W ignore:easy_install command is deprecated setup.py develop --editable --build-directory /home/jetson/yahboomcar_ros2_ws_new/yahboomcar_ws/build/yahboomcar_astra/build --no-deps symlink_data
