[3.524s] Invoking command in '/home/jetson/yahboomcar_ros2_ws_new/yahboomcar_ws/build/yahboomcar_voice_ctrl': PYTHONPATH=/home/jetson/yahboomcar_ros2_ws_new/yahboomcar_ws/build/yahboomcar_voice_ctrl/prefix_override:/usr/lib/python3/dist-packages/colcon_core/task/python/colcon_distutils_commands:/home/jetson/yahboomcar_ros2_ws_new/yahboomcar_ws/install/yahboomcar_voice_ctrl/lib/python3.10/site-packages:${PYTHONPATH} /usr/bin/python3 -W ignore:setup.py install is deprecated -W ignore:easy_install command is deprecated setup.py develop --editable --build-directory /home/jetson/yahboomcar_ros2_ws_new/yahboomcar_ws/build/yahboomcar_voice_ctrl/build --no-deps symlink_data
[4.608s] running develop
[5.430s] running egg_info
[5.515s] creating yahboomcar_voice_ctrl.egg-info
[5.532s] writing yahboomcar_voice_ctrl.egg-info/PKG-INFO
[5.532s] writing dependency_links to yahboomcar_voice_ctrl.egg-info/dependency_links.txt
[5.532s] writing entry points to yahboomcar_voice_ctrl.egg-info/entry_points.txt
[5.533s] writing requirements to yahboomcar_voice_ctrl.egg-info/requires.txt
[5.534s] writing top-level names to yahboomcar_voice_ctrl.egg-info/top_level.txt
[5.534s] writing manifest file 'yahboomcar_voice_ctrl.egg-info/SOURCES.txt'
[5.652s] reading manifest file 'yahboomcar_voice_ctrl.egg-info/SOURCES.txt'
[5.654s] writing manifest file 'yahboomcar_voice_ctrl.egg-info/SOURCES.txt'
[5.712s] running build_ext
[5.712s] Creating /home/jetson/yahboomcar_ros2_ws_new/yahboomcar_ws/install/yahboomcar_voice_ctrl/lib/python3.10/site-packages/yahboomcar-voice-ctrl.egg-link (link to .)
[5.713s] Installing Voice_Ctrl_Ackman_driver_R2 script to /home/jetson/yahboomcar_ros2_ws_new/yahboomcar_ws/install/yahboomcar_voice_ctrl/lib/yahboomcar_voice_ctrl
[5.713s] Installing Voice_Ctrl_Mcnamu_driver_X3 script to /home/jetson/yahboomcar_ros2_ws_new/yahboomcar_ws/install/yahboomcar_voice_ctrl/lib/yahboomcar_voice_ctrl
[5.714s] Installing Voice_Ctrl_colorHSV script to /home/jetson/yahboomcar_ros2_ws_new/yahboomcar_ws/install/yahboomcar_voice_ctrl/lib/yahboomcar_voice_ctrl
[5.714s] Installing Voice_Ctrl_colorTracker script to /home/jetson/yahboomcar_ros2_ws_new/yahboomcar_ws/install/yahboomcar_voice_ctrl/lib/yahboomcar_voice_ctrl
[5.714s] Installing Voice_Ctrl_follow_line_4ROS_R2 script to /home/jetson/yahboomcar_ros2_ws_new/yahboomcar_ws/install/yahboomcar_voice_ctrl/lib/yahboomcar_voice_ctrl
[5.714s] Installing Voice_Ctrl_follow_line_a1_R2 script to /home/jetson/yahboomcar_ros2_ws_new/yahboomcar_ws/install/yahboomcar_voice_ctrl/lib/yahboomcar_voice_ctrl
[5.715s] Installing Voice_Ctrl_follow_line_a1_X3 script to /home/jetson/yahboomcar_ros2_ws_new/yahboomcar_ws/install/yahboomcar_voice_ctrl/lib/yahboomcar_voice_ctrl
[5.715s] Installing voice_Ctrl_send_mark script to /home/jetson/yahboomcar_ros2_ws_new/yahboomcar_ws/install/yahboomcar_voice_ctrl/lib/yahboomcar_voice_ctrl
[5.715s] 
[5.715s] Installed /home/jetson/yahboomcar_ros2_ws_new/yahboomcar_ws/build/yahboomcar_voice_ctrl
[5.716s] running symlink_data
[5.716s] creating /home/jetson/yahboomcar_ros2_ws_new/yahboomcar_ws/install/yahboomcar_voice_ctrl/share/ament_index/resource_index/packages
[5.722s] symbolically linking /home/jetson/yahboomcar_ros2_ws_new/yahboomcar_ws/build/yahboomcar_voice_ctrl/resource/yahboomcar_voice_ctrl -> /home/jetson/yahboomcar_ros2_ws_new/yahboomcar_ws/install/yahboomcar_voice_ctrl/share/ament_index/resource_index/packages
[5.724s] symbolically linking /home/jetson/yahboomcar_ros2_ws_new/yahboomcar_ws/build/yahboomcar_voice_ctrl/package.xml -> /home/jetson/yahboomcar_ros2_ws_new/yahboomcar_ws/install/yahboomcar_voice_ctrl/share/yahboomcar_voice_ctrl
[5.864s] Invoked command in '/home/jetson/yahboomcar_ros2_ws_new/yahboomcar_ws/build/yahboomcar_voice_ctrl' returned '0': PYTHONPATH=/home/jetson/yahboomcar_ros2_ws_new/yahboomcar_ws/build/yahboomcar_voice_ctrl/prefix_override:/usr/lib/python3/dist-packages/colcon_core/task/python/colcon_distutils_commands:/home/jetson/yahboomcar_ros2_ws_new/yahboomcar_ws/install/yahboomcar_voice_ctrl/lib/python3.10/site-packages:${PYTHONPATH} /usr/bin/python3 -W ignore:setup.py install is deprecated -W ignore:easy_install command is deprecated setup.py develop --editable --build-directory /home/jetson/yahboomcar_ros2_ws_new/yahboomcar_ws/build/yahboomcar_voice_ctrl/build --no-deps symlink_data
