[4.624s] Invoking command in '/home/jetson/yahboomcar_ros2_ws_new/yahboomcar_ws/build/yahboomcar_linefollow': PYTHONPATH=/home/jetson/yahboomcar_ros2_ws_new/yahboomcar_ws/build/yahboomcar_linefollow/prefix_override:/usr/lib/python3/dist-packages/colcon_core/task/python/colcon_distutils_commands:/home/jetson/yahboomcar_ros2_ws_new/yahboomcar_ws/install/yahboomcar_linefollow/lib/python3.10/site-packages:${PYTHONPATH} /usr/bin/python3 -W ignore:setup.py install is deprecated -W ignore:easy_install command is deprecated setup.py develop --editable --build-directory /home/jetson/yahboomcar_ros2_ws_new/yahboomcar_ws/build/yahboomcar_linefollow/build --no-deps symlink_data
[7.145s] running develop
[9.063s] running egg_info
[9.064s] creating yahboomcar_linefollow.egg-info
[9.064s] writing yahboomcar_linefollow.egg-info/PKG-INFO
[9.065s] writing dependency_links to yahboomcar_linefollow.egg-info/dependency_links.txt
[9.066s] writing entry points to yahboomcar_linefollow.egg-info/entry_points.txt
[9.066s] writing requirements to yahboomcar_linefollow.egg-info/requires.txt
[9.066s] writing top-level names to yahboomcar_linefollow.egg-info/top_level.txt
[9.066s] writing manifest file 'yahboomcar_linefollow.egg-info/SOURCES.txt'
[9.068s] reading manifest file 'yahboomcar_linefollow.egg-info/SOURCES.txt'
[9.068s] writing manifest file 'yahboomcar_linefollow.egg-info/SOURCES.txt'
[9.068s] running build_ext
[9.069s] Creating /home/jetson/yahboomcar_ros2_ws_new/yahboomcar_ws/install/yahboomcar_linefollow/lib/python3.10/site-packages/yahboomcar-linefollow.egg-link (link to .)
[9.069s] Installing follow_line_4ROS_R2 script to /home/jetson/yahboomcar_ros2_ws_new/yahboomcar_ws/install/yahboomcar_linefollow/lib/yahboomcar_linefollow
[9.070s] Installing follow_line_a1_R2 script to /home/jetson/yahboomcar_ros2_ws_new/yahboomcar_ws/install/yahboomcar_linefollow/lib/yahboomcar_linefollow
[9.070s] Installing follow_line_a1_X3 script to /home/jetson/yahboomcar_ros2_ws_new/yahboomcar_ws/install/yahboomcar_linefollow/lib/yahboomcar_linefollow
[9.070s] 
[9.070s] Installed /home/jetson/yahboomcar_ros2_ws_new/yahboomcar_ws/build/yahboomcar_linefollow
[9.071s] running symlink_data
[9.073s] creating /home/jetson/yahboomcar_ros2_ws_new/yahboomcar_ws/install/yahboomcar_linefollow/share/ament_index/resource_index/packages
[9.073s] symbolically linking /home/jetson/yahboomcar_ros2_ws_new/yahboomcar_ws/build/yahboomcar_linefollow/resource/yahboomcar_linefollow -> /home/jetson/yahboomcar_ros2_ws_new/yahboomcar_ws/install/yahboomcar_linefollow/share/ament_index/resource_index/packages
[9.074s] symbolically linking /home/jetson/yahboomcar_ros2_ws_new/yahboomcar_ws/build/yahboomcar_linefollow/package.xml -> /home/jetson/yahboomcar_ros2_ws_new/yahboomcar_ws/install/yahboomcar_linefollow/share/yahboomcar_linefollow
[9.074s] creating /home/jetson/yahboomcar_ros2_ws_new/yahboomcar_ws/install/yahboomcar_linefollow/share/yahboomcar_linefollow/launch
[9.074s] symbolically linking /home/jetson/yahboomcar_ros2_ws_new/yahboomcar_ws/build/yahboomcar_linefollow/launch/linefollow_X3.launch.py -> /home/jetson/yahboomcar_ros2_ws_new/yahboomcar_ws/install/yahboomcar_linefollow/share/yahboomcar_linefollow/launch
[9.074s] Invoked command in '/home/jetson/yahboomcar_ros2_ws_new/yahboomcar_ws/build/yahboomcar_linefollow' returned '0': PYTHONPATH=/home/jetson/yahboomcar_ros2_ws_new/yahboomcar_ws/build/yahboomcar_linefollow/prefix_override:/usr/lib/python3/dist-packages/colcon_core/task/python/colcon_distutils_commands:/home/jetson/yahboomcar_ros2_ws_new/yahboomcar_ws/install/yahboomcar_linefollow/lib/python3.10/site-packages:${PYTHONPATH} /usr/bin/python3 -W ignore:setup.py install is deprecated -W ignore:easy_install command is deprecated setup.py develop --editable --build-directory /home/jetson/yahboomcar_ros2_ws_new/yahboomcar_ws/build/yahboomcar_linefollow/build --no-deps symlink_data
