-- The C compiler identification is GNU 11.4.0
-- The CXX compiler identification is GNU 11.4.0
-- Detecting C compiler ABI info
-- Detecting C compiler ABI info - done
-- Check for working C compiler: /usr/bin/cc - skipped
-- Detecting C compile features
-- Detecting C compile features - done
-- Detecting CXX compiler ABI info
-- Detecting CXX compiler ABI info - done
-- Check for working CXX compiler: /usr/bin/c++ - skipped
-- Detecting CXX compile features
-- Detecting CXX compile features - done
-- Found ament_cmake: 1.3.11 (/opt/ros/humble/share/ament_cmake/cmake)
-- Found Python3: /usr/bin/python3 (found version "3.10.12") found components: Interpreter 
-- Override CMake install command with custom implementation using symlinks instead of copying resources
-- Found rclcpp: 16.0.12 (/opt/ros/humble/share/rclcpp/cmake)
-- Found rosidl_generator_c: 3.1.6 (/opt/ros/humble/share/rosidl_generator_c/cmake)
-- Found rosidl_adapter: 3.1.6 (/opt/ros/humble/share/rosidl_adapter/cmake)
-- Found rosidl_generator_cpp: 3.1.6 (/opt/ros/humble/share/rosidl_generator_cpp/cmake)
-- Using all available rosidl_typesupport_c: rosidl_typesupport_fastrtps_c;rosidl_typesupport_introspection_c
-- Using all available rosidl_typesupport_cpp: rosidl_typesupport_fastrtps_cpp;rosidl_typesupport_introspection_cpp
-- Found rmw_implementation_cmake: 6.1.2 (/opt/ros/humble/share/rmw_implementation_cmake/cmake)
-- Found rmw_fastrtps_cpp: 6.2.7 (/opt/ros/humble/share/rmw_fastrtps_cpp/cmake)
-- Found OpenSSL: /usr/lib/aarch64-linux-gnu/libcrypto.so (found version "3.0.2")  
-- Found FastRTPS: /opt/ros/humble/include  
-- Using RMW implementation 'rmw_fastrtps_cpp' as default
-- Looking for pthread.h
-- Looking for pthread.h - found
-- Performing Test CMAKE_HAVE_LIBC_PTHREAD
-- Performing Test CMAKE_HAVE_LIBC_PTHREAD - Success
-- Found Threads: TRUE  
-- Found pcl_conversions: 2.4.5 (/opt/ros/humble/share/pcl_conversions/cmake)
-- Checking for module 'eigen3'
--   Found eigen3, version 3.4.0
-- Found Eigen: /usr/include/eigen3 (Required is at least version "3.1") 
-- Eigen found (include: /usr/include/eigen3, version: 3.4.0)
-- Checking for module 'flann'
--   Found flann, version 1.9.1
-- Found FLANN: /usr/lib/aarch64-linux-gnu/libflann_cpp.so  
-- FLANN found (include: /usr/include, lib: /usr/lib/aarch64-linux-gnu/libflann_cpp.so)
-- Checking for module 'libusb-1.0'
--   Found libusb-1.0, version 1.0.25
-- Found libusb: /usr/lib/aarch64-linux-gnu/libusb-1.0.so  
-- OpenNI found (version: 1.5.4.0, include: /usr/include/ni, lib: /usr/lib/libOpenNI.so;libusb::libusb)
-- OpenNI2 found (version: 2.3.0.85, include: /home/jetson/yahboomcar_ws/install/yahboomcar_astra/include/openni2, lib: /home/jetson/yahboomcar_ros2_ws/software/library_ws/install/astra_camera/lib/libOpenNI2.so;libusb::libusb)
-- Eigen found (include: /usr/include/eigen3, version: 3.4.0)
-- OpenNI found (version: 1.5.4.0, include: /usr/include/ni, lib: /usr/lib/libOpenNI.so;libusb::libusb)
-- OpenNI2 found (version: 2.3.0.85, include: /home/jetson/yahboomcar_ws/install/yahboomcar_astra/include/openni2, lib: /home/jetson/yahboomcar_ros2_ws/software/library_ws/install/astra_camera/lib/libOpenNI2.so;libusb::libusb)
-- Found Qhull version 8.0.2
-- OpenNI found (version: 1.5.4.0, include: /usr/include/ni, lib: /usr/lib/libOpenNI.so;libusb::libusb)
-- Found PCL_COMMON: /usr/lib/aarch64-linux-gnu/libpcl_common.so  
-- Found PCL_KDTREE: /usr/lib/aarch64-linux-gnu/libpcl_kdtree.so  
-- Found PCL_OCTREE: /usr/lib/aarch64-linux-gnu/libpcl_octree.so  
-- Found PCL_SEARCH: /usr/lib/aarch64-linux-gnu/libpcl_search.so  
-- Found PCL_SAMPLE_CONSENSUS: /usr/lib/aarch64-linux-gnu/libpcl_sample_consensus.so  
-- Found PCL_FILTERS: /usr/lib/aarch64-linux-gnu/libpcl_filters.so  
-- Found PCL_2D: /usr/include/pcl-1.12  
-- Found PCL_GEOMETRY: /usr/include/pcl-1.12  
-- Found PCL_IO: /usr/lib/aarch64-linux-gnu/libpcl_io.so  
-- Found PCL_FEATURES: /usr/lib/aarch64-linux-gnu/libpcl_features.so  
-- Found PCL_ML: /usr/lib/aarch64-linux-gnu/libpcl_ml.so  
-- Found PCL_SEGMENTATION: /usr/lib/aarch64-linux-gnu/libpcl_segmentation.so  
-- Found PCL_VISUALIZATION: /usr/lib/aarch64-linux-gnu/libpcl_visualization.so  
-- Found PCL_SURFACE: /usr/lib/aarch64-linux-gnu/libpcl_surface.so  
-- Found PCL_REGISTRATION: /usr/lib/aarch64-linux-gnu/libpcl_registration.so  
-- Found PCL_KEYPOINTS: /usr/lib/aarch64-linux-gnu/libpcl_keypoints.so  
-- Found PCL_TRACKING: /usr/lib/aarch64-linux-gnu/libpcl_tracking.so  
-- Found PCL_RECOGNITION: /usr/lib/aarch64-linux-gnu/libpcl_recognition.so  
-- Found PCL_STEREO: /usr/lib/aarch64-linux-gnu/libpcl_stereo.so  
-- Found PCL_APPS: /usr/lib/aarch64-linux-gnu/libpcl_apps.so  
-- Found PCL_IN_HAND_SCANNER: /usr/include/pcl-1.12  
-- Found PCL_MODELER: /usr/include/pcl-1.12  
-- Found PCL_POINT_CLOUD_EDITOR: /usr/include/pcl-1.12  
-- Found PCL_OUTOFCORE: /usr/lib/aarch64-linux-gnu/libpcl_outofcore.so  
-- Found PCL_PEOPLE: /usr/lib/aarch64-linux-gnu/libpcl_people.so  
-- Found pcl_ros: 2.4.5 (/opt/ros/humble/share/pcl_ros/cmake)
-- Found eigen3_cmake_module: 0.1.1 (/opt/ros/humble/share/eigen3_cmake_module/cmake)
-- Found Eigen3: TRUE (found version "3.4.0") 
-- Ensuring Eigen3 include directory is part of orocos-kdl CMake target
-- Found cv_bridge: 3.2.1 (/home/jetson/yahboomcar_ws/install/cv_bridge/share/cv_bridge/cmake)
-- Found image_transport: 3.1.12 (/opt/ros/humble/share/image_transport/cmake)
CMake Warning (dev) at CMakeLists.txt:31 (find_package):
  Policy CMP0074 is not set: find_package uses <PackageName>_ROOT variables.
  Run "cmake --help-policy CMP0074" for policy details.  Use the cmake_policy
  command to set the policy and suppress this warning.

  CMake variable PCL_ROOT is set to:

    /usr

  For compatibility, CMake is ignoring the variable.
This warning is for project developers.  Use -Wno-dev to suppress it.

-- Found ament_lint_auto: 0.12.12 (/opt/ros/humble/share/ament_lint_auto/cmake)
-- Added test 'copyright' to check source files copyright and LICENSE
-- Added test 'cppcheck' to perform static code analysis on C / C++ code
-- Configured cppcheck include dirs: /home/jetson/yahboomcar_ros2_ws_new/yahboomcar_ws/src/yahboomcar_slam/include/yahboomcar_slam;$<BUILD_INTERFACE:/home/jetson/yahboomcar_ros2_ws_new/yahboomcar_ws/src/yahboomcar_slam/include>
-- Configured cppcheck exclude dirs and/or files: 
-- Added test 'cpplint' to check C / C++ code against the Google style
-- Configured cpplint exclude dirs and/or files: 
-- Added test 'flake8' to check Python code syntax and style conventions
-- Added test 'lint_cmake' to check CMake code style
-- Added test 'pep257' to check Python code against some of the docstring style conventions in PEP 257
-- Added test 'uncrustify' to check C / C++ code style
-- Configured uncrustify additional arguments: 
-- Added test 'xmllint' to check XML markup files
-- Configuring done
-- Generating done
-- Build files have been written to: /home/jetson/yahboomcar_ros2_ws_new/yahboomcar_ws/build/yahboomcar_slam
[ 33%] Building CXX object CMakeFiles/pointcloud_mapping.dir/src/point_cloud_main.cpp.o
[ 66%] Building CXX object CMakeFiles/pointcloud_mapping.dir/src/point_cloud.cpp.o
[100%] Linking CXX executable pointcloud_mapping
[100%] Built target pointcloud_mapping
-- Install configuration: ""
-- Execute custom install script
-- Symlinking: /home/jetson/yahboomcar_ros2_ws_new/yahboomcar_ws/install/yahboomcar_slam/lib/yahboomcar_slam/pointcloud_mapping
-- Symlinking: /home/jetson/yahboomcar_ros2_ws_new/yahboomcar_ws/install/yahboomcar_slam/share/yahboomcar_slam/launch/camera_octomap_launch.py
-- Symlinking: /home/jetson/yahboomcar_ros2_ws_new/yahboomcar_ws/install/yahboomcar_slam/share/yahboomcar_slam/launch/display_octomap_launch.py
-- Symlinking: /home/jetson/yahboomcar_ros2_ws_new/yahboomcar_ws/install/yahboomcar_slam/share/yahboomcar_slam/launch/display_pcl_launch.py
-- Symlinking: /home/jetson/yahboomcar_ros2_ws_new/yahboomcar_ws/install/yahboomcar_slam/share/yahboomcar_slam/launch/octomap_server_launch.py
-- Symlinking: /home/jetson/yahboomcar_ros2_ws_new/yahboomcar_ws/install/yahboomcar_slam/share/yahboomcar_slam/launch/orbslam_base_launch.py
-- Symlinking: /home/jetson/yahboomcar_ros2_ws_new/yahboomcar_ws/install/yahboomcar_slam/share/yahboomcar_slam/launch/orbslam_pcl_map_launch.py
-- Symlinking: /home/jetson/yahboomcar_ros2_ws_new/yahboomcar_ws/install/yahboomcar_slam/share/yahboomcar_slam/launch/orbslam_pcl_octomap_launch.py
-- Symlinking: /home/jetson/yahboomcar_ros2_ws_new/yahboomcar_ws/install/yahboomcar_slam/share/yahboomcar_slam/launch/orbslam_pose_launch.py
-- Symlinking: /home/jetson/yahboomcar_ros2_ws_new/yahboomcar_ws/install/yahboomcar_slam/share/yahboomcar_slam/launch/orbslam_ros_launch.py
-- Symlinking: /home/jetson/yahboomcar_ros2_ws_new/yahboomcar_ws/install/yahboomcar_slam/share/yahboomcar_slam/params/ORBvoc.txt
-- Symlinking: /home/jetson/yahboomcar_ros2_ws_new/yahboomcar_ws/install/yahboomcar_slam/share/yahboomcar_slam/params/astra.yaml
-- Symlinking: /home/jetson/yahboomcar_ros2_ws_new/yahboomcar_ws/install/yahboomcar_slam/share/yahboomcar_slam/params/mono.yaml
-- Symlinking: /home/jetson/yahboomcar_ros2_ws_new/yahboomcar_ws/install/yahboomcar_slam/share/yahboomcar_slam/params/pointcloud_map.yaml
-- Symlinking: /home/jetson/yahboomcar_ros2_ws_new/yahboomcar_ws/install/yahboomcar_slam/share/yahboomcar_slam/params/pointcloud_octomap.yaml
-- Symlinking: /home/jetson/yahboomcar_ros2_ws_new/yahboomcar_ws/install/yahboomcar_slam/share/yahboomcar_slam/params/rgbd.yaml
-- Symlinking: /home/jetson/yahboomcar_ros2_ws_new/yahboomcar_ws/install/yahboomcar_slam/share/yahboomcar_slam/params/usb_cam_param.yaml
-- Symlinking: /home/jetson/yahboomcar_ros2_ws_new/yahboomcar_ws/install/yahboomcar_slam/share/yahboomcar_slam/pcl/resultPointCloudFile.pcd
-- Symlinking: /home/jetson/yahboomcar_ros2_ws_new/yahboomcar_ws/install/yahboomcar_slam/share/yahboomcar_slam/rviz/cotomap.rviz
-- Symlinking: /home/jetson/yahboomcar_ros2_ws_new/yahboomcar_ws/install/yahboomcar_slam/share/yahboomcar_slam/rviz/orbslam_pcl.rviz
-- Symlinking: /home/jetson/yahboomcar_ros2_ws_new/yahboomcar_ws/install/yahboomcar_slam/share/ament_index/resource_index/package_run_dependencies/yahboomcar_slam
-- Symlinking: /home/jetson/yahboomcar_ros2_ws_new/yahboomcar_ws/install/yahboomcar_slam/share/ament_index/resource_index/parent_prefix_path/yahboomcar_slam
-- Symlinking: /home/jetson/yahboomcar_ros2_ws_new/yahboomcar_ws/install/yahboomcar_slam/share/yahboomcar_slam/environment/ament_prefix_path.sh
-- Symlinking: /home/jetson/yahboomcar_ros2_ws_new/yahboomcar_ws/install/yahboomcar_slam/share/yahboomcar_slam/environment/ament_prefix_path.dsv
-- Symlinking: /home/jetson/yahboomcar_ros2_ws_new/yahboomcar_ws/install/yahboomcar_slam/share/yahboomcar_slam/environment/path.sh
-- Symlinking: /home/jetson/yahboomcar_ros2_ws_new/yahboomcar_ws/install/yahboomcar_slam/share/yahboomcar_slam/environment/path.dsv
-- Symlinking: /home/jetson/yahboomcar_ros2_ws_new/yahboomcar_ws/install/yahboomcar_slam/share/yahboomcar_slam/local_setup.bash
-- Symlinking: /home/jetson/yahboomcar_ros2_ws_new/yahboomcar_ws/install/yahboomcar_slam/share/yahboomcar_slam/local_setup.sh
-- Symlinking: /home/jetson/yahboomcar_ros2_ws_new/yahboomcar_ws/install/yahboomcar_slam/share/yahboomcar_slam/local_setup.zsh
-- Symlinking: /home/jetson/yahboomcar_ros2_ws_new/yahboomcar_ws/install/yahboomcar_slam/share/yahboomcar_slam/local_setup.dsv
-- Symlinking: /home/jetson/yahboomcar_ros2_ws_new/yahboomcar_ws/install/yahboomcar_slam/share/yahboomcar_slam/package.dsv
-- Symlinking: /home/jetson/yahboomcar_ros2_ws_new/yahboomcar_ws/install/yahboomcar_slam/share/ament_index/resource_index/packages/yahboomcar_slam
-- Symlinking: /home/jetson/yahboomcar_ros2_ws_new/yahboomcar_ws/install/yahboomcar_slam/share/yahboomcar_slam/cmake/yahboomcar_slamConfig.cmake
-- Symlinking: /home/jetson/yahboomcar_ros2_ws_new/yahboomcar_ws/install/yahboomcar_slam/share/yahboomcar_slam/cmake/yahboomcar_slamConfig-version.cmake
-- Symlinking: /home/jetson/yahboomcar_ros2_ws_new/yahboomcar_ws/install/yahboomcar_slam/share/yahboomcar_slam/package.xml
