-- Found ament_cmake: 1.3.11 (/opt/ros/humble/share/ament_cmake/cmake)
-- Override CMake install command with custom implementation using symlinks instead of copying resources
-- Found rclpy: 3.3.16 (/opt/ros/humble/share/rclpy/cmake)
-- Found ament_lint_auto: 0.12.12 (/opt/ros/humble/share/ament_lint_auto/cmake)
-- Added test 'copyright' to check source files copyright and LICENSE
-- Added test 'flake8' to check Python code syntax and style conventions
-- Added test 'lint_cmake' to check CMake code style
-- Added test 'pep257' to check Python code against some of the docstring style conventions in PEP 257
-- Added test 'xmllint' to check XML markup files
-- Configuring done
-- Generating done
-- Build files have been written to: /home/jetson/yahboomcar_ros2_ws_new/yahboomcar_ws/build/arm_mediapipe
Built target ament_cmake_python_symlink_arm_mediapipe
running egg_info
writing arm_mediapipe.egg-info/PKG-INFO
writing dependency_links to arm_mediapipe.egg-info/dependency_links.txt
writing top-level names to arm_mediapipe.egg-info/top_level.txt
reading manifest file 'arm_mediapipe.egg-info/SOURCES.txt'
writing manifest file 'arm_mediapipe.egg-info/SOURCES.txt'
Built target ament_cmake_python_build_arm_mediapipe_egg
-- Install configuration: ""
-- Execute custom install script
-- Up-to-date symlink: /home/jetson/yahboomcar_ros2_ws_new/yahboomcar_ws/install/arm_mediapipe/share/arm_mediapipe/environment/pythonpath.sh
-- Up-to-date symlink: /home/jetson/yahboomcar_ros2_ws_new/yahboomcar_ws/install/arm_mediapipe/share/arm_mediapipe/environment/pythonpath.dsv
-- Up-to-date symlink: /home/jetson/yahboomcar_ros2_ws_new/yahboomcar_ws/install/arm_mediapipe/local/lib/python3.10/dist-packages/arm_mediapipe-0.1.0-py3.10.egg-info/PKG-INFO
-- Up-to-date symlink: /home/jetson/yahboomcar_ros2_ws_new/yahboomcar_ws/install/arm_mediapipe/local/lib/python3.10/dist-packages/arm_mediapipe-0.1.0-py3.10.egg-info/SOURCES.txt
-- Up-to-date symlink: /home/jetson/yahboomcar_ros2_ws_new/yahboomcar_ws/install/arm_mediapipe/local/lib/python3.10/dist-packages/arm_mediapipe-0.1.0-py3.10.egg-info/dependency_links.txt
-- Up-to-date symlink: /home/jetson/yahboomcar_ros2_ws_new/yahboomcar_ws/install/arm_mediapipe/local/lib/python3.10/dist-packages/arm_mediapipe-0.1.0-py3.10.egg-info/top_level.txt
-- Up-to-date symlink: /home/jetson/yahboomcar_ros2_ws_new/yahboomcar_ws/install/arm_mediapipe/local/lib/python3.10/dist-packages/arm_mediapipe/ArmCtrl.py
-- Up-to-date symlink: /home/jetson/yahboomcar_ros2_ws_new/yahboomcar_ws/install/arm_mediapipe/local/lib/python3.10/dist-packages/arm_mediapipe/__init__.py
-- Up-to-date symlink: /home/jetson/yahboomcar_ros2_ws_new/yahboomcar_ws/install/arm_mediapipe/local/lib/python3.10/dist-packages/arm_mediapipe/media_library.py
-- Up-to-date symlink: /home/jetson/yahboomcar_ros2_ws_new/yahboomcar_ws/install/arm_mediapipe/lib/arm_mediapipe/ArmCtrl.py
-- Symlinking: /home/jetson/yahboomcar_ros2_ws_new/yahboomcar_ws/install/arm_mediapipe/share/arm_mediapipe/launch/arm_mediapipe.launch.py
-- Symlinking: /home/jetson/yahboomcar_ros2_ws_new/yahboomcar_ws/install/arm_mediapipe/share/ament_index/resource_index/package_run_dependencies/arm_mediapipe
-- Symlinking: /home/jetson/yahboomcar_ros2_ws_new/yahboomcar_ws/install/arm_mediapipe/share/ament_index/resource_index/parent_prefix_path/arm_mediapipe
-- Symlinking: /home/jetson/yahboomcar_ros2_ws_new/yahboomcar_ws/install/arm_mediapipe/share/arm_mediapipe/environment/ament_prefix_path.sh
-- Symlinking: /home/jetson/yahboomcar_ros2_ws_new/yahboomcar_ws/install/arm_mediapipe/share/arm_mediapipe/environment/ament_prefix_path.dsv
-- Symlinking: /home/jetson/yahboomcar_ros2_ws_new/yahboomcar_ws/install/arm_mediapipe/share/arm_mediapipe/environment/path.sh
-- Symlinking: /home/jetson/yahboomcar_ros2_ws_new/yahboomcar_ws/install/arm_mediapipe/share/arm_mediapipe/environment/path.dsv
-- Symlinking: /home/jetson/yahboomcar_ros2_ws_new/yahboomcar_ws/install/arm_mediapipe/share/arm_mediapipe/local_setup.bash
-- Symlinking: /home/jetson/yahboomcar_ros2_ws_new/yahboomcar_ws/install/arm_mediapipe/share/arm_mediapipe/local_setup.sh
-- Symlinking: /home/jetson/yahboomcar_ros2_ws_new/yahboomcar_ws/install/arm_mediapipe/share/arm_mediapipe/local_setup.zsh
-- Symlinking: /home/jetson/yahboomcar_ros2_ws_new/yahboomcar_ws/install/arm_mediapipe/share/arm_mediapipe/local_setup.dsv
-- Symlinking: /home/jetson/yahboomcar_ros2_ws_new/yahboomcar_ws/install/arm_mediapipe/share/arm_mediapipe/package.dsv
-- Symlinking: /home/jetson/yahboomcar_ros2_ws_new/yahboomcar_ws/install/arm_mediapipe/share/ament_index/resource_index/packages/arm_mediapipe
-- Symlinking: /home/jetson/yahboomcar_ros2_ws_new/yahboomcar_ws/install/arm_mediapipe/share/arm_mediapipe/cmake/arm_mediapipeConfig.cmake
-- Symlinking: /home/jetson/yahboomcar_ros2_ws_new/yahboomcar_ws/install/arm_mediapipe/share/arm_mediapipe/cmake/arm_mediapipeConfig-version.cmake
-- Symlinking: /home/jetson/yahboomcar_ros2_ws_new/yahboomcar_ws/install/arm_mediapipe/share/arm_mediapipe/package.xml
Listing '/home/jetson/yahboomcar_ros2_ws_new/yahboomcar_ws/install/arm_mediapipe/local/lib/python3.10/dist-packages/arm_mediapipe'...
Compiling '/home/jetson/yahboomcar_ros2_ws_new/yahboomcar_ws/install/arm_mediapipe/local/lib/python3.10/dist-packages/arm_mediapipe/ArmCtrl.py'...
Compiling '/home/jetson/yahboomcar_ros2_ws_new/yahboomcar_ws/install/arm_mediapipe/local/lib/python3.10/dist-packages/arm_mediapipe/__init__.py'...
Compiling '/home/jetson/yahboomcar_ros2_ws_new/yahboomcar_ws/install/arm_mediapipe/local/lib/python3.10/dist-packages/arm_mediapipe/media_library.py'...
