-- The C compiler identification is GNU 11.4.0
-- The CXX compiler identification is GNU 11.4.0
-- Detecting C compiler ABI info
-- Detecting C compiler ABI info - done
-- Check for working C compiler: /usr/bin/cc - skipped
-- Detecting C compile features
-- Detecting C compile features - done
-- Detecting CXX compiler ABI info
-- Detecting CXX compiler ABI info - done
-- Check for working CXX compiler: /usr/bin/c++ - skipped
-- Detecting CXX compile features
-- Detecting CXX compile features - done
-- Found ament_cmake: 1.3.11 (/opt/ros/humble/share/ament_cmake/cmake)
-- Found Python3: /usr/bin/python3 (found version "3.10.12") found components: Interpreter 
-- Override CMake install command with custom implementation using symlinks instead of copying resources
-- Found rclpy: 3.3.16 (/opt/ros/humble/share/rclpy/cmake)
-- Found std_msgs: 4.8.0 (/opt/ros/humble/share/std_msgs/cmake)
-- Found rosidl_generator_c: 3.1.6 (/opt/ros/humble/share/rosidl_generator_c/cmake)
-- Found rosidl_adapter: 3.1.6 (/opt/ros/humble/share/rosidl_adapter/cmake)
-- Found rosidl_generator_cpp: 3.1.6 (/opt/ros/humble/share/rosidl_generator_cpp/cmake)
-- Using all available rosidl_typesupport_c: rosidl_typesupport_fastrtps_c;rosidl_typesupport_introspection_c
-- Using all available rosidl_typesupport_cpp: rosidl_typesupport_fastrtps_cpp;rosidl_typesupport_introspection_cpp
-- Found geometry_msgs: 4.8.0 (/opt/ros/humble/share/geometry_msgs/cmake)
-- Found sensor_msgs: 4.8.0 (/opt/ros/humble/share/sensor_msgs/cmake)
-- Found cv_bridge: 3.2.1 (/home/jetson/yahboomcar_ws/install/cv_bridge/share/cv_bridge/cmake)
-- Found yahboomcar_msgs: 0.0.0 (/home/jetson/yahboomcar_ros2_ws_new/yahboomcar_ws/install/yahboomcar_msgs/share/yahboomcar_msgs/cmake)
-- Found ament_lint_auto: 0.12.12 (/opt/ros/humble/share/ament_lint_auto/cmake)
-- Added test 'copyright' to check source files copyright and LICENSE
-- Added test 'flake8' to check Python code syntax and style conventions
-- Added test 'lint_cmake' to check CMake code style
-- Added test 'pep257' to check Python code against some of the docstring style conventions in PEP 257
-- Added test 'xmllint' to check XML markup files
-- Configuring done
-- Generating done
-- Build files have been written to: /home/jetson/yahboomcar_ros2_ws_new/yahboomcar_ws/build/arm_autopilot
Built target ament_cmake_python_symlink_arm_autopilot
running egg_info
creating arm_autopilot.egg-info
writing arm_autopilot.egg-info/PKG-INFO
writing dependency_links to arm_autopilot.egg-info/dependency_links.txt
writing top-level names to arm_autopilot.egg-info/top_level.txt
writing manifest file 'arm_autopilot.egg-info/SOURCES.txt'
reading manifest file 'arm_autopilot.egg-info/SOURCES.txt'
writing manifest file 'arm_autopilot.egg-info/SOURCES.txt'
Built target ament_cmake_python_build_arm_autopilot_egg
-- Install configuration: ""
-- Execute custom install script
-- Symlinking: /home/jetson/yahboomcar_ros2_ws_new/yahboomcar_ws/install/arm_autopilot/share/arm_autopilot/environment/pythonpath.sh
-- Symlinking: /home/jetson/yahboomcar_ros2_ws_new/yahboomcar_ws/install/arm_autopilot/share/arm_autopilot/environment/pythonpath.dsv
-- Symlinking: /home/jetson/yahboomcar_ros2_ws_new/yahboomcar_ws/install/arm_autopilot/local/lib/python3.10/dist-packages/arm_autopilot-0.1.0-py3.10.egg-info/PKG-INFO
-- Symlinking: /home/jetson/yahboomcar_ros2_ws_new/yahboomcar_ws/install/arm_autopilot/local/lib/python3.10/dist-packages/arm_autopilot-0.1.0-py3.10.egg-info/SOURCES.txt
-- Symlinking: /home/jetson/yahboomcar_ros2_ws_new/yahboomcar_ws/install/arm_autopilot/local/lib/python3.10/dist-packages/arm_autopilot-0.1.0-py3.10.egg-info/dependency_links.txt
-- Symlinking: /home/jetson/yahboomcar_ros2_ws_new/yahboomcar_ws/install/arm_autopilot/local/lib/python3.10/dist-packages/arm_autopilot-0.1.0-py3.10.egg-info/top_level.txt
-- Symlinking: /home/jetson/yahboomcar_ros2_ws_new/yahboomcar_ws/install/arm_autopilot/local/lib/python3.10/dist-packages/arm_autopilot/__init__.py
-- Symlinking: /home/jetson/yahboomcar_ros2_ws_new/yahboomcar_ws/install/arm_autopilot/local/lib/python3.10/dist-packages/arm_autopilot/autopilot_common.py
-- Symlinking: /home/jetson/yahboomcar_ros2_ws_new/yahboomcar_ws/install/arm_autopilot/local/lib/python3.10/dist-packages/arm_autopilot/autopilot_main.py
-- Symlinking: /home/jetson/yahboomcar_ros2_ws_new/yahboomcar_ws/install/arm_autopilot/lib/arm_autopilot/autopilot_main.py
-- Symlinking: /home/jetson/yahboomcar_ros2_ws_new/yahboomcar_ws/install/arm_autopilot/share/arm_autopilot/launch/arm_autopilot.launch.py
-- Symlinking: /home/jetson/yahboomcar_ros2_ws_new/yahboomcar_ws/install/arm_autopilot/share/arm_autopilot/launch/arm_autopilot_full.launch.py
-- Symlinking: /home/jetson/yahboomcar_ros2_ws_new/yahboomcar_ws/install/arm_autopilot/share/arm_autopilot/config/HSV.yaml
-- Symlinking: /home/jetson/yahboomcar_ros2_ws_new/yahboomcar_ws/install/arm_autopilot/share/ament_index/resource_index/package_run_dependencies/arm_autopilot
-- Symlinking: /home/jetson/yahboomcar_ros2_ws_new/yahboomcar_ws/install/arm_autopilot/share/ament_index/resource_index/parent_prefix_path/arm_autopilot
-- Symlinking: /home/jetson/yahboomcar_ros2_ws_new/yahboomcar_ws/install/arm_autopilot/share/arm_autopilot/environment/ament_prefix_path.sh
-- Symlinking: /home/jetson/yahboomcar_ros2_ws_new/yahboomcar_ws/install/arm_autopilot/share/arm_autopilot/environment/ament_prefix_path.dsv
-- Symlinking: /home/jetson/yahboomcar_ros2_ws_new/yahboomcar_ws/install/arm_autopilot/share/arm_autopilot/environment/path.sh
-- Symlinking: /home/jetson/yahboomcar_ros2_ws_new/yahboomcar_ws/install/arm_autopilot/share/arm_autopilot/environment/path.dsv
-- Symlinking: /home/jetson/yahboomcar_ros2_ws_new/yahboomcar_ws/install/arm_autopilot/share/arm_autopilot/local_setup.bash
-- Symlinking: /home/jetson/yahboomcar_ros2_ws_new/yahboomcar_ws/install/arm_autopilot/share/arm_autopilot/local_setup.sh
-- Symlinking: /home/jetson/yahboomcar_ros2_ws_new/yahboomcar_ws/install/arm_autopilot/share/arm_autopilot/local_setup.zsh
-- Symlinking: /home/jetson/yahboomcar_ros2_ws_new/yahboomcar_ws/install/arm_autopilot/share/arm_autopilot/local_setup.dsv
-- Symlinking: /home/jetson/yahboomcar_ros2_ws_new/yahboomcar_ws/install/arm_autopilot/share/arm_autopilot/package.dsv
-- Symlinking: /home/jetson/yahboomcar_ros2_ws_new/yahboomcar_ws/install/arm_autopilot/share/ament_index/resource_index/packages/arm_autopilot
-- Symlinking: /home/jetson/yahboomcar_ros2_ws_new/yahboomcar_ws/install/arm_autopilot/share/arm_autopilot/cmake/arm_autopilotConfig.cmake
-- Symlinking: /home/jetson/yahboomcar_ros2_ws_new/yahboomcar_ws/install/arm_autopilot/share/arm_autopilot/cmake/arm_autopilotConfig-version.cmake
-- Symlinking: /home/jetson/yahboomcar_ros2_ws_new/yahboomcar_ws/install/arm_autopilot/share/arm_autopilot/package.xml
Listing '/home/jetson/yahboomcar_ros2_ws_new/yahboomcar_ws/install/arm_autopilot/local/lib/python3.10/dist-packages/arm_autopilot'...
Compiling '/home/jetson/yahboomcar_ros2_ws_new/yahboomcar_ws/install/arm_autopilot/local/lib/python3.10/dist-packages/arm_autopilot/__init__.py'...
Compiling '/home/jetson/yahboomcar_ros2_ws_new/yahboomcar_ws/install/arm_autopilot/local/lib/python3.10/dist-packages/arm_autopilot/autopilot_common.py'...
Compiling '/home/jetson/yahboomcar_ros2_ws_new/yahboomcar_ws/install/arm_autopilot/local/lib/python3.10/dist-packages/arm_autopilot/autopilot_main.py'...
