running develop
running egg_info
creating yahboomcar_ctrl.egg-info
writing yahboomcar_ctrl.egg-info/PKG-INFO
writing dependency_links to yahboomcar_ctrl.egg-info/dependency_links.txt
writing entry points to yahboomcar_ctrl.egg-info/entry_points.txt
writing requirements to yahboomcar_ctrl.egg-info/requires.txt
writing top-level names to yahboomcar_ctrl.egg-info/top_level.txt
writing manifest file 'yahboomcar_ctrl.egg-info/SOURCES.txt'
reading manifest file 'yahboomcar_ctrl.egg-info/SOURCES.txt'
writing manifest file 'yahboomcar_ctrl.egg-info/SOURCES.txt'
running build_ext
Creating /home/jetson/yahboomcar_ros2_ws_new/yahboomcar_ws/install/yahboomcar_ctrl/lib/python3.10/site-packages/yahboomcar-ctrl.egg-link (link to .)
Installing yahboom_joy_R2 script to /home/jetson/yahboomcar_ros2_ws_new/yahboomcar_ws/install/yahboomcar_ctrl/lib/yahboomcar_ctrl
Installing yahboom_joy_X3 script to /home/jetson/yahboomcar_ros2_ws_new/yahboomcar_ws/install/yahboomcar_ctrl/lib/yahboomcar_ctrl
Installing yahboom_keyboard script to /home/jetson/yahboomcar_ros2_ws_new/yahboomcar_ws/install/yahboomcar_ctrl/lib/yahboomcar_ctrl

Installed /home/jetson/yahboomcar_ros2_ws_new/yahboomcar_ws/build/yahboomcar_ctrl
running symlink_data
creating /home/jetson/yahboomcar_ros2_ws_new/yahboomcar_ws/install/yahboomcar_ctrl/share/ament_index/resource_index/packages
symbolically linking /home/jetson/yahboomcar_ros2_ws_new/yahboomcar_ws/build/yahboomcar_ctrl/resource/yahboomcar_ctrl -> /home/jetson/yahboomcar_ros2_ws_new/yahboomcar_ws/install/yahboomcar_ctrl/share/ament_index/resource_index/packages
symbolically linking /home/jetson/yahboomcar_ros2_ws_new/yahboomcar_ws/build/yahboomcar_ctrl/package.xml -> /home/jetson/yahboomcar_ros2_ws_new/yahboomcar_ws/install/yahboomcar_ctrl/share/yahboomcar_ctrl
creating /home/jetson/yahboomcar_ros2_ws_new/yahboomcar_ws/install/yahboomcar_ctrl/share/yahboomcar_ctrl/launch
symbolically linking /home/jetson/yahboomcar_ros2_ws_new/yahboomcar_ws/build/yahboomcar_ctrl/launch/yahboomcar_joy_launch.py -> /home/jetson/yahboomcar_ros2_ws_new/yahboomcar_ws/install/yahboomcar_ctrl/share/yahboomcar_ctrl/launch
