[3.888s] Invoking command in '/home/jetson/yahboomcar_ros2_ws_new/yahboomcar_ws/build/yahboomcar_ctrl': PYTHONPATH=/home/jetson/yahboomcar_ros2_ws_new/yahboomcar_ws/build/yahboomcar_ctrl/prefix_override:/usr/lib/python3/dist-packages/colcon_core/task/python/colcon_distutils_commands:/home/jetson/yahboomcar_ros2_ws_new/yahboomcar_ws/install/yahboomcar_ctrl/lib/python3.10/site-packages:${PYTHONPATH} /usr/bin/python3 -W ignore:setup.py install is deprecated -W ignore:easy_install command is deprecated setup.py develop --editable --build-directory /home/jetson/yahboomcar_ros2_ws_new/yahboomcar_ws/build/yahboomcar_ctrl/build --no-deps symlink_data
[5.234s] running develop
[6.194s] running egg_info
[6.367s] creating yahboomcar_ctrl.egg-info
[6.369s] writing yahboomcar_ctrl.egg-info/PKG-INFO
[6.371s] writing dependency_links to yahboomcar_ctrl.egg-info/dependency_links.txt
[6.373s] writing entry points to yahboomcar_ctrl.egg-info/entry_points.txt
[6.374s] writing requirements to yahboomcar_ctrl.egg-info/requires.txt
[6.375s] writing top-level names to yahboomcar_ctrl.egg-info/top_level.txt
[6.376s] writing manifest file 'yahboomcar_ctrl.egg-info/SOURCES.txt'
[6.645s] reading manifest file 'yahboomcar_ctrl.egg-info/SOURCES.txt'
[6.645s] writing manifest file 'yahboomcar_ctrl.egg-info/SOURCES.txt'
[6.820s] running build_ext
[6.821s] Creating /home/jetson/yahboomcar_ros2_ws_new/yahboomcar_ws/install/yahboomcar_ctrl/lib/python3.10/site-packages/yahboomcar-ctrl.egg-link (link to .)
[6.823s] Installing yahboom_joy_R2 script to /home/jetson/yahboomcar_ros2_ws_new/yahboomcar_ws/install/yahboomcar_ctrl/lib/yahboomcar_ctrl
[6.839s] Installing yahboom_joy_X3 script to /home/jetson/yahboomcar_ros2_ws_new/yahboomcar_ws/install/yahboomcar_ctrl/lib/yahboomcar_ctrl
[6.840s] Installing yahboom_keyboard script to /home/jetson/yahboomcar_ros2_ws_new/yahboomcar_ws/install/yahboomcar_ctrl/lib/yahboomcar_ctrl
[6.843s] 
[6.843s] Installed /home/jetson/yahboomcar_ros2_ws_new/yahboomcar_ws/build/yahboomcar_ctrl
[6.843s] running symlink_data
[6.844s] creating /home/jetson/yahboomcar_ros2_ws_new/yahboomcar_ws/install/yahboomcar_ctrl/share/ament_index/resource_index/packages
[6.847s] symbolically linking /home/jetson/yahboomcar_ros2_ws_new/yahboomcar_ws/build/yahboomcar_ctrl/resource/yahboomcar_ctrl -> /home/jetson/yahboomcar_ros2_ws_new/yahboomcar_ws/install/yahboomcar_ctrl/share/ament_index/resource_index/packages
[6.851s] symbolically linking /home/jetson/yahboomcar_ros2_ws_new/yahboomcar_ws/build/yahboomcar_ctrl/package.xml -> /home/jetson/yahboomcar_ros2_ws_new/yahboomcar_ws/install/yahboomcar_ctrl/share/yahboomcar_ctrl
[6.853s] creating /home/jetson/yahboomcar_ros2_ws_new/yahboomcar_ws/install/yahboomcar_ctrl/share/yahboomcar_ctrl/launch
[6.854s] symbolically linking /home/jetson/yahboomcar_ros2_ws_new/yahboomcar_ws/build/yahboomcar_ctrl/launch/yahboomcar_joy_launch.py -> /home/jetson/yahboomcar_ros2_ws_new/yahboomcar_ws/install/yahboomcar_ctrl/share/yahboomcar_ctrl/launch
[7.134s] Invoked command in '/home/jetson/yahboomcar_ros2_ws_new/yahboomcar_ws/build/yahboomcar_ctrl' returned '0': PYTHONPATH=/home/jetson/yahboomcar_ros2_ws_new/yahboomcar_ws/build/yahboomcar_ctrl/prefix_override:/usr/lib/python3/dist-packages/colcon_core/task/python/colcon_distutils_commands:/home/jetson/yahboomcar_ros2_ws_new/yahboomcar_ws/install/yahboomcar_ctrl/lib/python3.10/site-packages:${PYTHONPATH} /usr/bin/python3 -W ignore:setup.py install is deprecated -W ignore:easy_install command is deprecated setup.py develop --editable --build-directory /home/jetson/yahboomcar_ros2_ws_new/yahboomcar_ws/build/yahboomcar_ctrl/build --no-deps symlink_data
