-- The C compiler identification is GNU 11.4.0
-- The CXX compiler identification is GNU 11.4.0
-- Detecting C compiler ABI info
-- Detecting C compiler ABI info - done
-- Check for working C compiler: /usr/bin/cc - skipped
-- Detecting C compile features
-- Detecting C compile features - done
-- Detecting CXX compiler ABI info
-- Detecting CXX compiler ABI info - done
-- Check for working CXX compiler: /usr/bin/c++ - skipped
-- Detecting CXX compile features
-- Detecting CXX compile features - done
-- Found ament_cmake: 1.3.11 (/opt/ros/humble/share/ament_cmake/cmake)
-- Found Python3: /usr/bin/python3 (found version "3.10.12") found components: Interpreter 
-- Override CMake install command with custom implementation using symlinks instead of copying resources
-- Configuring done
-- Generating done
-- Build files have been written to: /home/jetson/yahboomcar_ros2_ws_new/yahboomcar_ws/build/x3plus_moveit_config
-- Install configuration: ""
-- Execute custom install script
-- Symlinking: /home/jetson/yahboomcar_ros2_ws_new/yahboomcar_ws/install/x3plus_moveit_config/share/x3plus_moveit_config/config/joint_limits.yaml
-- Symlinking: /home/jetson/yahboomcar_ros2_ws_new/yahboomcar_ws/install/x3plus_moveit_config/share/x3plus_moveit_config/config/kinematics.yaml
-- Symlinking: /home/jetson/yahboomcar_ros2_ws_new/yahboomcar_ws/install/x3plus_moveit_config/share/x3plus_moveit_config/config/moveit.rviz
-- Symlinking: /home/jetson/yahboomcar_ros2_ws_new/yahboomcar_ws/install/x3plus_moveit_config/share/x3plus_moveit_config/config/moveit_controllers.yaml
-- Symlinking: /home/jetson/yahboomcar_ros2_ws_new/yahboomcar_ws/install/x3plus_moveit_config/share/x3plus_moveit_config/config/ompl_planning.yaml
-- Symlinking: /home/jetson/yahboomcar_ros2_ws_new/yahboomcar_ws/install/x3plus_moveit_config/share/x3plus_moveit_config/config/ros2_controllers.yaml
-- Symlinking: /home/jetson/yahboomcar_ros2_ws_new/yahboomcar_ws/install/x3plus_moveit_config/share/x3plus_moveit_config/config/yahboomcar_X3plus.srdf
-- Symlinking: /home/jetson/yahboomcar_ros2_ws_new/yahboomcar_ws/install/x3plus_moveit_config/share/x3plus_moveit_config/launch/demo.launch.py
-- Symlinking: /home/jetson/yahboomcar_ros2_ws_new/yahboomcar_ws/install/x3plus_moveit_config/share/x3plus_moveit_config/launch/move_group.launch.py
-- Symlinking: /home/jetson/yahboomcar_ros2_ws_new/yahboomcar_ws/install/x3plus_moveit_config/share/ament_index/resource_index/package_run_dependencies/x3plus_moveit_config
-- Symlinking: /home/jetson/yahboomcar_ros2_ws_new/yahboomcar_ws/install/x3plus_moveit_config/share/ament_index/resource_index/parent_prefix_path/x3plus_moveit_config
-- Symlinking: /home/jetson/yahboomcar_ros2_ws_new/yahboomcar_ws/install/x3plus_moveit_config/share/x3plus_moveit_config/environment/ament_prefix_path.sh
-- Symlinking: /home/jetson/yahboomcar_ros2_ws_new/yahboomcar_ws/install/x3plus_moveit_config/share/x3plus_moveit_config/environment/ament_prefix_path.dsv
-- Symlinking: /home/jetson/yahboomcar_ros2_ws_new/yahboomcar_ws/install/x3plus_moveit_config/share/x3plus_moveit_config/environment/path.sh
-- Symlinking: /home/jetson/yahboomcar_ros2_ws_new/yahboomcar_ws/install/x3plus_moveit_config/share/x3plus_moveit_config/environment/path.dsv
-- Symlinking: /home/jetson/yahboomcar_ros2_ws_new/yahboomcar_ws/install/x3plus_moveit_config/share/x3plus_moveit_config/local_setup.bash
-- Symlinking: /home/jetson/yahboomcar_ros2_ws_new/yahboomcar_ws/install/x3plus_moveit_config/share/x3plus_moveit_config/local_setup.sh
-- Symlinking: /home/jetson/yahboomcar_ros2_ws_new/yahboomcar_ws/install/x3plus_moveit_config/share/x3plus_moveit_config/local_setup.zsh
-- Symlinking: /home/jetson/yahboomcar_ros2_ws_new/yahboomcar_ws/install/x3plus_moveit_config/share/x3plus_moveit_config/local_setup.dsv
-- Symlinking: /home/jetson/yahboomcar_ros2_ws_new/yahboomcar_ws/install/x3plus_moveit_config/share/x3plus_moveit_config/package.dsv
-- Symlinking: /home/jetson/yahboomcar_ros2_ws_new/yahboomcar_ws/install/x3plus_moveit_config/share/ament_index/resource_index/packages/x3plus_moveit_config
-- Symlinking: /home/jetson/yahboomcar_ros2_ws_new/yahboomcar_ws/install/x3plus_moveit_config/share/x3plus_moveit_config/cmake/x3plus_moveit_configConfig.cmake
-- Symlinking: /home/jetson/yahboomcar_ros2_ws_new/yahboomcar_ws/install/x3plus_moveit_config/share/x3plus_moveit_config/cmake/x3plus_moveit_configConfig-version.cmake
-- Symlinking: /home/jetson/yahboomcar_ros2_ws_new/yahboomcar_ws/install/x3plus_moveit_config/share/x3plus_moveit_config/package.xml
