[4.921s] Invoking command in '/home/jetson/yahboomcar_ros2_ws_new/yahboomcar_ws/build/yahboomcar_description_x1': PYTHONPATH=/home/jetson/yahboomcar_ros2_ws_new/yahboomcar_ws/build/yahboomcar_description_x1/prefix_override:/usr/lib/python3/dist-packages/colcon_core/task/python/colcon_distutils_commands:/home/jetson/yahboomcar_ros2_ws_new/yahboomcar_ws/install/yahboomcar_description_x1/lib/python3.10/site-packages:${PYTHONPATH} /usr/bin/python3 -W ignore:setup.py install is deprecated -W ignore:easy_install command is deprecated setup.py develop --editable --build-directory /home/jetson/yahboomcar_ros2_ws_new/yahboomcar_ws/build/yahboomcar_description_x1/build --no-deps symlink_data
[7.290s] running develop
[8.670s] running egg_info
[8.751s] creating yahboomcar_description_x1.egg-info
[8.753s] writing yahboomcar_description_x1.egg-info/PKG-INFO
[8.757s] writing dependency_links to yahboomcar_description_x1.egg-info/dependency_links.txt
[8.759s] writing requirements to yahboomcar_description_x1.egg-info/requires.txt
[8.760s] writing top-level names to yahboomcar_description_x1.egg-info/top_level.txt
[8.761s] writing manifest file 'yahboomcar_description_x1.egg-info/SOURCES.txt'
[8.940s] reading manifest file 'yahboomcar_description_x1.egg-info/SOURCES.txt'
[8.945s] writing manifest file 'yahboomcar_description_x1.egg-info/SOURCES.txt'
[9.097s] running build_ext
[9.100s] Creating /home/jetson/yahboomcar_ros2_ws_new/yahboomcar_ws/install/yahboomcar_description_x1/lib/python3.10/site-packages/yahboomcar-description-x1.egg-link (link to .)
[9.106s] 
[9.106s] Installed /home/jetson/yahboomcar_ros2_ws_new/yahboomcar_ws/build/yahboomcar_description_x1
[9.107s] running symlink_data
[9.115s] creating /home/jetson/yahboomcar_ros2_ws_new/yahboomcar_ws/install/yahboomcar_description_x1/share/ament_index/resource_index/packages
[9.120s] symbolically linking /home/jetson/yahboomcar_ros2_ws_new/yahboomcar_ws/build/yahboomcar_description_x1/resource/yahboomcar_description_x1 -> /home/jetson/yahboomcar_ros2_ws_new/yahboomcar_ws/install/yahboomcar_description_x1/share/ament_index/resource_index/packages
[9.123s] symbolically linking /home/jetson/yahboomcar_ros2_ws_new/yahboomcar_ws/build/yahboomcar_description_x1/package.xml -> /home/jetson/yahboomcar_ros2_ws_new/yahboomcar_ws/install/yahboomcar_description_x1/share/yahboomcar_description_x1
[9.126s] creating /home/jetson/yahboomcar_ros2_ws_new/yahboomcar_ws/install/yahboomcar_description_x1/share/yahboomcar_description_x1/launch
[9.128s] symbolically linking /home/jetson/yahboomcar_ros2_ws_new/yahboomcar_ws/build/yahboomcar_description_x1/launch/display.launch.py -> /home/jetson/yahboomcar_ros2_ws_new/yahboomcar_ws/install/yahboomcar_description_x1/share/yahboomcar_description_x1/launch
[9.130s] creating /home/jetson/yahboomcar_ros2_ws_new/yahboomcar_ws/install/yahboomcar_description_x1/share/yahboomcar_description_x1/urdf
[9.139s] symbolically linking /home/jetson/yahboomcar_ros2_ws_new/yahboomcar_ws/build/yahboomcar_description_x1/urdf/yahboomcar_X1.urdf.xacro -> /home/jetson/yahboomcar_ros2_ws_new/yahboomcar_ws/install/yahboomcar_description_x1/share/yahboomcar_description_x1/urdf
[9.142s] symbolically linking /home/jetson/yahboomcar_ros2_ws_new/yahboomcar_ws/build/yahboomcar_description_x1/urdf/yahboomcar_X3.urdf -> /home/jetson/yahboomcar_ros2_ws_new/yahboomcar_ws/install/yahboomcar_description_x1/share/yahboomcar_description_x1/urdf
[9.144s] symbolically linking /home/jetson/yahboomcar_ros2_ws_new/yahboomcar_ws/build/yahboomcar_description_x1/urdf/yahboomcar_X1.urdf -> /home/jetson/yahboomcar_ros2_ws_new/yahboomcar_ws/install/yahboomcar_description_x1/share/yahboomcar_description_x1/urdf
[9.147s] symbolically linking /home/jetson/yahboomcar_ros2_ws_new/yahboomcar_ws/build/yahboomcar_description_x1/urdf/yahboomcar_X3.urdf.xacro -> /home/jetson/yahboomcar_ros2_ws_new/yahboomcar_ws/install/yahboomcar_description_x1/share/yahboomcar_description_x1/urdf
[9.149s] creating /home/jetson/yahboomcar_ros2_ws_new/yahboomcar_ws/install/yahboomcar_description_x1/share/yahboomcar_description_x1/meshes/mecanum
[9.152s] symbolically linking /home/jetson/yahboomcar_ros2_ws_new/yahboomcar_ws/build/yahboomcar_description_x1/meshes/mecanum/base_link.STL -> /home/jetson/yahboomcar_ros2_ws_new/yahboomcar_ws/install/yahboomcar_description_x1/share/yahboomcar_description_x1/meshes/mecanum
[9.154s] symbolically linking /home/jetson/yahboomcar_ros2_ws_new/yahboomcar_ws/build/yahboomcar_description_x1/meshes/mecanum/back_right_wheel.STL -> /home/jetson/yahboomcar_ros2_ws_new/yahboomcar_ws/install/yahboomcar_description_x1/share/yahboomcar_description_x1/meshes/mecanum
[9.156s] symbolically linking /home/jetson/yahboomcar_ros2_ws_new/yahboomcar_ws/build/yahboomcar_description_x1/meshes/mecanum/front_right_wheel.STL -> /home/jetson/yahboomcar_ros2_ws_new/yahboomcar_ws/install/yahboomcar_description_x1/share/yahboomcar_description_x1/meshes/mecanum
[9.159s] symbolically linking /home/jetson/yahboomcar_ros2_ws_new/yahboomcar_ws/build/yahboomcar_description_x1/meshes/mecanum/front_left_wheel.STL -> /home/jetson/yahboomcar_ros2_ws_new/yahboomcar_ws/install/yahboomcar_description_x1/share/yahboomcar_description_x1/meshes/mecanum
[9.164s] symbolically linking /home/jetson/yahboomcar_ros2_ws_new/yahboomcar_ws/build/yahboomcar_description_x1/meshes/mecanum/back_left_wheel.STL -> /home/jetson/yahboomcar_ros2_ws_new/yahboomcar_ws/install/yahboomcar_description_x1/share/yahboomcar_description_x1/meshes/mecanum
[9.166s] creating /home/jetson/yahboomcar_ros2_ws_new/yahboomcar_ws/install/yahboomcar_description_x1/share/yahboomcar_description_x1/meshes/sensor
[9.171s] symbolically linking /home/jetson/yahboomcar_ros2_ws_new/yahboomcar_ws/build/yahboomcar_description_x1/meshes/sensor/laser_link.STL -> /home/jetson/yahboomcar_ros2_ws_new/yahboomcar_ws/install/yahboomcar_description_x1/share/yahboomcar_description_x1/meshes/sensor
[9.174s] symbolically linking /home/jetson/yahboomcar_ros2_ws_new/yahboomcar_ws/build/yahboomcar_description_x1/meshes/sensor/camera_link.STL -> /home/jetson/yahboomcar_ros2_ws_new/yahboomcar_ws/install/yahboomcar_description_x1/share/yahboomcar_description_x1/meshes/sensor
[9.176s] creating /home/jetson/yahboomcar_ros2_ws_new/yahboomcar_ws/install/yahboomcar_description_x1/share/yahboomcar_description_x1/rviz
[9.184s] symbolically linking /home/jetson/yahboomcar_ros2_ws_new/yahboomcar_ws/build/yahboomcar_description_x1/rviz/yahboomcar.rviz -> /home/jetson/yahboomcar_ros2_ws_new/yahboomcar_ws/install/yahboomcar_description_x1/share/yahboomcar_description_x1/rviz
[9.429s] Invoked command in '/home/jetson/yahboomcar_ros2_ws_new/yahboomcar_ws/build/yahboomcar_description_x1' returned '0': PYTHONPATH=/home/jetson/yahboomcar_ros2_ws_new/yahboomcar_ws/build/yahboomcar_description_x1/prefix_override:/usr/lib/python3/dist-packages/colcon_core/task/python/colcon_distutils_commands:/home/jetson/yahboomcar_ros2_ws_new/yahboomcar_ws/install/yahboomcar_description_x1/lib/python3.10/site-packages:${PYTHONPATH} /usr/bin/python3 -W ignore:setup.py install is deprecated -W ignore:easy_install command is deprecated setup.py develop --editable --build-directory /home/jetson/yahboomcar_ros2_ws_new/yahboomcar_ws/build/yahboomcar_description_x1/build --no-deps symlink_data
