[2.913s] Invoking command in '/home/jetson/yahboomcar_ros2_ws_new/yahboomcar_ws/build/yahboomcar_ctrl': PYTHONPATH=/home/jetson/yahboomcar_ros2_ws_new/yahboomcar_ws/build/yahboomcar_ctrl/prefix_override:/usr/lib/python3/dist-packages/colcon_core/task/python/colcon_distutils_commands:/home/jetson/yahboomcar_ros2_ws_new/yahboomcar_ws/install/yahboomcar_ctrl/lib/python3.10/site-packages:${PYTHONPATH} /usr/bin/python3 -W ignore:setup.py install is deprecated -W ignore:easy_install command is deprecated setup.py develop --editable --build-directory /home/jetson/yahboomcar_ros2_ws_new/yahboomcar_ws/build/yahboomcar_ctrl/build --no-deps symlink_data
[3.937s] running develop
[4.677s] running egg_info
[4.730s] writing yahboomcar_ctrl.egg-info/PKG-INFO
[4.732s] writing dependency_links to yahboomcar_ctrl.egg-info/dependency_links.txt
[4.732s] writing entry points to yahboomcar_ctrl.egg-info/entry_points.txt
[4.733s] writing requirements to yahboomcar_ctrl.egg-info/requires.txt
[4.733s] writing top-level names to yahboomcar_ctrl.egg-info/top_level.txt
[4.841s] reading manifest file 'yahboomcar_ctrl.egg-info/SOURCES.txt'
[4.844s] writing manifest file 'yahboomcar_ctrl.egg-info/SOURCES.txt'
[4.905s] running build_ext
[4.905s] Creating /home/jetson/yahboomcar_ros2_ws_new/yahboomcar_ws/install/yahboomcar_ctrl/lib/python3.10/site-packages/yahboomcar-ctrl.egg-link (link to .)
[4.907s] Installing yahboom_joy_R2 script to /home/jetson/yahboomcar_ros2_ws_new/yahboomcar_ws/install/yahboomcar_ctrl/lib/yahboomcar_ctrl
[4.907s] Installing yahboom_joy_X3 script to /home/jetson/yahboomcar_ros2_ws_new/yahboomcar_ws/install/yahboomcar_ctrl/lib/yahboomcar_ctrl
[4.908s] Installing yahboom_joy_X3plus script to /home/jetson/yahboomcar_ros2_ws_new/yahboomcar_ws/install/yahboomcar_ctrl/lib/yahboomcar_ctrl
[4.908s] Installing yahboom_keyboard script to /home/jetson/yahboomcar_ros2_ws_new/yahboomcar_ws/install/yahboomcar_ctrl/lib/yahboomcar_ctrl
[4.909s] 
[4.909s] Installed /home/jetson/yahboomcar_ros2_ws_new/yahboomcar_ws/build/yahboomcar_ctrl
[4.909s] running symlink_data
[5.031s] Invoked command in '/home/jetson/yahboomcar_ros2_ws_new/yahboomcar_ws/build/yahboomcar_ctrl' returned '0': PYTHONPATH=/home/jetson/yahboomcar_ros2_ws_new/yahboomcar_ws/build/yahboomcar_ctrl/prefix_override:/usr/lib/python3/dist-packages/colcon_core/task/python/colcon_distutils_commands:/home/jetson/yahboomcar_ros2_ws_new/yahboomcar_ws/install/yahboomcar_ctrl/lib/python3.10/site-packages:${PYTHONPATH} /usr/bin/python3 -W ignore:setup.py install is deprecated -W ignore:easy_install command is deprecated setup.py develop --editable --build-directory /home/jetson/yahboomcar_ros2_ws_new/yahboomcar_ws/build/yahboomcar_ctrl/build --no-deps symlink_data
