[3.065s] Invoking command in '/home/jetson/yahboomcar_ros2_ws_new/yahboomcar_ws/build/yahboom_app_save_map': PYTHONPATH=/home/jetson/yahboomcar_ros2_ws_new/yahboomcar_ws/build/yahboom_app_save_map/prefix_override:/usr/lib/python3/dist-packages/colcon_core/task/python/colcon_distutils_commands:/home/jetson/yahboomcar_ros2_ws_new/yahboomcar_ws/install/yahboom_app_save_map/lib/python3.10/site-packages:${PYTHONPATH} /usr/bin/python3 -W ignore:setup.py install is deprecated -W ignore:easy_install command is deprecated setup.py develop --editable --build-directory /home/jetson/yahboomcar_ros2_ws_new/yahboomcar_ws/build/yahboom_app_save_map/build --no-deps symlink_data
[4.019s] running develop
[4.683s] running egg_info
[4.763s] creating yahboom_app_save_map.egg-info
[4.764s] writing yahboom_app_save_map.egg-info/PKG-INFO
[4.765s] writing dependency_links to yahboom_app_save_map.egg-info/dependency_links.txt
[4.766s] writing entry points to yahboom_app_save_map.egg-info/entry_points.txt
[4.766s] writing requirements to yahboom_app_save_map.egg-info/requires.txt
[4.766s] writing top-level names to yahboom_app_save_map.egg-info/top_level.txt
[4.767s] writing manifest file 'yahboom_app_save_map.egg-info/SOURCES.txt'
[4.876s] reading manifest file 'yahboom_app_save_map.egg-info/SOURCES.txt'
[4.878s] writing manifest file 'yahboom_app_save_map.egg-info/SOURCES.txt'
[4.935s] running build_ext
[4.935s] Creating /home/jetson/yahboomcar_ros2_ws_new/yahboomcar_ws/install/yahboom_app_save_map/lib/python3.10/site-packages/yahboom-app-save-map.egg-link (link to .)
[4.937s] Installing client script to /home/jetson/yahboomcar_ros2_ws_new/yahboomcar_ws/install/yahboom_app_save_map/lib/yahboom_app_save_map
[4.937s] Installing server script to /home/jetson/yahboomcar_ros2_ws_new/yahboomcar_ws/install/yahboom_app_save_map/lib/yahboom_app_save_map
[4.938s] 
[4.938s] Installed /home/jetson/yahboomcar_ros2_ws_new/yahboomcar_ws/build/yahboom_app_save_map
[4.938s] running symlink_data
[4.938s] creating /home/jetson/yahboomcar_ros2_ws_new/yahboomcar_ws/install/yahboom_app_save_map/share/ament_index/resource_index/packages
[4.939s] symbolically linking /home/jetson/yahboomcar_ros2_ws_new/yahboomcar_ws/build/yahboom_app_save_map/resource/yahboom_app_save_map -> /home/jetson/yahboomcar_ros2_ws_new/yahboomcar_ws/install/yahboom_app_save_map/share/ament_index/resource_index/packages
[4.939s] symbolically linking /home/jetson/yahboomcar_ros2_ws_new/yahboomcar_ws/build/yahboom_app_save_map/package.xml -> /home/jetson/yahboomcar_ros2_ws_new/yahboomcar_ws/install/yahboom_app_save_map/share/yahboom_app_save_map
[4.940s] symbolically linking /home/jetson/yahboomcar_ros2_ws_new/yahboomcar_ws/build/yahboom_app_save_map/launch/yahboom_app_save_map.launch.py -> /home/jetson/yahboomcar_ros2_ws_new/yahboomcar_ws/install/yahboom_app_save_map/share/yahboom_app_save_map
[5.079s] Invoked command in '/home/jetson/yahboomcar_ros2_ws_new/yahboomcar_ws/build/yahboom_app_save_map' returned '0': PYTHONPATH=/home/jetson/yahboomcar_ros2_ws_new/yahboomcar_ws/build/yahboom_app_save_map/prefix_override:/usr/lib/python3/dist-packages/colcon_core/task/python/colcon_distutils_commands:/home/jetson/yahboomcar_ros2_ws_new/yahboomcar_ws/install/yahboom_app_save_map/lib/python3.10/site-packages:${PYTHONPATH} /usr/bin/python3 -W ignore:setup.py install is deprecated -W ignore:easy_install command is deprecated setup.py develop --editable --build-directory /home/jetson/yahboomcar_ros2_ws_new/yahboomcar_ws/build/yahboom_app_save_map/build --no-deps symlink_data
